../trial/lean/.gitignore: OK
../trial/lean/Acceptance.lean: OK
../trial/lean/Checks.lean: OK
../trial/lean/Checks/Examples.lean: OK
../trial/lean/Checks/Predictions.lean: OK
../trial/lean/Checks/Run.lean: OK
../trial/lean/Promises.lean: OK
../trial/lean/Proofs.lean: OK
../trial/lean/Proofs/Arithmetic.lean: OK
../trial/lean/Proofs/BindContract.lean: OK
../trial/lean/Proofs/Bindings.lean: OK
../trial/lean/Proofs/BranchContract.lean: OK
../trial/lean/Proofs/Build.lean: OK
../trial/lean/Proofs/BuildContract.lean: OK
../trial/lean/Proofs/Cleanup.lean: OK
../trial/lean/Proofs/CleanupContract.lean: OK
../trial/lean/Proofs/CleanupViews.lean: OK
../trial/lean/Proofs/Closed.lean: OK
../trial/lean/Proofs/ConsContract.lean: OK
../trial/lean/Proofs/Construction.lean: OK
../trial/lean/Proofs/Disposal.lean: OK
../trial/lean/Proofs/DisposalViews.lean: OK
../trial/lean/Proofs/Environment.lean: OK
../trial/lean/Proofs/ExclusiveSetup.lean: OK
../trial/lean/Proofs/Final.lean: OK
../trial/lean/Proofs/Healthy.lean: OK
../trial/lean/Proofs/Heap.lean: OK
../trial/lean/Proofs/IfContract.lean: OK
../trial/lean/Proofs/Induction.lean: OK
../trial/lean/Proofs/Initial.lean: OK
../trial/lean/Proofs/Initialization.lean: OK
../trial/lean/Proofs/InputCleanup.lean: OK
../trial/lean/Proofs/Inputs.lean: OK
../trial/lean/Proofs/LetContract.lean: OK
../trial/lean/Proofs/LetSetup.lean: OK
../trial/lean/Proofs/LiveBindings.lean: OK
../trial/lean/Proofs/Liveness.lean: OK
../trial/lean/Proofs/Match.lean: OK
../trial/lean/Proofs/MatchBindings.lean: OK
../trial/lean/Proofs/MatchCell.lean: OK
../trial/lean/Proofs/MatchContract.lean: OK
../trial/lean/Proofs/MatchLiveness.lean: OK
../trial/lean/Proofs/MatchNil.lean: OK
../trial/lean/Proofs/MatchSetup.lean: OK
../trial/lean/Proofs/Meanings.lean: OK
../trial/lean/Proofs/Memory.lean: OK
../trial/lean/Proofs/NewBinding.lean: OK
../trial/lean/Proofs/Operations.lean: OK
../trial/lean/Proofs/Ownership.lean: OK
../trial/lean/Proofs/PendingRelease.lean: OK
../trial/lean/Proofs/Plain.lean: OK
../trial/lean/Proofs/Reachability.lean: OK
../trial/lean/Proofs/Release.lean: OK
../trial/lean/Proofs/ReleaseContract.lean: OK
../trial/lean/Proofs/ReleaseFrame.lean: OK
../trial/lean/Proofs/Reserve.lean: OK
../trial/lean/Proofs/ReserveContract.lean: OK
../trial/lean/Proofs/RunContract.lean: OK
../trial/lean/Proofs/SharedContract.lean: OK
../trial/lean/Proofs/SharedSetup.lean: OK
../trial/lean/Proofs/Snapshots.lean: OK
../trial/lean/Proofs/Start.lean: OK
../trial/lean/Proofs/StateSteps.lean: OK
../trial/lean/Proofs/VariableContract.lean: OK
../trial/lean/Proofs/Variables.lean: OK
../trial/lean/Proofs/Views.lean: OK
../trial/lean/Trial.lean: OK
../trial/lean/Trial/Broken.lean: OK
../trial/lean/Trial/Counted.lean: OK
../trial/lean/Trial/Language.lean: OK
../trial/lean/Trial/Memory.lean: OK
../trial/lean/Trial/Plain.lean: OK
../trial/lean/lake-manifest.json: OK
../trial/lean/lakefile.toml: OK
../trial/lean/lean-toolchain: OK
