✔ [3/61] Built Trial.Language (554ms)
✔ [4/61] Built Trial.Plain (499ms)
✔ [5/61] Built Trial.Memory (1.1s)
✔ [6/61] Built Trial.Counted (2.4s)
✔ [7/61] Built Trial.Broken (520ms)
✔ [8/61] Built Trial (415ms)
✔ [9/61] Built Promises (687ms)
✔ [10/61] Built Full.Language (2.0s)
✔ [11/61] Built Full.Plain (991ms)
✔ [12/61] Built Full.Counted (3.1s)
✔ [13/61] Built Proofs.Plain (4.9s)
✔ [14/61] Built Full.Control (841ms)
✔ [15/61] Built Full.Lifecycle (758ms)
✔ [16/61] Built Proofs.Memory (961ms)
✔ [17/61] Built Full.Inspect (1.1s)
✔ [18/61] Built Proofs.Ownership (843ms)
✔ [19/61] Built Full.Statements (756ms)
✔ [20/61] Built Proofs.Start (1.6s)
✔ [21/61] Built Proofs.Heap (606ms)
✔ [22/61] Built Full.Proofs.Control (4.5s)
✔ [23/61] Built Proofs.Release (1.8s)
✔ [24/61] Built Proofs.Build (1.2s)
✔ [25/61] Built Proofs.Closed (482ms)
✔ [26/61] Built Proofs.Reserve (761ms)
✔ [27/61] Built Proofs.Reachability (600ms)
✔ [28/61] Built Proofs.Initial (1.4s)
✔ [29/61] Built Proofs.Healthy (712ms)
✔ [30/61] Built Proofs.Operations (679ms)
✔ [31/61] Built Full.Proofs.Heap (1.4s)
✔ [32/61] Built Full.Proofs.Free (908ms)
✔ [33/61] Built Proofs.Liveness (1.0s)
✔ [34/61] Built Full.Proofs (11s)
✔ [35/61] Built Proofs.Bindings (778ms)
✔ [36/61] Built Proofs.Variables (2.9s)
✔ [37/61] Built Proofs.Construction (1.9s)
✔ [38/61] Built Proofs.Disposal (990ms)
✔ [39/61] Built Proofs.Snapshots (462ms)
✔ [40/61] Built Proofs.Cleanup (1.1s)
✔ [41/61] Built Proofs.Meanings (492ms)
✔ [42/61] Built Proofs.NewBinding (1.0s)
✔ [43/61] Built Proofs.Views (1.8s)
✔ [44/61] Built Proofs.CleanupViews (1.4s)
✔ [45/61] Built Proofs.DisposalViews (1.0s)
✔ [46/61] Built Proofs.Match (675ms)
✔ [47/61] Built Proofs.LiveBindings (947ms)
✔ [48/61] Built Proofs.Final (561ms)
✔ [49/61] Built Proofs.Inputs (775ms)
✔ [50/61] Built Proofs.Induction (653ms)
✔ [51/61] Built Proofs.Arithmetic (2.0s)
✔ [52/61] Built Proofs.StateSteps (486ms)
✔ [53/61] Built Proofs.Environment (757ms)
✔ [54/61] Built Proofs.Initialization (647ms)
✔ [55/61] Built Full.Proofs.Initial (1.2s)
✔ [56/61] Built Full.Proofs.SimulationInitial (1.3s)
✔ [57/61] Built Full.Proofs.Lifecycle (13s)
✔ [58/61] Built Full.Proofs.Scope (48s)
ℹ [59/61] Built Full.Proofs.PartialGate (333ms)
info: Full/Proofs/PartialGate.lean:20:0: Full.Proofs.f5 : Full.Statements.F5
info: Full/Proofs/PartialGate.lean:21:0: Full.Proofs.l1 : Full.Statements.L1
info: Full/Proofs/PartialGate.lean:22:0: Full.Proofs.Initial.initialized_invariant (p : Full.Program) (initial : Trial.Start) (first : Full.Counted.State)
  (h : Full.Counted.begin p initial = Except.ok first) : Full.Inspect.invariant initial first = true
info: Full/Proofs/PartialGate.lean:23:0: Full.Proofs.transition_scope (p : Full.Program) (s : Full.Counted.State) (change : Full.Counted.Change)
  (h : Full.Counted.transition p s = Except.ok change) : Full.Inspect.nextScope p s = Except.ok change.state.entered
info: Full/Proofs/PartialGate.lean:24:0: Full.Proofs.lifecycleReachable_outside (p : Full.Program) (initial : Trial.Start) (s : Full.Lifecycle.State)
  (h : Full.Statements.lifecycleReachable p initial s) : s.execution.outside = initial.outside
info: Full/Proofs/PartialGate.lean:25:0: Full.Proofs.destroy_idempotent (s : Full.Lifecycle.State) :
  Full.Lifecycle.destroy (Full.Lifecycle.destroy s) = Full.Lifecycle.destroy s
info: Full/Proofs/PartialGate.lean:26:0: Full.Proofs.destroy_preserves_observations (s : Full.Lifecycle.State) :
  (Full.Lifecycle.destroy s).execution.events = s.execution.events ∧
    (Full.Lifecycle.destroy s).execution.history = s.execution.history ∧
      (Full.Lifecycle.destroy s).execution.mem.record = s.execution.mem.record ∧
        (Full.Lifecycle.destroy s).execution.outside = s.execution.outside
info: Full/Proofs/PartialGate.lean:27:0: Full.Proofs.lifecycleReachable_clears_control (p : Full.Program) (initial : Trial.Start) (s : Full.Lifecycle.State)
  (h : Full.Statements.lifecycleReachable p initial s) :
  (Full.Lifecycle.destroy s).execution.bindings = [] ∧
    (Full.Lifecycle.destroy s).execution.entered = [] ∧
      (Full.Lifecycle.destroy s).execution.slots = [] ∧
        (Full.Lifecycle.destroy s).execution.reservations = [] ∧
          (Full.Lifecycle.destroy s).execution.frames = [] ∧
            (Full.Lifecycle.destroy s).execution.tasks = [] ∧
              (Full.Lifecycle.destroy s).execution.releaseChain = [] ∧
                (Full.Lifecycle.destroy s).execution.answer = none
info: Full/Proofs/PartialGate.lean:28:0: Full.Proofs.lifecycleReachable_cleanup_membership (p : Full.Program) (initial : Trial.Start) (s : Full.Lifecycle.State)
  (h : Full.Statements.lifecycleReachable p initial s) (addr : Nat) :
  addr ∈ (Full.Lifecycle.destroy s).cleanup ↔
    (∃ c, c ∈ s.execution.mem.cells ∧ c.addr = addr) ∧
      ¬∃ c, c ∈ (Full.Lifecycle.destroy s).execution.mem.cells ∧ c.addr = addr
info: Full/Proofs/PartialGate.lean:29:0: 'Full.Proofs.f5' depends on axioms: [propext, Classical.choice, Quot.sound]
info: Full/Proofs/PartialGate.lean:30:0: 'Full.Proofs.l1' depends on axioms: [propext, Quot.sound]
info: Full/Proofs/PartialGate.lean:31:0: 'Full.Proofs.Initial.initialized_invariant' depends on axioms: [propext, Classical.choice, Quot.sound]
info: Full/Proofs/PartialGate.lean:32:0: 'Full.Proofs.transition_scope' depends on axioms: [propext, Classical.choice, Quot.sound]
info: Full/Proofs/PartialGate.lean:33:0: 'Full.Proofs.lifecycleReachable_outside' depends on axioms: [propext, Quot.sound]
info: Full/Proofs/PartialGate.lean:34:0: 'Full.Proofs.destroy_idempotent' depends on axioms: [propext, Quot.sound]
info: Full/Proofs/PartialGate.lean:35:0: 'Full.Proofs.destroy_preserves_observations' depends on axioms: [propext, Quot.sound]
info: Full/Proofs/PartialGate.lean:36:0: 'Full.Proofs.lifecycleReachable_clears_control' depends on axioms: [propext, Quot.sound]
info: Full/Proofs/PartialGate.lean:37:0: 'Full.Proofs.lifecycleReachable_cleanup_membership' depends on axioms: [propext, Quot.sound]
✔ [60/61] Built Full.Proofs.Effects (95s)
ℹ [61/61] Built Full.Proofs.ProgressGate (317ms)
info: Full/Proofs/ProgressGate.lean:15:0: Full.Proofs.invariant_heap (initial : Trial.Start) (s : Full.Counted.State)
  (h : Full.Inspect.invariant initial s = true) :
  Trial.Proofs.HeapSafe s.mem (Full.Proofs.executionRoots s) ∧
    Trial.Proofs.LivePaths s.mem ∧ Trial.Proofs.FreshBound s.mem
info: Full/Proofs/ProgressGate.lean:16:0: Full.Proofs.free_from_invariant (p : Full.Program) (initial : Trial.Start) (s : Full.Counted.State) (a : Trial.Addr)
  (c : Trial.Cell) (rest : List Full.Counted.Task) (hi : Full.Inspect.invariant initial s = true)
  (ht : s.tasks = Full.Counted.Task.free a :: rest) (hf : s.mem.find? a = some c) (hl : c.status = Trial.Status.live)
  (hz : c.count = 0) :
  ∃ change,
    Full.Counted.transition p s = Except.ok change ∧
      ∀ (t : Full.Counted.State),
        t = change.state ∨ t = Full.Counted.commit change →
          Trial.Proofs.HeapSafe t.mem (Full.Proofs.executionRoots t) ∧
            Trial.Proofs.LivePaths t.mem ∧
              Trial.Proofs.FreshBound t.mem ∧
                (∀ (r : Option Trial.Addr),
                    r ∈ Full.Proofs.executionRoots s →
                      Trial.readBack t.mem (Trial.RawValue.list r) = Trial.readBack s.mem (Trial.RawValue.list r)) ∧
                  Full.Control.decode t = Full.Control.decode s ∧ Full.Control.rank t < Full.Control.rank s
info: Full/Proofs/ProgressGate.lean:17:0: Full.Proofs.transition_effects (p : Full.Program) (s : Full.Counted.State) (change : Full.Counted.Change)
  (ha : s.answer = none) (h : Full.Counted.transition p s = Except.ok change) :
  ∃ effects,
    Full.Inspect.effects s = Except.ok effects ∧
      change.state.events = s.events ++ effects ∧
        change.state.mem.record = s.mem.record ++ Full.Inspect.cellEffects effects
info: Full/Proofs/ProgressGate.lean:18:0: Full.Proofs.SimulationInitial.initial_simulation (p : Full.Program) (initial : Trial.Start) (first : Full.Counted.State)
  (h : Full.Counted.begin p initial = Except.ok first) :
  ∃ plain, Full.Statements.plainBegin p initial = Except.ok plain ∧ Full.Control.decode first = Except.ok plain
info: Full/Proofs/ProgressGate.lean:20:0: 'Full.Proofs.control_env_bindings' depends on axioms: [propext, Quot.sound]
info: Full/Proofs/ProgressGate.lean:21:0: 'Full.Proofs.continuations_bindings' depends on axioms: [propext, Quot.sound]
info: Full/Proofs/ProgressGate.lean:22:0: 'Full.Proofs.focus_bindings' depends on axioms: [propext, Quot.sound]
info: Full/Proofs/ProgressGate.lean:23:0: 'Full.Proofs.callTail_rest_length' depends on axioms: [propext, Quot.sound]
info: Full/Proofs/ProgressGate.lean:24:0: 'Full.Proofs.continuations_fuel' depends on axioms: [propext, Classical.choice, Quot.sound]
info: Full/Proofs/ProgressGate.lean:25:0: 'Full.Proofs.focus_fuel' depends on axioms: [propext, Classical.choice, Quot.sound]
info: Full/Proofs/ProgressGate.lean:26:0: 'Full.Proofs.decode_commit' depends on axioms: [propext, Quot.sound]
info: Full/Proofs/ProgressGate.lean:27:0: 'Full.Proofs.executionRoots_holders' depends on axioms: [propext, Quot.sound]
info: Full/Proofs/ProgressGate.lean:28:0: 'Full.Proofs.invariant_heap' depends on axioms: [propext, Quot.sound]
info: Full/Proofs/ProgressGate.lean:29:0: 'Full.Proofs.invariant_live_edge' depends on axioms: [propext, Quot.sound]
info: Full/Proofs/ProgressGate.lean:30:0: 'Full.Proofs.release_zero' depends on axioms: [propext, Classical.choice, Quot.sound]
info: Full/Proofs/ProgressGate.lean:31:0: 'Full.Proofs.free_transition' depends on axioms: [propext, Quot.sound]
info: Full/Proofs/ProgressGate.lean:32:0: 'Full.Proofs.free_preserves_heap' depends on axioms: [propext, Classical.choice, Quot.sound]
info: Full/Proofs/ProgressGate.lean:33:0: 'Full.Proofs.free_decode' depends on axioms: [propext, Quot.sound]
info: Full/Proofs/ProgressGate.lean:34:0: 'Full.Proofs.free_rank' depends on axioms: [propext, Quot.sound]
info: Full/Proofs/ProgressGate.lean:35:0: 'Full.Proofs.free_from_invariant' depends on axioms: [propext, Classical.choice, Quot.sound]
info: Full/Proofs/ProgressGate.lean:36:0: 'Full.Proofs.SimulationInitial.input_lookup' depends on axioms: [propext, Classical.choice, Quot.sound]
info: Full/Proofs/ProgressGate.lean:37:0: 'Full.Proofs.SimulationInitial.mapM_map_ok' depends on axioms: [propext, Quot.sound]
info: Full/Proofs/ProgressGate.lean:38:0: 'Full.Proofs.SimulationInitial.input_environment' depends on axioms: [propext, Classical.choice, Quot.sound]
info: Full/Proofs/ProgressGate.lean:39:0: 'Full.Proofs.SimulationInitial.focus_giveBinding_prefix' depends on axioms: [propext]
info: Full/Proofs/ProgressGate.lean:40:0: 'Full.Proofs.SimulationInitial.mapM_transfer' depends on axioms: [propext, Quot.sound]
info: Full/Proofs/ProgressGate.lean:41:0: 'Full.Proofs.SimulationInitial.input_values' depends on axioms: [propext, Quot.sound]
info: Full/Proofs/ProgressGate.lean:42:0: 'Full.Proofs.SimulationInitial.dead_is_prefix' depends on axioms: [propext, Quot.sound]
info: Full/Proofs/ProgressGate.lean:43:0: 'Full.Proofs.SimulationInitial.initial_simulation' depends on axioms: [propext, Classical.choice, Quot.sound]
info: Full/Proofs/ProgressGate.lean:44:0: 'Full.Proofs.transition_effects' depends on axioms: [propext, Classical.choice, Quot.sound]
info: Full/Proofs/ProgressGate.lean:45:0: 'Full.Proofs.commit_effects' depends on axioms: [propext, Classical.choice, Quot.sound]
Build completed successfully (61 jobs).
