'Full.Proofs.control_env_bindings' depends on axioms: [propext, Quot.sound]
'Full.Proofs.continuations_bindings' depends on axioms: [propext, Quot.sound]
'Full.Proofs.focus_bindings' depends on axioms: [propext, Quot.sound]
'Full.Proofs.callTail_rest_length' depends on axioms: [propext, Quot.sound]
'Full.Proofs.continuations_fuel' depends on axioms: [propext, Classical.choice, Quot.sound]
'Full.Proofs.focus_fuel' depends on axioms: [propext, Classical.choice, Quot.sound]
'Full.Proofs.decode_commit' depends on axioms: [propext, Quot.sound]
'Full.Proofs.executionRoots_holders' depends on axioms: [propext, Quot.sound]
'Full.Proofs.invariant_heap' depends on axioms: [propext, Quot.sound]
'Full.Proofs.invariant_live_edge' depends on axioms: [propext, Quot.sound]
'Full.Proofs.release_zero' depends on axioms: [propext, Classical.choice, Quot.sound]
'Full.Proofs.free_transition' depends on axioms: [propext, Quot.sound]
'Full.Proofs.free_preserves_heap' depends on axioms: [propext, Classical.choice, Quot.sound]
'Full.Proofs.free_decode' depends on axioms: [propext, Quot.sound]
'Full.Proofs.free_rank' depends on axioms: [propext, Quot.sound]
'Full.Proofs.free_from_invariant' depends on axioms: [propext, Classical.choice, Quot.sound]
'Full.Proofs.SimulationInitial.input_lookup' depends on axioms: [propext, Classical.choice, Quot.sound]
'Full.Proofs.SimulationInitial.mapM_map_ok' depends on axioms: [propext, Quot.sound]
'Full.Proofs.SimulationInitial.input_environment' depends on axioms: [propext, Classical.choice, Quot.sound]
'Full.Proofs.SimulationInitial.focus_giveBinding_prefix' depends on axioms: [propext]
'Full.Proofs.SimulationInitial.mapM_transfer' depends on axioms: [propext, Quot.sound]
'Full.Proofs.SimulationInitial.input_values' depends on axioms: [propext, Quot.sound]
'Full.Proofs.SimulationInitial.dead_is_prefix' depends on axioms: [propext, Quot.sound]
'Full.Proofs.SimulationInitial.initial_simulation' depends on axioms: [propext, Classical.choice, Quot.sound]
'Full.Proofs.transition_effects' depends on axioms: [propext, Classical.choice, Quot.sound]
'Full.Proofs.commit_effects' depends on axioms: [propext, Classical.choice, Quot.sound]
