$ lake env lean -o .lake/build/lib/lean/DemandGate.olean DemandGate.lean
VERIFIER_OTHER Full.Demand.spend.match_1
PUBLIC_THEOREM Full.Demand.RegionExecution.decompose_step
PUBLIC_THEOREM Full.Demand.occurrences_le._proof_1_4
VERIFIER_OTHER Full.Demand.Lower.cons
PUBLIC_THEOREM Full.Demand.RegionWork.before_enter_reservations._proof_1_1
PUBLIC_THEOREM Full.Demand.futureUses_zero._simp_1_2
VERIFIER_OTHER Full.Demand.Framing.Shape.below.bind
PUBLIC_THEOREM Full.Demand.expression._unary._proof_2
PUBLIC_THEOREM Full.Demand.RegionExecution.decompose_step._simp_1_6
PUBLIC_THEOREM Full.Demand.Events.advance_invariant
VERIFIER_OTHER Full.Demand.RegionWork.Clean.below.cons
VERIFIER_OTHER Full.Demand.taskOccurrences
PUBLIC_THEOREM Full.Demand.Scopes.task.eq_10
PUBLIC_THEOREM Full.Demand.Affinity.transition_bound
PUBLIC_THEOREM Full.Demand.Framing.transition._proof_1_23
PUBLIC_THEOREM Full.Demand.Soundness.return_closed._simp_1_4
VERIFIER_OTHER Full.Demand.Tickets.StackCovers.below.casesOn
PUBLIC_THEOREM Full.Demand.Framing.arguments
VERIFIER_OTHER Full.Demand.Tickets.Scope.branch
PUBLIC_THEOREM Full.Demand.taskUses_zero._simp_1_16
PUBLIC_THEOREM Full.Demand.LocalIds.TaskOK.eq_2
PUBLIC_THEOREM Full.Demand.LocalIds.args_prefix._simp_1_1
PUBLIC_THEOREM Full.Demand.RegionExecution.Resources.commit
VERIFIER_OTHER Full.Demand.Scopes.Work
VERIFIER_OTHER Full.Demand.Affinity.Work.below.capture
PUBLIC_THEOREM Full.Demand.Affinity.transition_new_bound._simp_1_10
PUBLIC_THEOREM Full.Demand.Entry.certified
PUBLIC_THEOREM Full.Demand.transition_tail_new_bound._proof_1_10
VERIFIER_OTHER Full.Demand.Affinity.Work.returning
PUBLIC_THEOREM Full.Demand.Scopes.task.eq_4
VERIFIER_OTHER Full.Demand.Tickets.StackCovers.rec
PUBLIC_THEOREM Full.Demand.Events.begin_invariant
PUBLIC_THEOREM Full.Demand.Affinity.transition_certified
PUBLIC_THEOREM Full.Demand.Tickets.consume_lower
PUBLIC_THEOREM Full.Demand.Framing.transition._proof_1_22
PUBLIC_THEOREM Full.Demand.Affinity.transition_new_bound._proof_1_14
VERIFIER_OTHER Full.Demand.Analyzed
PUBLIC_THEOREM Full.Demand.Tickets.Valid.push_scope
PUBLIC_THEOREM Full.Demand.Tickets.consume_of_spend
VERIFIER_OTHER Full.Demand.Region.Heap.mk._flat_ctor
PUBLIC_THEOREM Full.Demand.spend_monotone._proof_1_7
PUBLIC_THEOREM Full.Demand.Scopes.after.eq_2
VERIFIER_OTHER Full.Demand.RegionWork.TaskOK._sparseCasesOn_1
VERIFIER_OTHER Full.Demand.Affinity.Work.branchStart
PUBLIC_THEOREM Full.Demand.Tickets.branch_filter._simp_1_1
PUBLIC_THEOREM Full.Demand.occurrences._unary.eq_def
VERIFIER_OTHER Full.Demand.Tickets.Activation.invocation
PUBLIC_THEOREM Full.Demand.Affinity.reserved_prefix
PUBLIC_THEOREM Full.Demand.transition_old_occurrences._proof_1_28
PUBLIC_THEOREM Full.Demand.RegionExecution.Resources.bindings
VERIFIER_OTHER Full.Demand.Affinity.Work.primitive
PUBLIC_THEOREM Full.Demand.Events.future_zero._proof_1_3
PUBLIC_THEOREM Full.Demand.Framing.Shape.brecOn
VERIFIER_OTHER Full.Demand.Tickets.consume.match_1
VERIFIER_OTHER Full.Demand.CreditWork.Plan.quiet
PUBLIC_THEOREM Full.Demand.Affinity.Work.of_older
PUBLIC_THEOREM Full.Demand.occurrences.eq_5
PUBLIC_THEOREM Full.Demand.Affinity.transition_eval._simp_1_4
PUBLIC_THEOREM Full.Demand.Events.Trace.brecOn
PUBLIC_THEOREM Full.Demand.accepts_certificates
VERIFIER_OTHER Full.Demand.RegionExecution.choice_step.match_4
VERIFIER_OTHER Full.Demand.affine
VERIFIER_OTHER Full.Demand.Affinity.Work.casesOn
VERIFIER_OTHER Full.Demand.CreditWork.Plan.below.branchResult
VERIFIER_OTHER Full.Demand.CreditWork.Plan.below.eval
PUBLIC_THEOREM Full.Demand.taskOccurrences.eq_6
PUBLIC_THEOREM Full.Demand.Affinity.transition_new_bound
VERIFIER_OTHER Full.Demand.Framing.Shape.primitive
VERIFIER_OTHER Full.Demand.Affinity.Work.handoff
PUBLIC_THEOREM Full.Demand.spend_length._simp_1_5
PUBLIC_THEOREM Full.Demand.RegionExecution.choice_step
PUBLIC_THEOREM Full.Demand.expression._sparseCasesOn_1.else_eq
PUBLIC_THEOREM Full.Demand.Scopes.contexts.eq_9
PUBLIC_THEOREM Full.Demand.Affinity.transition_eval
PUBLIC_THEOREM Full.Demand.RegionWork.Clean.head
VERIFIER_OTHER Full.Demand.Affinity.Work.free
VERIFIER_OTHER Full.Demand.Framing.Shape.below.freeReserved
VERIFIER_OTHER Full.Demand.RegionExecution.Resources
VERIFIER_OTHER Full.Demand.Scopes.Work.below.rec
VERIFIER_OTHER Full.Demand.Framing.Shape.below.eval
VERIFIER_OTHER Full.Demand.Affinity.Work.branchResult
VERIFIER_OTHER Full.Demand.Events.Trace.below.enter
VERIFIER_OTHER Full.Demand.Tickets.consume.match_3
VERIFIER_OTHER Full.Demand.CreditWork.Plan.recOn
VERIFIER_OTHER Full.Demand.Framing.Shape.freeReserved
PUBLIC_THEOREM Full.Demand.freeReserved_occurrences
PUBLIC_THEOREM Full.Demand.Events.future_zero
VERIFIER_OTHER Full.Demand.LocalIds.args_prefix.match_1
PUBLIC_THEOREM Full.Demand.Tickets.Valid.push_scope._proof_1_4
VERIFIER_OTHER Full.Demand.expression._unary
PUBLIC_THEOREM Full.Demand.expression.eq_7
VERIFIER_OTHER Full.Demand.Tickets.Budget.noConfusionType
VERIFIER_OTHER Full.Demand.CreditWork.Plan.chooseIf
VERIFIER_OTHER Full.Demand.Events.Extension.create
PUBLIC_THEOREM Full.Demand.LocalIds.transition._simp_1_37
PUBLIC_THEOREM Full.Demand.Events.step_invariant
PUBLIC_THEOREM Full.Demand.occurrences_le._unary
PUBLIC_THEOREM Full.Demand.expression.eq_9
PUBLIC_THEOREM Full.Demand.Affinity.before_entry_certified
VERIFIER_OTHER Full.Demand.Affinity.Work.below.givePending
PUBLIC_THEOREM Full.Demand.Tickets.Valid.replace
PUBLIC_THEOREM Full.Demand.Scopes.task.eq_12
VERIFIER_OTHER Full.Demand.parameter_occurrences.match_1
PUBLIC_THEOREM Full.Demand.spend_lower._simp_1_5
PUBLIC_THEOREM Full.Demand.Scopes.task.eq_5
PUBLIC_THEOREM Full.Demand.sum_map_zero
PUBLIC_THEOREM Full.Demand.Events.tally_active
PUBLIC_THEOREM Full.Demand.Events.Extension.closed._proof_1_3
PUBLIC_THEOREM Full.Demand.CreditExecution.eligible
PUBLIC_THEOREM Full.Demand.Tickets.Valid.push_scope._simp_1_1
PUBLIC_THEOREM Full.Demand.CreditWork.dispatch
VERIFIER_OTHER Full.Demand.Affinity.Work.chooseIf
PUBLIC_THEOREM Full.Demand.expression.eq_5
PUBLIC_THEOREM Full.Demand.RegionExecution.give_binding_step._simp_1_5
VERIFIER_OTHER Full.Demand.CreditWork.Plan.returning
PUBLIC_THEOREM Full.Demand.RegionExecution.binding_status
VERIFIER_OTHER Full.Demand.Tickets.Budget
VERIFIER_OTHER Full.Demand.Framing.Shape.below.capture
VERIFIER_OTHER Full.Demand.RegionWork.Clean.cons
VERIFIER_OTHER Full.Demand.Framing.Shape.below.boundary
PUBLIC_THEOREM Full.Demand.LocalIds.before_entry
PUBLIC_THEOREM Full.Demand.future_cons
VERIFIER_OTHER Full.Demand.Tickets.Budget.rec
PUBLIC_THEOREM Full.Demand.occurrences.eq_8
PUBLIC_THEOREM Full.Demand.LocalIds.parameter_env
VERIFIER_OTHER Full.Demand.Tickets.Budget.mk
PUBLIC_THEOREM Full.Demand.expression_length._unary
VERIFIER_OTHER Full.Demand.Soundness.Invariant.mk._flat_ctor
VERIFIER_OTHER Full.Demand.RegionWork.Clean.below.boundary
PUBLIC_THEOREM Full.Demand.CreditExecution.returning_step
PUBLIC_THEOREM Full.Demand.LocalIds.args_prefix
VERIFIER_OTHER Full.Demand.Tickets.Scope.noConfusionType
PUBLIC_THEOREM Full.Demand.RegionExecution.primitive_step._proof_1_9
PUBLIC_THEOREM Full.Demand.hide_lookup
VERIFIER_OTHER Full.Demand.Framing.Shape.branchStart
PUBLIC_THEOREM Full.Demand.Soundness.Invariant.bound
PUBLIC_THEOREM Full.Demand.Scopes.arguments
PUBLIC_THEOREM Full.Demand.Scopes.task.eq_1
PUBLIC_THEOREM Full.Demand.LocalIds.TaskOK.eq_1
PUBLIC_THEOREM Full.Demand.occurrences._unary._proof_7
PUBLIC_THEOREM Full.Demand.Tickets.Activation.mk.injEq
PUBLIC_THEOREM Full.Demand.RegionExecution.Resources.cleanup
PUBLIC_THEOREM Full.Demand.Region.unique_cells._simp_1_2
VERIFIER_OTHER Full.Demand.Framing.Shape.enter
VERIFIER_OTHER Full.Demand.Framing.Shape.below.handoffMatch
VERIFIER_OTHER Full.Demand.Affinity.Work.below.handoffMatch
PUBLIC_THEOREM Full.Demand.Framing.transition._proof_1_20
PUBLIC_THEOREM Full.Demand.CreditExecution.expired_step._simp_1_1
VERIFIER_OTHER Full.Demand.Affinity.Work.below.freeReserved
VERIFIER_OTHER Full.Demand.RegionExecution.choice_step._sparseCasesOn_4
PUBLIC_THEOREM Full.Demand.occurrences_le
VERIFIER_OTHER Full.Demand.check.match_1
VERIFIER_OTHER Full.Demand.Region.Heap.casesOn
PUBLIC_THEOREM Full.Demand.taskOccurrences.eq_2
PUBLIC_THEOREM Full.Demand.LocalIds.tasks_cons
PUBLIC_THEOREM Full.Demand.occurrences.eq_6
VERIFIER_OTHER Full.Demand.Tickets.Budget.invocation
VERIFIER_OTHER Full.Demand.Tickets.Budget.noConfusion
PUBLIC_THEOREM Full.Demand.LocalIds.before_entry._proof_1_16
VERIFIER_OTHER Full.Demand.Scopes.task
VERIFIER_OTHER Full.Demand.CreditWork.Plan.bind
VERIFIER_OTHER Full.Demand.CreditWork.Plan.below.rec
PUBLIC_THEOREM Full.Demand.Framing.reserved_prefix
VERIFIER_OTHER Full.Demand.RegionExecution.Resources.casesOn
VERIFIER_OTHER Full.Demand.Events.Trace.rec
VERIFIER_OTHER Full.Demand.RegionExecution.Resources.mk._flat_ctor
VERIFIER_OTHER Full.Demand.Lower
PUBLIC_THEOREM Full.Demand.Tickets.counts.eq_1
PUBLIC_THEOREM Full.Demand.LocalIds.TaskOK.eq_11
VERIFIER_OTHER Full.Demand.Tickets.Activation.noConfusion
PUBLIC_THEOREM Full.Demand.expression.eq_6
VERIFIER_OTHER Full.Demand.spend._unsafe_rec
PUBLIC_THEOREM Full.Demand.CreditExecution.enter_step._proof_1_2
PUBLIC_THEOREM Full.Demand.occurrences_le._proof_1_5
VERIFIER_OTHER Full.Demand.CreditWork.Plan.eval
PUBLIC_THEOREM Full.Demand.Scopes.contexts.eq_13
VERIFIER_OTHER Full.Demand.Framing.Shape.givePending
VERIFIER_OTHER Full.Demand.Affinity.Work.eval
VERIFIER_OTHER Full.Demand.LocalIds.TasksOK
PUBLIC_THEOREM Full.Demand.Scopes.reserved_prefix
VERIFIER_OTHER Full.Demand.Framing.Shape.below.branchResult
PUBLIC_THEOREM Full.Demand.Events.transition_extension._simp_1_20
PUBLIC_THEOREM Full.Demand.Tickets.Valid.push_call._simp_1_1
PUBLIC_THEOREM Full.Demand.Events.reachable_invariant
PUBLIC_THEOREM Full.Demand.Affinity.Work.brecOn
PUBLIC_THEOREM Full.Demand.Affinity.transition_bindings
PUBLIC_THEOREM Full.Demand.Tickets.Valid.push_call
PUBLIC_THEOREM Full.Demand.Scopes.task.eq_13
PUBLIC_THEOREM Full.Demand.CreditWork.Plan.at_boundary._proof_1_1
VERIFIER_OTHER Full.Demand.Tickets.Activation.rec
PUBLIC_THEOREM Full.Demand.Affinity.arguments._simp_1_1
PUBLIC_THEOREM Full.Demand.Region.entry_heap
VERIFIER_OTHER Full.Demand.occurrences._unsafe_rec
PUBLIC_THEOREM Full.Demand.Soundness.Invariant.commit
PUBLIC_THEOREM Full.Demand.CreditExecution.opened
PUBLIC_THEOREM Full.Demand.RegionExecution.administrative_step._simp_1_1
PUBLIC_THEOREM Full.Demand.CreditExecution.at_enter._simp_1_1
VERIFIER_OTHER Full.Demand.Affinity.Work.below.primitive
VERIFIER_OTHER Full.Demand.Framing.Shape.below.free
PUBLIC_THEOREM Full.Demand.LocalIds.args_prefix._simp_1_2
VERIFIER_OTHER Full.Demand.Framing.Shape.below.chooseIf
PUBLIC_THEOREM Full.Demand.Events.advance_closed
PUBLIC_THEOREM Full.Demand.CreditExecution.at_enter
PUBLIC_THEOREM Full.Demand.RegionWork.dead_prefix
VERIFIER_OTHER Full.Demand.Tickets.Activation._sizeOf_inst
PUBLIC_THEOREM Full.Demand.Tickets.Valid.push_call._proof_1_3
PUBLIC_THEOREM Full.Demand.CreditExecution.numbers._proof_1_21
VERIFIER_OTHER Full.Demand.Tickets.StackCovers
PUBLIC_THEOREM Full.Demand.Events.head_ge
PUBLIC_THEOREM Full.Demand.Soundness.creates_preserved
PUBLIC_THEOREM Full.Demand.transition_parameters_new_bound
VERIFIER_OTHER Full.Demand.Affinity.Work.below.returning
PUBLIC_THEOREM Full.Demand.Region.Heap.bounded
PUBLIC_THEOREM Full.Demand.expression.eq_8
PUBLIC_THEOREM Full.Demand.Affinity.Work.of_older._proof_1_3
PUBLIC_THEOREM Full.Demand.Tickets.Budget.mk.inj
VERIFIER_OTHER Full.Demand.Tickets.Activation.ctorIdx
PUBLIC_THEOREM Full.Demand.Region.entry_paths
VERIFIER_OTHER Full.Demand.CreditWork.Plan.below.returning
PUBLIC_THEOREM Full.Demand.spend.eq_def
PUBLIC_THEOREM Full.Demand.futureOccurrences.eq_1
PUBLIC_THEOREM Full.Demand.Tickets.Valid.tail
PUBLIC_THEOREM Full.Demand.Events.transition_extension
VERIFIER_OTHER Full.Demand.Events.Extension.enter
PUBLIC_THEOREM Full.Demand.spend.eq_1
VERIFIER_OTHER Full.Demand.Scopes.contexts
VERIFIER_OTHER Full.Demand.spend._sunfold
PUBLIC_THEOREM Full.Demand.Scopes.contexts.eq_1
PUBLIC_THEOREM Full.Demand.Region.entry_roots
PUBLIC_THEOREM Full.Demand.Tickets.consume.eq_3
PUBLIC_THEOREM Full.Demand.RegionExecution.primitive_step._proof_1_5
VERIFIER_OTHER Full.Demand.Tickets.Activation.mk._flat_ctor
PUBLIC_THEOREM Full.Demand.LocalIds.before_entry._proof_1_17
VERIFIER_OTHER Full.Demand.Events.Trace.below.casesOn
VERIFIER_OTHER Full.Demand.Tickets.Scope
VERIFIER_OTHER Full.Demand.LocalIds.parameter_env.match_1
PUBLIC_THEOREM Full.Demand.transition_old_occurrences._proof_1_1
VERIFIER_OTHER Full.Demand.Tickets.Scope.rec
PUBLIC_THEOREM Full.Demand.taskOccurrences.eq_4
PUBLIC_THEOREM Full.Demand.occurrences.eq_1
VERIFIER_OTHER Full.Demand.Tickets.Scope._sizeOf_inst
PUBLIC_THEOREM Full.Demand.Affinity.transition_primitive._simp_1_6
PUBLIC_THEOREM Full.Demand.Region.Heap.set_count
PUBLIC_THEOREM Full.Demand.LocalIds.TasksOK.eq_1
PUBLIC_THEOREM Full.Demand.uses_zero._simp_1_23
PUBLIC_THEOREM Full.Demand.Scopes.contexts.eq_11
PUBLIC_THEOREM Full.Demand.CreditExecution.enter_step
PUBLIC_THEOREM Full.Demand.CreditExecution.numbers
VERIFIER_OTHER Full.Demand.Events.Extension
VERIFIER_OTHER Full.Demand.Affinity.Work.below.matchComplete
PUBLIC_THEOREM Full.Demand.Events.transition_history
VERIFIER_OTHER Full.Demand.LocalIds.TaskOK._sparseCasesOn_1
VERIFIER_OTHER Full.Demand.Events.tally.match_3
PUBLIC_THEOREM Full.Demand.Affinity.transition_new_bound._simp_1_11
VERIFIER_OTHER Full.Demand.Framing.Shape.casesOn
PUBLIC_THEOREM Full.Demand.RegionExecution.administrative_step
VERIFIER_OTHER Full.Demand.Scopes.Work.below
PUBLIC_THEOREM Full.Demand.fold_length
VERIFIER_OTHER Full.Demand.Framing.Shape.below.enter
VERIFIER_OTHER Full.Demand.RegionWork.TaskOK.match_1
PUBLIC_THEOREM Full.Demand.RegionExecution.transition
PUBLIC_THEOREM Full.Demand.Events.next_positive
PUBLIC_THEOREM Full.Demand.expression._unary._proof_9
PUBLIC_THEOREM Full.Demand.Scopes.contexts.eq_4
PUBLIC_THEOREM Full.Demand.occurrences_fresh_pair
VERIFIER_OTHER Full.Demand.Lower.below.cons
VERIFIER_OTHER Full.Demand.occurrences.match_1
PUBLIC_THEOREM Full.Demand.CreditExecution.Credit.commit
VERIFIER_OTHER Full.Demand.Tickets.Budget.branches
PUBLIC_THEOREM Full.Demand.accepts.eq_1
PUBLIC_THEOREM Full.Demand.expression.eq_def
VERIFIER_OTHER Full.Demand.RegionWork.Clean.rec
PUBLIC_THEOREM Full.Demand.Scopes.Work.contexts_bound
PUBLIC_THEOREM Full.Demand.LocalIds.transition
PUBLIC_THEOREM Full.Demand.analyzed_bin._simp_1_1
VERIFIER_OTHER Full.Demand.LocalIds.ContextOK
VERIFIER_OTHER Full.Demand.Affinity.Work.givePending
PUBLIC_THEOREM Full.Demand.Affinity.transition_decompose
VERIFIER_OTHER Full.Demand.CreditExecution.Credit
PUBLIC_THEOREM Full.Demand.join_lower
PUBLIC_THEOREM Full.Demand.Tickets.Budget.mk.sizeOf_spec
PUBLIC_THEOREM Full.Demand.expression._unary._proof_1
PUBLIC_THEOREM Full.Demand.RegionWork.Clean.brecOn
PUBLIC_THEOREM Full.Demand.LocalIds.TaskOK.eq_13
VERIFIER_OTHER Full.Demand.Events.Trace.below.write
VERIFIER_OTHER Full.Demand.Events.Trace.enter
VERIFIER_OTHER Full.Demand.Tickets.Activation.recOn
PUBLIC_THEOREM Full.Demand.analyzed_if
PUBLIC_THEOREM Full.Demand.RegionExecution.decompose_step._proof_1_9
VERIFIER_OTHER Full.Demand.Tickets.Scope.mk.noConfusion
PUBLIC_THEOREM Full.Demand.Affinity.arguments
PUBLIC_THEOREM Full.Demand.Soundness.creates_preserved._simp_1_9
PUBLIC_THEOREM Full.Demand.transition_old_occurrences._proof_1_22
VERIFIER_OTHER Full.Demand.Events.Trace.returning
PUBLIC_THEOREM Full.Demand.Events.frames_ordered._proof_1_1
PUBLIC_THEOREM Full.Demand.Scopes.contexts.eq_12
PUBLIC_THEOREM Full.Demand.Scopes.contexts.eq_10
PUBLIC_THEOREM Full.Demand.Region.path_root
PUBLIC_THEOREM Full.Demand.Affinity.StateCertified.typed
VERIFIER_OTHER Full.Demand.expression._sparseCasesOn_1
PUBLIC_THEOREM Full.Demand.CreditExecution.pending_no_reservation._proof_1_1
PUBLIC_THEOREM Full.Demand.transition_old_occurrences._proof_1_34
PUBLIC_THEOREM Full.Demand.Affinity.transition_free
VERIFIER_OTHER Full.Demand.occurrences._unary
VERIFIER_OTHER Full.Demand.Framing.Shape.below
VERIFIER_OTHER Full.Demand.Affinity.Work.below.chooseMatch
PUBLIC_THEOREM Full.Demand.expression_length._simp_1_11
PUBLIC_THEOREM Full.Demand.LocalIds.TaskOK.eq_5
PUBLIC_THEOREM Full.Demand.transition_old_occurrences._proof_1_24
VERIFIER_OTHER Full.Demand.Affinity.Work.giveBinding
VERIFIER_OTHER Full.Demand.CreditWork.Plan.rec
PUBLIC_THEOREM Full.Demand.transition_old_occurrences
PUBLIC_THEOREM Full.Demand.RegionExecution.Resources.heap
VERIFIER_OTHER Full.Demand.Scopes.Work.below.nil
PUBLIC_THEOREM Full.Demand.RegionExecution.variable_step
VERIFIER_OTHER Full.Demand.Events.Extension.same
PUBLIC_THEOREM Full.Demand.Soundness.Invariant.transition
VERIFIER_OTHER Full.Demand.Affinity.Work.below.branchResult
VERIFIER_OTHER Full.Demand.CreditWork.Quiet._sparseCasesOn_1
VERIFIER_OTHER Full.Demand.Tickets.StackCovers.recOn
PUBLIC_THEOREM Full.Demand.CreditExecution.decompose_step
PUBLIC_THEOREM Full.Demand.occurrences._unary._proof_5
VERIFIER_OTHER Full.Demand.Tickets.StackCovers.below.nil
VERIFIER_OTHER Full.Demand.Tickets.Scope.recOn
VERIFIER_OTHER Full.Demand.Events.tally._sparseCasesOn_3
VERIFIER_OTHER Full.Demand.CreditWork.Plan.primitive
PUBLIC_THEOREM Full.Demand.Framing.Shape.at_boundary._proof_1_1
PUBLIC_THEOREM Full.Demand.Soundness.Invariant.next
PUBLIC_THEOREM Full.Demand.Tickets.consume.eq_2
VERIFIER_OTHER Full.Demand.CreditWork.Plan.below
PUBLIC_THEOREM Full.Demand.LocalIds.transition._simp_1_36
PUBLIC_THEOREM Full.Demand.transition_parameters_new_bound._proof_1_2
PUBLIC_THEOREM Full.Demand.LocalIds.TaskOK.eq_7
PUBLIC_THEOREM Full.Demand.Events.frames_nodup
PUBLIC_THEOREM Full.Demand.CreditExecution.bind_step
VERIFIER_OTHER Full.Demand.RegionWork.arguments.match_1
PUBLIC_THEOREM Full.Demand.RegionExecution.bind_step
VERIFIER_OTHER Full.Demand.Affinity.Work.recOn
PUBLIC_THEOREM Full.Demand.CreditExecution.transition
VERIFIER_OTHER Full.Demand.futureOccurrences
PUBLIC_THEOREM Full.Demand.Framing.Shape.at_boundary
PUBLIC_THEOREM Full.Demand.RegionExecution.decompose_step._proof_1_5
PUBLIC_THEOREM Full.Demand.expression._unary._proof_10
PUBLIC_THEOREM Full.Demand.Lower.trans
PUBLIC_THEOREM Full.Demand.uses_zero._unary
VERIFIER_OTHER Full.Demand.Scopes.Work.recOn
PUBLIC_THEOREM Full.Demand.Tickets.Valid.push_call._proof_1_2
PUBLIC_THEOREM Full.Demand.expression._unary._proof_6
PUBLIC_THEOREM Full.Demand.Events.future_zero._proof_1_4
VERIFIER_OTHER Full.Demand.Affinity.Work.below.chooseIf
PUBLIC_THEOREM Full.Demand.transition_old_occurrences._proof_1_30
PUBLIC_THEOREM Full.Demand.LocalIds.variable_memory
PUBLIC_THEOREM Full.Demand.CreditExecution.pending_no_reservation
VERIFIER_OTHER Full.Demand.CreditWork.Plan.below.casesOn
PUBLIC_THEOREM Full.Demand.CreditWork.arguments._simp_1_1
PUBLIC_THEOREM Full.Demand.Soundness.Invariant.credit
PUBLIC_THEOREM Full.Demand.occurrences_le._proof_1_2
PUBLIC_THEOREM Full.Demand.Scopes.headD_bound
VERIFIER_OTHER Full.Demand.Tickets.consume
VERIFIER_OTHER Full.Demand.accepts
PUBLIC_THEOREM Full.Demand.Affinity.transition_new_bound._proof_1_12
VERIFIER_OTHER Full.Demand.CreditWork.Quiet.match_1
PUBLIC_THEOREM Full.Demand.transition_tail_new_bound._proof_1_9
VERIFIER_OTHER Full.Demand.Affinity.Work.below.start
PUBLIC_THEOREM Full.Demand.Framing.transition._proof_1_25
PUBLIC_THEOREM Full.Demand.Affinity.dead_prefix
VERIFIER_OTHER Full.Demand.occurrences
VERIFIER_OTHER Full.Demand.Events.Trace.below.empty
VERIFIER_OTHER Full.Demand.RegionExecution.Resources.recOn
VERIFIER_OTHER Full.Demand.CreditWork.Plan.decompose
PUBLIC_THEOREM Full.Demand.hide_lookup_imp
VERIFIER_OTHER Full.Demand.RegionWork.Clean.casesOn
PUBLIC_THEOREM Full.Demand.Scopes.task.eq_8
PUBLIC_THEOREM Full.Demand.occurrences_ext
PUBLIC_THEOREM Full.Demand.spend_length
PUBLIC_THEOREM Full.Demand.occurrences._unary._proof_10
VERIFIER_OTHER Full.Demand.Tickets.Activation.scopes
PUBLIC_THEOREM Full.Demand.RegionExecution.choice_step._proof_1_5
PUBLIC_THEOREM Full.Demand.Scopes.contexts.eq_3
VERIFIER_OTHER Full.Demand.check
PUBLIC_THEOREM Full.Demand.Scopes.after.eq_1
VERIFIER_OTHER Full.Demand.Framing.Shape.branchResult
PUBLIC_THEOREM Full.Demand.Framing.dead_prefix
PUBLIC_THEOREM Full.Demand.analyzed_let._simp_1_1
VERIFIER_OTHER Full.Demand.Tickets.StackCovers.below.rec
PUBLIC_THEOREM Full.Demand.Scopes.contexts.eq_2
PUBLIC_THEOREM Full.Demand.Affinity.transition_bound._proof_1_1
PUBLIC_THEOREM Full.Demand.RegionExecution.eval._proof_1_4
PUBLIC_THEOREM Full.Demand.Affinity.transition_new_bound._proof_1_4
VERIFIER_OTHER Full.Demand.Framing.Shape.boundary
VERIFIER_OTHER Full.Demand.RegionWork.Clean.boundary
VERIFIER_OTHER Full.Demand.Events.Trace
PUBLIC_THEOREM Full.Demand.arguments_occurrences
PUBLIC_THEOREM Full.Demand.occurrences._unary._proof_11
VERIFIER_OTHER Full.Demand.Events.Trace.recOn
VERIFIER_OTHER Full.Demand.Framing.Shape.returning
PUBLIC_THEOREM Full.Demand.Affinity.StateCertified.eq_1
PUBLIC_THEOREM Full.Demand.occurrences._unary._proof_8
PUBLIC_THEOREM Full.Demand.Soundness.at_entry
VERIFIER_OTHER Full.Demand.Events.Trace.below.create
PUBLIC_THEOREM Full.Demand.transition_old_occurrences._proof_1_29
VERIFIER_OTHER Full.Demand.Events.Extension.casesOn
PUBLIC_THEOREM Full.Demand.spend_lower
VERIFIER_OTHER Full.Demand.Tickets.Covers
VERIFIER_OTHER Full.Demand.arguments_occurrences.match_1
PUBLIC_THEOREM Full.Demand.transition_old_occurrences._proof_1_27
PUBLIC_THEOREM Full.Demand.LocalIds.reserved_prefix
PUBLIC_THEOREM Full.Demand.Events.frame_bound
VERIFIER_OTHER Full.Demand.Framing.Shape.free
PUBLIC_THEOREM Full.Demand.Tickets.consume_shape
PUBLIC_THEOREM Full.Demand.taskOccurrences.eq_5
PUBLIC_THEOREM Full.Demand.Affinity.transition_new_bound._proof_1_17
VERIFIER_OTHER Full.Demand.Scopes.Work.cons
VERIFIER_OTHER Full.Demand.taskOccurrences._sparseCasesOn_1
PUBLIC_THEOREM Full.Demand.CreditExecution.transition_open
VERIFIER_OTHER Full.Demand.Tickets.Activation.mk.noConfusion
VERIFIER_OTHER Full.Demand.Framing.Shape.below.returning
VERIFIER_OTHER Full.Demand.CreditWork.Plan.below.primitive
VERIFIER_OTHER Full.Demand.CreditWork.Plan.below.enter
PUBLIC_THEOREM Full.Demand.Tickets.Scope.mk.sizeOf_spec
VERIFIER_OTHER Full.Demand.CreditWork.Plan.casesOn
PUBLIC_THEOREM Full.Demand.Affinity.transition_bind
PUBLIC_THEOREM Full.Demand.Scopes.head_scope
VERIFIER_OTHER Full.Demand.CreditWork.Plan.below.decompose
VERIFIER_OTHER Full.Demand.Tickets.Scope.ctorIdx
PUBLIC_THEOREM Full.Demand.Scopes.contexts.eq_8
PUBLIC_THEOREM Full.Demand.analyzed_let
PUBLIC_THEOREM Full.Demand.accepts_target._simp_1_5
PUBLIC_THEOREM Full.Demand.Affinity.transition_primitive._simp_1_5
PUBLIC_THEOREM Full.Demand.occurrences._unary._proof_1
PUBLIC_THEOREM Full.Demand.expression._unary.eq_def
PUBLIC_THEOREM Full.Demand.zip_slot_kinds._simp_1_1
VERIFIER_OTHER Full.Demand.Framing.Shape.bind
PUBLIC_THEOREM Full.Demand.taskUses_zero
VERIFIER_OTHER Full.Demand.Lower.nil
VERIFIER_OTHER Full.Demand.Scopes.contexts._sparseCasesOn_1
PUBLIC_THEOREM Full.Demand.Tickets.Valid.push_scope._proof_1_3
VERIFIER_OTHER Full.Demand.Framing.Shape.giveBinding
VERIFIER_OTHER Full.Demand.Affinity.Work
VERIFIER_OTHER Full.Demand.Affinity.Work.enter
PUBLIC_THEOREM Full.Demand.RegionExecution.Resources.reservations
VERIFIER_OTHER Full.Demand.Framing.Shape.chooseMatch
VERIFIER_OTHER Full.Demand.Framing.Shape.below.branchStart
PUBLIC_THEOREM Full.Demand.CreditExecution.primitive_step._simp_1_6
PUBLIC_THEOREM Full.Demand.Tickets.Valid.monotone
PUBLIC_THEOREM Full.Demand.expression._unary._proof_4
PUBLIC_THEOREM Full.Demand.accepts_target
VERIFIER_OTHER Full.Demand.Events.Extension.returning
PUBLIC_THEOREM Full.Demand.analyzed_bin
PUBLIC_THEOREM Full.Demand.Soundness.finite_prefix
VERIFIER_OTHER Full.Demand.Scopes.Work.casesOn
VERIFIER_OTHER Full.Demand.Framing.Shape.eval
VERIFIER_OTHER Full.Demand.Affinity.Work.capture
PUBLIC_THEOREM Full.Demand.occurrences._unary._proof_2
PUBLIC_THEOREM Full.Demand.Tickets.consume_filter._simp_1_6
VERIFIER_OTHER Full.Demand.Tickets.StackCovers.below
PUBLIC_THEOREM Full.Demand.RegionExecution.primitive_step
PUBLIC_THEOREM Full.Demand.CreditExecution.numbers._proof_1_20
PUBLIC_THEOREM Full.Demand.LocalIds.context_cons
VERIFIER_OTHER Full.Demand.Tickets.Scope.casesOn
PUBLIC_THEOREM Full.Demand.RegionExecution.give_pending_step._proof_1_6
VERIFIER_OTHER Full.Demand.Tickets.Budget.casesOn
PUBLIC_THEOREM Full.Demand.CreditExecution.primitive_step
PUBLIC_THEOREM Full.Demand.analyzed_match._simp_1_1
PUBLIC_THEOREM Full.Demand.RegionExecution.primitive_step._simp_1_1
VERIFIER_OTHER Full.Demand.Tickets.flatten
VERIFIER_OTHER Full.Demand.RegionExecution.administrative_step._sparseCasesOn_4
VERIFIER_OTHER Full.Demand.Scopes.task.match_1
PUBLIC_THEOREM Full.Demand.Scopes.task._sparseCasesOn_1.else_eq
PUBLIC_THEOREM Full.Demand.Affinity.transition_primitive
PUBLIC_THEOREM Full.Demand.LocalIds.transition._proof_1_20
VERIFIER_OTHER Full.Demand.CreditWork.Plan.below.handoff
PUBLIC_THEOREM Full.Demand.Soundness.Invariant.certified
VERIFIER_OTHER Full.Demand.RegionExecution.Resources.mk
PUBLIC_THEOREM Full.Demand.uses_zero._simp_1_21
PUBLIC_THEOREM Full.Demand.RegionExecution.at_enter._proof_1_3
VERIFIER_OTHER Full.Demand.Region.Heap.mk
VERIFIER_OTHER Full.Demand.Tickets.StackCovers.below.cons
PUBLIC_THEOREM Full.Demand.future_nil
VERIFIER_OTHER Full.Demand.Events.Invariant
PUBLIC_THEOREM Full.Demand.futureUses_zero._simp_1_4
VERIFIER_OTHER Full.Demand.Affinity.Work.start
PUBLIC_THEOREM Full.Demand.occurrences.eq_3
PUBLIC_THEOREM Full.Demand.Region.unique_cells
VERIFIER_OTHER Full.Demand.Region.addresses
VERIFIER_OTHER Full.Demand.Soundness.Invariant.recOn
VERIFIER_OTHER Full.Demand.Lower.casesOn
PUBLIC_THEOREM Full.Demand.RegionExecution.at_enter
VERIFIER_OTHER Full.Demand.Scopes.arguments.match_1
PUBLIC_THEOREM Full.Demand.RegionWork.arguments
PUBLIC_THEOREM Full.Demand.uses_zero._simp_1_24
VERIFIER_OTHER Full.Demand.Soundness.Invariant
VERIFIER_OTHER Full.Demand.RegionWork.Clean
PUBLIC_THEOREM Full.Demand.occurrences_ext._unary
PUBLIC_THEOREM Full.Demand.Region.path_link
VERIFIER_OTHER Full.Demand.Framing.Shape.below.decompose
VERIFIER_OTHER Full.Demand.Tickets.Budget._sizeOf_1
VERIFIER_OTHER Full.Demand.parameter_body_bound.match_1
PUBLIC_THEOREM Full.Demand.Scopes.task.eq_6
PUBLIC_THEOREM Full.Demand.Scopes.task.eq_11
PUBLIC_THEOREM Full.Demand.RegionExecution.choice_step._proof_1_6
VERIFIER_OTHER Full.Demand.Region.Heap.recOn
VERIFIER_OTHER Full.Demand.Events.Trace.below.rec
PUBLIC_THEOREM Full.Demand.RegionExecution.at_entry
PUBLIC_THEOREM Full.Demand.spend_monotone._proof_1_6
PUBLIC_THEOREM Full.Demand.transition_tail_new_bound._proof_1_1
PUBLIC_THEOREM Full.Demand.Tickets.Scope.mk.injEq
PUBLIC_THEOREM Full.Demand.Events.next_positive._proof_1_1
VERIFIER_OTHER Full.Demand.Tickets.Budget.recOn
VERIFIER_OTHER Full.Demand.Affinity.Work.below.casesOn
PUBLIC_THEOREM Full.Demand.affine.eq_1
PUBLIC_THEOREM Full.Demand.Events.frame_bound._proof_1_1
PUBLIC_THEOREM Full.Demand.RegionExecution.eval._proof_1_1
PUBLIC_THEOREM Full.Demand.CreditExecution.choose_match_step
PUBLIC_THEOREM Full.Demand.LocalIds.TaskOK.eq_4
PUBLIC_THEOREM Full.Demand.Tickets.flatten_fields
PUBLIC_THEOREM Full.Demand.Framing.transition._proof_1_21
VERIFIER_OTHER Full.Demand.Tickets.Activation.casesOn
PUBLIC_THEOREM Full.Demand.RegionExecution.give_binding_step._proof_1_6
VERIFIER_OTHER Full.Demand.Affinity.Work.freeReserved
PUBLIC_THEOREM Full.Demand.RegionExecution.give_pending_step._proof_1_4
PUBLIC_THEOREM Full.Demand.Scopes.contexts.eq_6
VERIFIER_OTHER Full.Demand.Affinity.Work.chooseMatch
VERIFIER_OTHER Full.Demand.RegionWork.Clean.below.casesOn
VERIFIER_OTHER Full.Demand.RegionWork.Clean.recOn
PUBLIC_THEOREM Full.Demand.occurrences._unary._proof_4
PUBLIC_THEOREM Full.Demand.expression._unary._proof_3
VERIFIER_OTHER Full.Demand.Tickets.Scope.mk._flat_ctor
PUBLIC_THEOREM Full.Demand.LocalIds.ContextOK.eq_1
PUBLIC_THEOREM Full.Demand.parameter_occurrences
PUBLIC_THEOREM Full.Demand.CreditWork.Plan.brecOn
PUBLIC_THEOREM Full.Demand.occurrences_le._proof_1_1
PUBLIC_THEOREM Full.Demand.RegionExecution.bind_step._proof_1_2
VERIFIER_OTHER Full.Demand.Events.Extension.free
VERIFIER_OTHER Full.Demand.CreditWork.Plan.chooseMatch
VERIFIER_OTHER Full.Demand.Tickets.Budget._sizeOf_inst
VERIFIER_OTHER Full.Demand.Scopes.Work.below.cons
VERIFIER_OTHER Full.Demand.Affinity.Work.done
PUBLIC_THEOREM Full.Demand.transition_old_occurrences._proof_1_26
PUBLIC_THEOREM Full.Demand.Scopes.contexts.eq_5
PUBLIC_THEOREM Full.Demand.Affinity.Work.typed
VERIFIER_OTHER Full.Demand.Events.Extension.rec
VERIFIER_OTHER Full.Demand.RegionExecution.Resources.rec
VERIFIER_OTHER Full.Demand.Soundness.Invariant.casesOn
PUBLIC_THEOREM Full.Demand.CreditExecution.expired_step
PUBLIC_THEOREM Full.Demand.RegionExecution.enter_step._proof_1_3
VERIFIER_OTHER Full.Demand.Affinity.Work.rec
VERIFIER_OTHER Full.Demand.Lower.below.casesOn
PUBLIC_THEOREM Full.Demand.RegionExecution.enter_step
PUBLIC_THEOREM Full.Demand.Scopes.advance_work
PUBLIC_THEOREM Full.Demand.Events.Extension.trace
PUBLIC_THEOREM Full.Demand.Events.tally_active._simp_1_3
PUBLIC_THEOREM Full.Demand.RegionWork.reserved_prefix
PUBLIC_THEOREM Full.Demand.transition_tail_new_bound
VERIFIER_OTHER Full.Demand.Framing.Shape.rec
VERIFIER_OTHER Full.Demand.Events.Trace.free
PUBLIC_THEOREM Full.Demand.Region.Heap.release
VERIFIER_OTHER Full.Demand.Tickets.consume._f
PUBLIC_THEOREM Full.Demand.LocalIds.TaskOK.eq_12
VERIFIER_OTHER Full.Demand.Scopes.after._sparseCasesOn_1
PUBLIC_THEOREM Full.Demand.occurrences.eq_9
PUBLIC_THEOREM Full.Demand.Tickets.consume_filter
PUBLIC_THEOREM Full.Demand.expression.eq_2
VERIFIER_OTHER Full.Demand.Tickets.Budget.mk.noConfusion
VERIFIER_OTHER Full.Demand.RegionExecution.administrative_step.match_4
PUBLIC_THEOREM Full.Demand.RegionExecution.give_binding_step._proof_1_4
VERIFIER_OTHER Full.Demand.Events.Trace.create
VERIFIER_OTHER Full.Demand.Tickets.Budget.mk._flat_ctor
VERIFIER_OTHER Full.Demand.expression._unsafe_rec
PUBLIC_THEOREM Full.Demand.Region.RawIn.eq_1
PUBLIC_THEOREM Full.Demand.Tickets.reservations.eq_1
VERIFIER_OTHER Full.Demand.Lower.rec
PUBLIC_THEOREM Full.Demand.Affinity.transition_new_bound._simp_1_2
VERIFIER_OTHER Full.Demand.Lower.recOn
VERIFIER_OTHER Full.Demand.LocalIds.TaskOK.match_1
PUBLIC_THEOREM Full.Demand.LocalIds.at_entry
PUBLIC_THEOREM Full.Demand.Region.Heap.write
PUBLIC_THEOREM Full.Demand.RegionExecution.free_step
PUBLIC_THEOREM Full.Demand.Soundness.conditional
VERIFIER_OTHER Full.Demand.Framing.Shape.below.matchComplete
PUBLIC_THEOREM Full.Demand.Events.transition_invariant
VERIFIER_OTHER Full.Demand.Framing.Shape.below.chooseMatch
VERIFIER_OTHER Full.Demand.Tickets.counts
PUBLIC_THEOREM Full.Demand.analyzed_if._simp_1_1
PUBLIC_THEOREM Full.Demand.parameter_body_bound
VERIFIER_OTHER Full.Demand.Affinity.Work.below.free
VERIFIER_OTHER Full.Demand.Tickets.Activation.noConfusionType
VERIFIER_OTHER Full.Demand.CreditWork.Plan.below.chooseIf
PUBLIC_THEOREM Full.Demand.occurrences_le._proof_1_3
PUBLIC_THEOREM Full.Demand.LocalIds.TaskOK.eq_6
PUBLIC_THEOREM Full.Demand.expression._unary._proof_7
PUBLIC_THEOREM Full.Demand.CreditWork.dead_prefix
PUBLIC_THEOREM Full.Demand.spend_lower._proof_1_6
PUBLIC_THEOREM Full.Demand.Affinity.transition_new_bound._simp_1_3
PUBLIC_THEOREM Full.Demand.taskOccurrences._sparseCasesOn_1.else_eq
VERIFIER_OTHER Full.Demand.Framing.Shape.recOn
PUBLIC_THEOREM Full.Demand.Tickets.Valid.eq_1
VERIFIER_OTHER Full.Demand.CreditWork.Plan.below.quiet
PUBLIC_THEOREM Full.Demand.LocalIds.TaskOK.eq_8
PUBLIC_THEOREM Full.Demand.Lower.length
VERIFIER_OTHER Full.Demand.spend
PUBLIC_THEOREM Full.Demand.Events.tally_active._proof_1_6
PUBLIC_THEOREM Full.Demand.LocalIds.tasks_append
VERIFIER_OTHER Full.Demand.Events.Trace.below.free
PUBLIC_THEOREM Full.Demand.occurrences.eq_2
VERIFIER_OTHER Full.Demand.Affinity.Work.below
VERIFIER_OTHER Full.Demand.Framing.Shape.capture
VERIFIER_OTHER Full.Demand.Scopes.task._sparseCasesOn_1
PUBLIC_THEOREM Full.Demand.spend_monotone
PUBLIC_THEOREM Full.Demand.Events.next_positive._proof_1_2
PUBLIC_THEOREM Full.Demand.CreditWork.dispatch._simp_1_6
PUBLIC_THEOREM Full.Demand.CreditExecution.numbers._proof_1_22
PUBLIC_THEOREM Full.Demand.zip_slot_kinds
PUBLIC_THEOREM Full.Demand.taskOccurrences.eq_3
VERIFIER_OTHER Full.Demand.Lower.below.nil
PUBLIC_THEOREM Full.Demand.Soundness.Invariant.ids
PUBLIC_THEOREM Full.Demand.Tickets.branch_filter
PUBLIC_THEOREM Full.Demand.Entry.source
VERIFIER_OTHER Full.Demand.Affinity.Work.finish
PUBLIC_THEOREM Full.Demand.Tickets.consume_front
PUBLIC_THEOREM Full.Demand.affine_list_bound
PUBLIC_THEOREM Full.Demand.expression.eq_4
PUBLIC_THEOREM Full.Demand.futureUses_zero
PUBLIC_THEOREM Full.Demand.Framing.transition
VERIFIER_OTHER Full.Demand.CertifiedTable
PUBLIC_THEOREM Full.Demand.RegionExecution.variable_step._proof_1_4
VERIFIER_OTHER Full.Demand.Scopes.Work.nil
PUBLIC_THEOREM Full.Demand.spend.eq_3
PUBLIC_THEOREM Full.Demand.Affinity.transition_enter
PUBLIC_THEOREM Full.Demand.Affinity.transition_new_bound._proof_1_13
VERIFIER_OTHER Full.Demand.Framing.Shape.below.primitive
VERIFIER_OTHER Full.Demand.Affinity.Work.below.branchStart
PUBLIC_THEOREM Full.Demand.RegionExecution.eval._simp_1_2
PUBLIC_THEOREM Full.Demand.transition_old_occurrences._proof_1_2
PUBLIC_THEOREM Full.Demand.Events.creates_eq
PUBLIC_THEOREM Full.Demand.Tickets.StackCovers.brecOn
PUBLIC_THEOREM Full.Demand.transition_old_occurrences._proof_1_33
PUBLIC_THEOREM Full.Demand.expression.eq_1
PUBLIC_THEOREM Full.Demand.Scopes.task.eq_7
PUBLIC_THEOREM Full.Demand.call_occurrences
VERIFIER_OTHER Full.Demand.Affinity.Work.handoffMatch
PUBLIC_THEOREM Full.Demand.expression_length
VERIFIER_OTHER Full.Demand.Events.tally
VERIFIER_OTHER Full.Demand.Framing.Shape.chooseIf
PUBLIC_THEOREM Full.Demand.fold_analyzed._simp_1_1
PUBLIC_THEOREM Full.Demand.LocalIds.TaskOK.eq_9
PUBLIC_THEOREM Full.Demand.Tickets.flatten.eq_1
VERIFIER_OTHER Full.Demand.expression
VERIFIER_OTHER Full.Demand.Framing.Shape.below.start
PUBLIC_THEOREM Full.Demand.transition_bind_new_bound._proof_1_3
PUBLIC_THEOREM Full.Demand.Region.entry_heap._proof_1_1
PUBLIC_THEOREM Full.Demand.Events.frames_nodup._proof_1_1
PUBLIC_THEOREM Full.Demand.Scopes.dead_prefix
VERIFIER_OTHER Full.Demand.Events.Trace.casesOn
PUBLIC_THEOREM Full.Demand.RegionWork.ids_mem
PUBLIC_THEOREM Full.Demand.transition_old_occurrences._proof_1_31
PUBLIC_THEOREM Full.Demand.RegionExecution.Resources.stack
PUBLIC_THEOREM Full.Demand.occurrences.eq_4
VERIFIER_OTHER Full.Demand.Framing.Shape.start
PUBLIC_THEOREM Full.Demand.CreditWork.arguments
PUBLIC_THEOREM Full.Demand.occurrences.eq_def
PUBLIC_THEOREM Full.Demand.LocalIds.transition._proof_1_19
PUBLIC_THEOREM Full.Demand.Scopes.contexts.eq_7
PUBLIC_THEOREM Full.Demand.Lower.tail
VERIFIER_OTHER Full.Demand.Affinity.Work.below.giveBinding
PUBLIC_THEOREM Full.Demand.RegionExecution.choice_step._proof_1_2
PUBLIC_THEOREM Full.Demand.occurrences._unary._proof_3
VERIFIER_OTHER Full.Demand.CreditWork.Plan.enter
VERIFIER_OTHER Full.Demand.Tickets.Scope._sizeOf_1
VERIFIER_OTHER Full.Demand.Framing.arguments.match_1
VERIFIER_OTHER Full.Demand.Framing.Shape.below.giveBinding
VERIFIER_OTHER Full.Demand.Framing.Shape.below.handoff
PUBLIC_THEOREM Full.Demand.RegionExecution.variable_step._simp_1_5
PUBLIC_THEOREM Full.Demand.future_append
PUBLIC_THEOREM Full.Demand.transition_old_occurrences._proof_1_32
VERIFIER_OTHER Full.Demand.Scopes.after.match_1
PUBLIC_THEOREM Full.Demand.CreditExecution.branch_result_step
VERIFIER_OTHER Full.Demand.CreditWork.Plan.handoff
VERIFIER_OTHER Full.Demand.Scopes.Work.below.casesOn
PUBLIC_THEOREM Full.Demand.Tickets.Valid.pop_scope
PUBLIC_THEOREM Full.Demand.spend.eq_2
PUBLIC_THEOREM Full.Demand.Events.tally_active._simp_1_4
VERIFIER_OTHER Full.Demand.Framing.Shape.handoff
VERIFIER_OTHER Full.Demand.Events.Trace.empty
PUBLIC_THEOREM Full.Demand.RegionExecution.give_binding_step._proof_1_7
VERIFIER_OTHER Full.Demand.Tickets.Scope.mk
PUBLIC_THEOREM Full.Demand.Events.Invariant.eq_1
VERIFIER_OTHER Full.Demand.Framing.Shape.decompose
PUBLIC_THEOREM Full.Demand.Lower.refl
PUBLIC_THEOREM Full.Demand.expression._unary._proof_8
PUBLIC_THEOREM Full.Demand.Framing.Shape.operands
VERIFIER_OTHER Full.Demand.Soundness.Invariant.rec
PUBLIC_THEOREM Full.Demand.sum_map_le
PUBLIC_THEOREM Full.Demand.futureUses_zero._simp_1_3
VERIFIER_OTHER Full.Demand.Tickets.Activation.mk
PUBLIC_THEOREM Full.Demand.RegionExecution.give_pending_step
PUBLIC_THEOREM Full.Demand.Soundness.return_closed
PUBLIC_THEOREM Full.Demand.accepts_certificates._simp_1_5
PUBLIC_THEOREM Full.Demand.uses_zero._simp_1_22
PUBLIC_THEOREM Full.Demand.occurrences.eq_7
PUBLIC_THEOREM Full.Demand.occurrences._unary._proof_6
PUBLIC_THEOREM Full.Demand.Events.tally.eq_1
VERIFIER_OTHER Full.Demand.Tickets.Activation
VERIFIER_OTHER Full.Demand.Soundness.Invariant.mk
VERIFIER_OTHER Full.Demand.CreditWork.Plan.boundary
PUBLIC_THEOREM Full.Demand.Framing.enter
PUBLIC_THEOREM Full.Demand.Region.scrutinee_unique
PUBLIC_THEOREM Full.Demand.Scopes.after._sparseCasesOn_1.else_eq
PUBLIC_THEOREM Full.Demand.LocalIds.dead_prefix
PUBLIC_THEOREM Full.Demand.Region.Heap.closed
VERIFIER_OTHER Full.Demand.Region.RawIn
PUBLIC_THEOREM Full.Demand.occurrences_member_bound
VERIFIER_OTHER Full.Demand.Tickets.StackCovers.cons
PUBLIC_THEOREM Full.Demand.LocalIds.parameter_env._proof_1_2
VERIFIER_OTHER Full.Demand.Region.Heap.rec
PUBLIC_THEOREM Full.Demand.last_use
PUBLIC_THEOREM Full.Demand.transition_tail_new_bound._proof_1_8
PUBLIC_THEOREM Full.Demand.Tickets.consume_of_spend._simp_1_2
PUBLIC_THEOREM Full.Demand.spend_monotone._simp_1_5
VERIFIER_OTHER Full.Demand.spend._f
VERIFIER_OTHER Full.Demand.Scopes.contexts.match_1
PUBLIC_THEOREM Full.Demand.Events.begin_history
PUBLIC_THEOREM Full.Demand.RegionExecution.free_step._proof_1_4
PUBLIC_THEOREM Full.Demand.Tickets.reservation_fields
VERIFIER_OTHER Full.Demand.Tickets.Scope.address
VERIFIER_OTHER Full.Demand.RegionWork.Clean.below
PUBLIC_THEOREM Full.Demand.Events.Extension.closed._proof_1_4
PUBLIC_THEOREM Full.Demand.Region.scrutinee_unique._proof_1_1
VERIFIER_OTHER Full.Demand.CreditWork.Plan.below.boundary
PUBLIC_THEOREM Full.Demand.LocalIds.transition._simp_1_56
PUBLIC_THEOREM Full.Demand.Tickets.Valid.push_scope._proof_1_2
PUBLIC_THEOREM Full.Demand.CreditExecution.numbers._proof_1_19
PUBLIC_THEOREM Full.Demand.transition_old_occurrences._proof_1_25
PUBLIC_THEOREM Full.Demand.fold_analyzed
VERIFIER_OTHER Full.Demand.Events.tally.match_1
PUBLIC_THEOREM Full.Demand.LocalIds.tasks_append._simp_1_2
VERIFIER_OTHER Full.Demand.Affinity.Work.below.eval
PUBLIC_THEOREM Full.Demand.RegionExecution.administrative_step._proof_1_6
PUBLIC_THEOREM Full.Demand.Events.tally_active._simp_1_5
PUBLIC_THEOREM Full.Demand.Scopes.task_bound
PUBLIC_THEOREM Full.Demand.Events.last_enter
PUBLIC_THEOREM Full.Demand.RegionExecution.at_enter._proof_1_4
PUBLIC_THEOREM Full.Demand.Affinity.transition_old_bound
PUBLIC_THEOREM Full.Demand.CreditWork.Plan.at_boundary._proof_1_2
PUBLIC_THEOREM Full.Demand.LocalIds.TaskOK.eq_3
VERIFIER_OTHER Full.Demand.Lower.below.rec
PUBLIC_THEOREM Full.Demand.occurrences._unary._proof_9
PUBLIC_THEOREM Full.Demand.LocalIds.tasks_append._simp_1_3
PUBLIC_THEOREM Full.Demand.fold_length._simp_1_1
VERIFIER_OTHER Full.Demand.RegionWork.Clean.below.rec
PUBLIC_THEOREM Full.Demand.analyzed_call
PUBLIC_THEOREM Full.Demand.Region.Heap.update
VERIFIER_OTHER Full.Demand.Affinity.StateCertified
PUBLIC_THEOREM Full.Demand.Tickets.branch_filter._proof_1_2
PUBLIC_THEOREM Full.Demand.Tickets.Budget.mk.injEq
PUBLIC_THEOREM Full.Demand.transition_old_occurrences._proof_1_21
PUBLIC_THEOREM Full.Demand.LocalIds.TaskOK.eq_10
PUBLIC_THEOREM Full.Demand.RegionExecution.free_step._proof_1_3
PUBLIC_THEOREM Full.Demand.LocalIds.TaskOK._sparseCasesOn_1.else_eq
VERIFIER_OTHER Full.Demand.Tickets.reservations
VERIFIER_OTHER Full.Demand.Events.Trace.below
PUBLIC_THEOREM Full.Demand.Framing.transition._proof_1_24
PUBLIC_THEOREM Full.Demand.Scopes.task.eq_2
VERIFIER_OTHER Full.Demand.Framing.Shape.matchComplete
VERIFIER_OTHER Full.Demand.Framing.Shape
PUBLIC_THEOREM Full.Demand.Tickets.consume_find
VERIFIER_OTHER Full.Demand.Affinity.Work.below.bind
PUBLIC_THEOREM Full.Demand.future_dead
VERIFIER_OTHER Full.Demand.CreditWork.arguments.match_1
PUBLIC_THEOREM Full.Demand.Tickets.consume.eq_def
PUBLIC_THEOREM Full.Demand.CreditWork.Plan.at_boundary
VERIFIER_OTHER Full.Demand.Scopes.Work.rec
VERIFIER_OTHER Full.Demand.Framing.Shape.below.casesOn
PUBLIC_THEOREM Full.Demand.occurrences_fresh_shadow
VERIFIER_OTHER Full.Demand.Affinity.Work.below.handoff
VERIFIER_OTHER Full.Demand.Events.Extension.write
PUBLIC_THEOREM Full.Demand.Tickets.consume.eq_1
VERIFIER_OTHER Full.Demand.Tickets.consume._sunfold
PUBLIC_THEOREM Full.Demand.expression._unary._proof_5
VERIFIER_OTHER Full.Demand.Affinity.Bound
VERIFIER_OTHER Full.Demand.CreditWork.Plan
VERIFIER_OTHER Full.Demand.Region.Heap
VERIFIER_OTHER Full.Demand.Tickets.StackCovers.casesOn
VERIFIER_OTHER Full.Demand.LocalIds.TaskOK
VERIFIER_OTHER Full.Demand.Events.Trace.below.returning
PUBLIC_THEOREM Full.Demand.Events.tally._sparseCasesOn_3.else_eq
PUBLIC_THEOREM Full.Demand.Soundness.Invariant.resources
PUBLIC_THEOREM Full.Demand.transition_bind_new_bound
VERIFIER_OTHER Full.Demand.Lower.below
PUBLIC_THEOREM Full.Demand.last_use._proof_1_19
PUBLIC_THEOREM Full.Demand.Lower.brecOn
PUBLIC_THEOREM Full.Demand.RegionWork.before_enter_reservations
VERIFIER_OTHER Full.Demand.Affinity.Work.matchComplete
VERIFIER_OTHER Full.Demand.Events.Trace.write
PUBLIC_THEOREM Full.Demand.Scopes.active_head_ge
VERIFIER_OTHER Full.Demand.CreditWork.Quiet
PUBLIC_THEOREM Full.Demand.Tickets.Scope.mk.inj
VERIFIER_OTHER Full.Demand.Events.Extension.recOn
VERIFIER_OTHER Full.Demand.Scopes.after
PUBLIC_THEOREM Full.Demand.Tickets.Activation.mk.inj
VERIFIER_OTHER Full.Demand.CertifiedFunction
PUBLIC_THEOREM Full.Demand.Scopes.reachable_work
PUBLIC_THEOREM Full.Demand.Scopes.Work.brecOn
PUBLIC_THEOREM Full.Demand.taskUses_zero._simp_1_15
VERIFIER_OTHER Full.Demand.Tickets.Budget.credits
VERIFIER_OTHER Full.Demand.Tickets.Scope.noConfusion
VERIFIER_OTHER Full.Demand.Tickets.Budget.ctorIdx
PUBLIC_THEOREM Full.Demand.Framing.transition._proof_1_19
VERIFIER_OTHER Full.Demand.Affinity.Work.below.rec
PUBLIC_THEOREM Full.Demand.RegionExecution.give_pending_step._simp_1_5
PUBLIC_THEOREM Full.Demand.Scopes.task.eq_3
VERIFIER_OTHER Full.Demand.CreditWork.Plan.below.bind
PUBLIC_THEOREM Full.Demand.LocalIds.transition._proof_1_21
PUBLIC_THEOREM Full.Demand.Scopes.contexts._sparseCasesOn_1.else_eq
VERIFIER_OTHER Full.Demand.Affinity.Work.below.enter
PUBLIC_THEOREM Full.Demand.expression._unary._proof_11
PUBLIC_THEOREM Full.Demand.Tickets.Activation.mk.sizeOf_spec
PUBLIC_THEOREM Full.Demand.taskOccurrences.eq_1
VERIFIER_OTHER Full.Demand.Affinity.Work.below.decompose
VERIFIER_OTHER Full.Demand.Affinity.Work.below.done
PUBLIC_THEOREM Full.Demand.Events.frames_ordered
VERIFIER_OTHER Full.Demand.Framing.Shape.below.rec
PUBLIC_THEOREM Full.Demand.RegionExecution.decompose_step._simp_1_7
PUBLIC_THEOREM Full.Demand.Affinity.Work.of_older._proof_1_2
PUBLIC_THEOREM Full.Demand.Region.Heap.set_aside
VERIFIER_OTHER Full.Demand.Affinity.arguments.match_1
PUBLIC_THEOREM Full.Demand.CreditWork.Plan.prefix
VERIFIER_OTHER Full.Demand.Affinity.Work.decompose
PUBLIC_THEOREM Full.Demand.Scopes.begin_work
VERIFIER_OTHER Full.Demand.Affinity.Work.bind
VERIFIER_OTHER Full.Demand.CreditWork.Plan.branchResult
PUBLIC_THEOREM Full.Demand.CreditExecution.eval_step
PUBLIC_THEOREM Full.Demand.Scopes.reachable_contexts_bound
VERIFIER_OTHER Full.Demand.taskOccurrences.match_1
VERIFIER_OTHER Full.Demand.expression.match_1
VERIFIER_OTHER Full.Demand.Tickets.Valid
PUBLIC_THEOREM Full.Demand.RegionExecution.give_binding_step
PUBLIC_THEOREM Full.Demand.Events.transition_enter_zero
PUBLIC_THEOREM Full.Demand.Scopes.transition_work
PUBLIC_THEOREM Full.Demand.RegionExecution.give_pending_step._proof_1_7
PUBLIC_THEOREM Full.Demand.uses_zero
PUBLIC_THEOREM Full.Demand.CreditExecution.handoff_step
PUBLIC_THEOREM Full.Demand.Framing.Shape.prefix
PUBLIC_THEOREM Full.Demand.Events.step_closed
VERIFIER_OTHER Full.Demand.Affinity.Work.below.finish
PUBLIC_THEOREM Full.Demand.CreditExecution.enter_step._simp_1_1
VERIFIER_OTHER Full.Demand.Framing.Shape.below.givePending
PUBLIC_THEOREM Full.Demand.fresh_future_zero
VERIFIER_OTHER Full.Demand.RegionWork.TaskOK
VERIFIER_OTHER Full.Demand.Tickets.Activation._sizeOf_1
PUBLIC_THEOREM Full.Demand.LocalIds.variable_last
VERIFIER_OTHER Full.Demand.CreditWork.Plan.below.chooseMatch
PUBLIC_THEOREM Full.Demand.CreditExecution.quiet_step
VERIFIER_OTHER Full.Demand.CreditWork.budget
PUBLIC_THEOREM Full.Demand.CreditExecution.choose_if_step
PUBLIC_THEOREM Full.Demand.Events.Extension.closed
PUBLIC_THEOREM Full.Demand.Scopes.task.eq_9
PUBLIC_THEOREM Full.Demand.Events.frame_bound._proof_1_2
PUBLIC_THEOREM Full.Demand.RegionExecution.eval
PUBLIC_THEOREM Full.Demand.expression.eq_3
PUBLIC_THEOREM Full.Demand.CreditWork.budget.eq_1
VERIFIER_OTHER Full.Demand.Framing.Shape.handoffMatch
VERIFIER_OTHER Full.Demand.Tickets.StackCovers.nil
VERIFIER_OTHER Full.Demand.Tickets.consume._unsafe_rec
PUBLIC_THEOREM Full.Demand.analyzed_match
PUBLIC_THEOREM Full.Demand.Events.entry_zero
PUBLIC_THEOREM Full.Demand.transition_old_occurrences._proof_1_23
'Full.Demand.Soundness.conditional' depends on axioms: [propext, Classical.choice, Quot.sound]
EXIT=0
