TLC2 Version 2.19 of 08 August 2024 (rev: 5a47802)
Warning: Please run the Java VM which executes TLC with a throughput optimized garbage collector by passing the "-XX:+UseParallelGC" property.
(Use the -nowarning option to disable this warning.)
Running breadth-first search Model-Checking with fp 62 and seed 8368318306117385969 with 1 worker on 14 cores with 1024MB heap and 64MB offheap memory [pid: 33152] (Mac OS X 26.6.2 aarch64, Eclipse Adoptium 21.0.4 x86_64, MSBDiskFPSet, DiskStateQueue).
Parsing file /private/var/folders/f8/ft7ygqg92pj8qh0rwplbw2x80000gn/T/mo-no-fairness-k1hforny/LiveUpdate.tla
Parsing file /private/var/folders/f8/ft7ygqg92pj8qh0rwplbw2x80000gn/T/Naturals.tla
Parsing file /private/var/folders/f8/ft7ygqg92pj8qh0rwplbw2x80000gn/T/Sequences.tla
Parsing file /private/var/folders/f8/ft7ygqg92pj8qh0rwplbw2x80000gn/T/FiniteSets.tla
Semantic processing of module Naturals
Semantic processing of module Sequences
Semantic processing of module FiniteSets
Semantic processing of module LiveUpdate
Starting... (2026-10-05 22:10:32)
Implied-temporal checking--satisfiability problem has 1 branches.
Computing initial states...
Finished computing initial states: 1 distinct state generated at 2026-10-05 22:10:32.
Progress(16) at 2026-10-05 22:10:32: 3,956 states generated, 1,170 distinct states found, 0 states left on queue.
Checking temporal properties for the complete state space with 1170 total distinct states at (2026-10-05 22:10:32)
Error: Temporal properties were violated.

Error: The following behavior constitutes a counter-example:

State 1: <Initial predicate>
/\ completed = <<>>
/\ completed_values = <<>>
/\ corrupt = FALSE
/\ remaining = 0
/\ flight = 0
/\ attempted = FALSE
/\ outcome = "none"
/\ flight_version = 0
/\ phase = "running"
/\ accepted = {}
/\ version = 1
/\ queue = <<>>
/\ candidate = <<>>

State 2: <Begin line 47, col 10 to line 51, col 74 of module LiveUpdate>
/\ completed = <<>>
/\ completed_values = <<>>
/\ corrupt = FALSE
/\ remaining = 3
/\ flight = 0
/\ attempted = TRUE
/\ outcome = "pending"
/\ flight_version = 0
/\ phase = "draining"
/\ accepted = {}
/\ version = 1
/\ queue = <<>>
/\ candidate = <<>>

State 3: <Enqueue2 line 23, col 5 to line 28, col 89 of module LiveUpdate>
/\ completed = <<>>
/\ completed_values = <<>>
/\ corrupt = FALSE
/\ remaining = 3
/\ flight = 0
/\ attempted = TRUE
/\ outcome = "pending"
/\ flight_version = 0
/\ phase = "draining"
/\ accepted = {2}
/\ version = 1
/\ queue = <<2>>
/\ candidate = <<>>

State 4: <Tick line 84, col 9 to line 89, col 25 of module LiveUpdate>
/\ completed = <<>>
/\ completed_values = <<>>
/\ corrupt = FALSE
/\ remaining = 2
/\ flight = 0
/\ attempted = TRUE
/\ outcome = "pending"
/\ flight_version = 0
/\ phase = "draining"
/\ accepted = {2}
/\ version = 1
/\ queue = <<2>>
/\ candidate = <<>>

State 5: <Tick line 84, col 9 to line 89, col 25 of module LiveUpdate>
/\ completed = <<>>
/\ completed_values = <<>>
/\ corrupt = FALSE
/\ remaining = 1
/\ flight = 0
/\ attempted = TRUE
/\ outcome = "pending"
/\ flight_version = 0
/\ phase = "draining"
/\ accepted = {2}
/\ version = 1
/\ queue = <<2>>
/\ candidate = <<>>

State 6: <Enqueue1 line 16, col 5 to line 21, col 89 of module LiveUpdate>
/\ completed = <<>>
/\ completed_values = <<>>
/\ corrupt = FALSE
/\ remaining = 1
/\ flight = 0
/\ attempted = TRUE
/\ outcome = "pending"
/\ flight_version = 0
/\ phase = "draining"
/\ accepted = {1, 2}
/\ version = 1
/\ queue = <<2, 1>>
/\ candidate = <<>>

State 7: <Prepare line 52, col 12 to line 55, col 96 of module LiveUpdate>
/\ completed = <<>>
/\ completed_values = <<>>
/\ corrupt = FALSE
/\ remaining = 1
/\ flight = 0
/\ attempted = TRUE
/\ outcome = "pending"
/\ flight_version = 0
/\ phase = "copying"
/\ accepted = {1, 2}
/\ version = 1
/\ queue = <<2, 1>>
/\ candidate = <<>>

State 8: <Copy line 56, col 9 to line 59, col 93 of module LiveUpdate>
/\ completed = <<>>
/\ completed_values = <<>>
/\ corrupt = FALSE
/\ remaining = 1
/\ flight = 0
/\ attempted = TRUE
/\ outcome = "pending"
/\ flight_version = 0
/\ phase = "copying"
/\ accepted = {1, 2}
/\ version = 1
/\ queue = <<2, 1>>
/\ candidate = <<2>>

State 9: <Copy line 56, col 9 to line 59, col 93 of module LiveUpdate>
/\ completed = <<>>
/\ completed_values = <<>>
/\ corrupt = FALSE
/\ remaining = 1
/\ flight = 0
/\ attempted = TRUE
/\ outcome = "pending"
/\ flight_version = 0
/\ phase = "copying"
/\ accepted = {1, 2}
/\ version = 1
/\ queue = <<2, 1>>
/\ candidate = <<2, 1>>

State 10: <Corrupt line 60, col 12 to line 63, col 98 of module LiveUpdate>
/\ completed = <<>>
/\ completed_values = <<>>
/\ corrupt = TRUE
/\ remaining = 1
/\ flight = 0
/\ attempted = TRUE
/\ outcome = "pending"
/\ flight_version = 0
/\ phase = "copying"
/\ accepted = {1, 2}
/\ version = 1
/\ queue = <<2, 1>>
/\ candidate = <<2, 1>>

State 11: Stuttering
Finished checking temporal properties in 00s at 2026-10-05 22:10:32
3956 states generated, 1170 distinct states found, 0 states left on queue.
Finished in 00s at (2026-10-05 22:10:32)
