TLC2 Version 2.19 of 08 August 2024 (rev: 5a47802)
Warning: Please run the Java VM which executes TLC with a throughput optimized garbage collector by passing the "-XX:+UseParallelGC" property.
(Use the -nowarning option to disable this warning.)
Running breadth-first search Model-Checking with fp 65 and seed -299171382492044688 with 1 worker on 14 cores with 1024MB heap and 64MB offheap memory [pid: 31663] (Mac OS X 26.6.2 aarch64, Eclipse Adoptium 21.0.4 x86_64, MSBDiskFPSet, DiskStateQueue).
Parsing file /private/var/folders/f8/ft7ygqg92pj8qh0rwplbw2x80000gn/T/mo-model-control-lypqfc6r/LiveUpdate.tla
Parsing file /private/var/folders/f8/ft7ygqg92pj8qh0rwplbw2x80000gn/T/Naturals.tla
Parsing file /private/var/folders/f8/ft7ygqg92pj8qh0rwplbw2x80000gn/T/Sequences.tla
Parsing file /private/var/folders/f8/ft7ygqg92pj8qh0rwplbw2x80000gn/T/FiniteSets.tla
Semantic processing of module Naturals
Semantic processing of module Sequences
Semantic processing of module FiniteSets
Semantic processing of module LiveUpdate
Starting... (2026-10-05 22:08:34)
Implied-temporal checking--satisfiability problem has 1 branches.
Computing initial states...
Finished computing initial states: 1 distinct state generated at 2026-10-05 22:08:34.
Error: Invariant Safety is violated.
Error: The behavior up to this point is:
State 1: <Initial predicate>
/\ completed = <<>>
/\ completed_values = <<>>
/\ corrupt = FALSE
/\ remaining = 0
/\ flight = 0
/\ attempted = FALSE
/\ outcome = "none"
/\ flight_version = 0
/\ phase = "running"
/\ accepted = {}
/\ version = 1
/\ queue = <<>>
/\ candidate = <<>>

State 2: <Enqueue1 line 16, col 5 to line 21, col 89 of module LiveUpdate>
/\ completed = <<>>
/\ completed_values = <<>>
/\ corrupt = FALSE
/\ remaining = 0
/\ flight = 0
/\ attempted = FALSE
/\ outcome = "none"
/\ flight_version = 0
/\ phase = "running"
/\ accepted = {1}
/\ version = 1
/\ queue = <<1>>
/\ candidate = <<>>

State 3: <Start line 36, col 10 to line 40, col 76 of module LiveUpdate>
/\ completed = <<>>
/\ completed_values = <<>>
/\ corrupt = FALSE
/\ remaining = 0
/\ flight = 1
/\ attempted = FALSE
/\ outcome = "none"
/\ flight_version = 1
/\ phase = "running"
/\ accepted = {1}
/\ version = 1
/\ queue = <<>>
/\ candidate = <<>>

State 4: <Finish line 41, col 11 to line 46, col 57 of module LiveUpdate>
/\ completed = <<1, 1>>
/\ completed_values = <<10>>
/\ corrupt = FALSE
/\ remaining = 0
/\ flight = 0
/\ attempted = FALSE
/\ outcome = "none"
/\ flight_version = 0
/\ phase = "running"
/\ accepted = {1}
/\ version = 1
/\ queue = <<>>
/\ candidate = <<>>

30 states generated, 25 distinct states found, 16 states left on queue.
The depth of the complete state graph search is 4.
The average outdegree of the complete state graph is 3 (minimum is 2, the maximum 4 and the 95th percentile is 4).
Finished in 00s at (2026-10-05 22:08:34)
