TLC2 Version 2.19 of 08 August 2024 (rev: 5a47802)
Warning: Please run the Java VM which executes TLC with a throughput optimized garbage collector by passing the "-XX:+UseParallelGC" property.
(Use the -nowarning option to disable this warning.)
Running breadth-first search Model-Checking with fp 92 and seed -3728306614365757991 with 1 worker on 14 cores with 1024MB heap and 64MB offheap memory [pid: 32449] (Mac OS X 26.6.2 aarch64, Eclipse Adoptium 21.0.4 x86_64, MSBDiskFPSet, DiskStateQueue).
Parsing file /Users/robertguss/Projects/startups/mo-v2/experiments/05-concurrent-updates/model/RepeatedUpdate.tla
Parsing file /private/var/folders/f8/ft7ygqg92pj8qh0rwplbw2x80000gn/T/Naturals.tla
Parsing file /private/var/folders/f8/ft7ygqg92pj8qh0rwplbw2x80000gn/T/Sequences.tla
Parsing file /private/var/folders/f8/ft7ygqg92pj8qh0rwplbw2x80000gn/T/FiniteSets.tla
Semantic processing of module Naturals
Semantic processing of module Sequences
Semantic processing of module FiniteSets
Semantic processing of module RepeatedUpdate
Starting... (2026-10-06 06:14:53)
Implied-temporal checking--satisfiability problem has 1 branches.
Computing initial states...
Finished computing initial states: 1 distinct state generated at 2026-10-06 06:14:53.
Progress(7) at 2026-10-06 06:14:53: 21 states generated, 17 distinct states found, 0 states left on queue.
Checking temporal properties for the complete state space with 17 total distinct states at (2026-10-06 06:14:53)
Finished checking temporal properties in 00s at 2026-10-06 06:14:53
Model checking completed. No error has been found.
  Estimates of the probability that TLC did not check all reachable states
  because two distinct states had the same fingerprint:
  calculated (optimistic):  val = 3.7E-18
21 states generated, 17 distinct states found, 0 states left on queue.
The depth of the complete state graph search is 7.
The average outdegree of the complete state graph is 1 (minimum is 0, the maximum 3 and the 95th percentile is 3).
Finished in 00s at (2026-10-06 06:14:53)
