$ lake env lean -o .lake/build/lib/lean/DemandGate.olean DemandGate.lean
Full.Demand.Soundness.conditional : Full.Statements.Conditional Full.Demand.accepts
'Full.Demand.Soundness.conditional' depends on axioms: [propext, Classical.choice, Quot.sound]
PUBLIC_THEOREM Full.Demand.RegionExecution.decompose_step
PUBLIC_THEOREM Full.Demand.occurrences_le._proof_1_4
PUBLIC_THEOREM Full.Demand.RegionWork.before_enter_reservations._proof_1_1
PUBLIC_THEOREM Full.Demand.futureUses_zero._simp_1_2
PUBLIC_THEOREM Full.Demand.expression._unary._proof_2
PUBLIC_THEOREM Full.Demand.RegionExecution.decompose_step._simp_1_6
PUBLIC_THEOREM Full.Demand.Events.advance_invariant
PUBLIC_THEOREM Full.Demand.Scopes.task.eq_10
PUBLIC_THEOREM Full.Demand.Affinity.transition_bound
PUBLIC_THEOREM Full.Demand.Framing.transition._proof_1_23
PUBLIC_THEOREM Full.Demand.Soundness.return_closed._simp_1_4
PUBLIC_THEOREM Full.Demand.Framing.arguments
PUBLIC_THEOREM Full.Demand.taskUses_zero._simp_1_16
PUBLIC_THEOREM Full.Demand.LocalIds.TaskOK.eq_2
PUBLIC_THEOREM Full.Demand.LocalIds.args_prefix._simp_1_1
PUBLIC_THEOREM Full.Demand.RegionExecution.Resources.commit
PUBLIC_THEOREM Full.Demand.Affinity.transition_new_bound._simp_1_10
PUBLIC_THEOREM Full.Demand.Entry.certified
PUBLIC_THEOREM Full.Demand.transition_tail_new_bound._proof_1_10
PUBLIC_THEOREM Full.Demand.Scopes.task.eq_4
PUBLIC_THEOREM Full.Demand.Events.begin_invariant
PUBLIC_THEOREM Full.Demand.Affinity.transition_certified
PUBLIC_THEOREM Full.Demand.Tickets.consume_lower
PUBLIC_THEOREM Full.Demand.Framing.transition._proof_1_22
PUBLIC_THEOREM Full.Demand.Affinity.transition_new_bound._proof_1_14
PUBLIC_THEOREM Full.Demand.Tickets.Valid.push_scope
PUBLIC_THEOREM Full.Demand.Tickets.consume_of_spend
PUBLIC_THEOREM Full.Demand.spend_monotone._proof_1_7
PUBLIC_THEOREM Full.Demand.Scopes.after.eq_2
PUBLIC_THEOREM Full.Demand.Tickets.branch_filter._simp_1_1
PUBLIC_THEOREM Full.Demand.occurrences._unary.eq_def
PUBLIC_THEOREM Full.Demand.Affinity.reserved_prefix
PUBLIC_THEOREM Full.Demand.transition_old_occurrences._proof_1_28
PUBLIC_THEOREM Full.Demand.RegionExecution.Resources.bindings
PUBLIC_THEOREM Full.Demand.Events.future_zero._proof_1_3
PUBLIC_THEOREM Full.Demand.Framing.Shape.brecOn
PUBLIC_THEOREM Full.Demand.Affinity.Work.of_older
PUBLIC_THEOREM Full.Demand.occurrences.eq_5
PUBLIC_THEOREM Full.Demand.Affinity.transition_eval._simp_1_4
PUBLIC_THEOREM Full.Demand.Events.Trace.brecOn
PUBLIC_THEOREM Full.Demand.accepts_certificates
PUBLIC_THEOREM Full.Demand.taskOccurrences.eq_6
PUBLIC_THEOREM Full.Demand.Affinity.transition_new_bound
PUBLIC_THEOREM Full.Demand.spend_length._simp_1_5
PUBLIC_THEOREM Full.Demand.RegionExecution.choice_step
PUBLIC_THEOREM Full.Demand.expression._sparseCasesOn_1.else_eq
PUBLIC_THEOREM Full.Demand.Scopes.contexts.eq_9
PUBLIC_THEOREM Full.Demand.Affinity.transition_eval
PUBLIC_THEOREM Full.Demand.RegionWork.Clean.head
PUBLIC_THEOREM Full.Demand.freeReserved_occurrences
PUBLIC_THEOREM Full.Demand.Events.future_zero
PUBLIC_THEOREM Full.Demand.Tickets.Valid.push_scope._proof_1_4
PUBLIC_THEOREM Full.Demand.expression.eq_7
PUBLIC_THEOREM Full.Demand.LocalIds.transition._simp_1_37
PUBLIC_THEOREM Full.Demand.Events.step_invariant
PUBLIC_THEOREM Full.Demand.occurrences_le._unary
PUBLIC_THEOREM Full.Demand.expression.eq_9
PUBLIC_THEOREM Full.Demand.Affinity.before_entry_certified
PUBLIC_THEOREM Full.Demand.Tickets.Valid.replace
PUBLIC_THEOREM Full.Demand.Scopes.task.eq_12
PUBLIC_THEOREM Full.Demand.spend_lower._simp_1_5
PUBLIC_THEOREM Full.Demand.Scopes.task.eq_5
PUBLIC_THEOREM Full.Demand.sum_map_zero
PUBLIC_THEOREM Full.Demand.Events.tally_active
PUBLIC_THEOREM Full.Demand.Events.Extension.closed._proof_1_3
PUBLIC_THEOREM Full.Demand.CreditExecution.eligible
PUBLIC_THEOREM Full.Demand.Tickets.Valid.push_scope._simp_1_1
PUBLIC_THEOREM Full.Demand.CreditWork.dispatch
PUBLIC_THEOREM Full.Demand.expression.eq_5
PUBLIC_THEOREM Full.Demand.RegionExecution.give_binding_step._simp_1_5
PUBLIC_THEOREM Full.Demand.RegionExecution.binding_status
PUBLIC_THEOREM Full.Demand.LocalIds.before_entry
PUBLIC_THEOREM Full.Demand.future_cons
PUBLIC_THEOREM Full.Demand.occurrences.eq_8
PUBLIC_THEOREM Full.Demand.LocalIds.parameter_env
PUBLIC_THEOREM Full.Demand.expression_length._unary
PUBLIC_THEOREM Full.Demand.CreditExecution.returning_step
PUBLIC_THEOREM Full.Demand.LocalIds.args_prefix
PUBLIC_THEOREM Full.Demand.RegionExecution.primitive_step._proof_1_9
PUBLIC_THEOREM Full.Demand.hide_lookup
PUBLIC_THEOREM Full.Demand.Soundness.Invariant.bound
PUBLIC_THEOREM Full.Demand.Scopes.arguments
PUBLIC_THEOREM Full.Demand.Scopes.task.eq_1
PUBLIC_THEOREM Full.Demand.LocalIds.TaskOK.eq_1
PUBLIC_THEOREM Full.Demand.occurrences._unary._proof_7
PUBLIC_THEOREM Full.Demand.Tickets.Activation.mk.injEq
PUBLIC_THEOREM Full.Demand.RegionExecution.Resources.cleanup
PUBLIC_THEOREM Full.Demand.Region.unique_cells._simp_1_2
PUBLIC_THEOREM Full.Demand.Framing.transition._proof_1_20
PUBLIC_THEOREM Full.Demand.CreditExecution.expired_step._simp_1_1
PUBLIC_THEOREM Full.Demand.occurrences_le
PUBLIC_THEOREM Full.Demand.taskOccurrences.eq_2
PUBLIC_THEOREM Full.Demand.LocalIds.tasks_cons
PUBLIC_THEOREM Full.Demand.occurrences.eq_6
PUBLIC_THEOREM Full.Demand.LocalIds.before_entry._proof_1_16
PUBLIC_THEOREM Full.Demand.Framing.reserved_prefix
PUBLIC_THEOREM Full.Demand.Tickets.counts.eq_1
PUBLIC_THEOREM Full.Demand.LocalIds.TaskOK.eq_11
PUBLIC_THEOREM Full.Demand.expression.eq_6
PUBLIC_THEOREM Full.Demand.CreditExecution.enter_step._proof_1_2
PUBLIC_THEOREM Full.Demand.occurrences_le._proof_1_5
PUBLIC_THEOREM Full.Demand.Scopes.contexts.eq_13
PUBLIC_THEOREM Full.Demand.Scopes.reserved_prefix
PUBLIC_THEOREM Full.Demand.Events.transition_extension._simp_1_20
PUBLIC_THEOREM Full.Demand.Tickets.Valid.push_call._simp_1_1
PUBLIC_THEOREM Full.Demand.Events.reachable_invariant
PUBLIC_THEOREM Full.Demand.Affinity.Work.brecOn
PUBLIC_THEOREM Full.Demand.Affinity.transition_bindings
PUBLIC_THEOREM Full.Demand.Tickets.Valid.push_call
PUBLIC_THEOREM Full.Demand.Scopes.task.eq_13
PUBLIC_THEOREM Full.Demand.CreditWork.Plan.at_boundary._proof_1_1
PUBLIC_THEOREM Full.Demand.Affinity.arguments._simp_1_1
PUBLIC_THEOREM Full.Demand.Region.entry_heap
PUBLIC_THEOREM Full.Demand.Soundness.Invariant.commit
PUBLIC_THEOREM Full.Demand.CreditExecution.opened
PUBLIC_THEOREM Full.Demand.RegionExecution.administrative_step._simp_1_1
PUBLIC_THEOREM Full.Demand.CreditExecution.at_enter._simp_1_1
PUBLIC_THEOREM Full.Demand.LocalIds.args_prefix._simp_1_2
PUBLIC_THEOREM Full.Demand.Events.advance_closed
PUBLIC_THEOREM Full.Demand.CreditExecution.at_enter
PUBLIC_THEOREM Full.Demand.RegionWork.dead_prefix
PUBLIC_THEOREM Full.Demand.Tickets.Valid.push_call._proof_1_3
PUBLIC_THEOREM Full.Demand.CreditExecution.numbers._proof_1_21
PUBLIC_THEOREM Full.Demand.Events.head_ge
PUBLIC_THEOREM Full.Demand.Soundness.creates_preserved
PUBLIC_THEOREM Full.Demand.transition_parameters_new_bound
PUBLIC_THEOREM Full.Demand.Region.Heap.bounded
PUBLIC_THEOREM Full.Demand.expression.eq_8
PUBLIC_THEOREM Full.Demand.Affinity.Work.of_older._proof_1_3
PUBLIC_THEOREM Full.Demand.Tickets.Budget.mk.inj
PUBLIC_THEOREM Full.Demand.Region.entry_paths
PUBLIC_THEOREM Full.Demand.spend.eq_def
PUBLIC_THEOREM Full.Demand.futureOccurrences.eq_1
PUBLIC_THEOREM Full.Demand.Tickets.Valid.tail
PUBLIC_THEOREM Full.Demand.Events.transition_extension
PUBLIC_THEOREM Full.Demand.spend.eq_1
PUBLIC_THEOREM Full.Demand.Scopes.contexts.eq_1
PUBLIC_THEOREM Full.Demand.Region.entry_roots
PUBLIC_THEOREM Full.Demand.Tickets.consume.eq_3
PUBLIC_THEOREM Full.Demand.RegionExecution.primitive_step._proof_1_5
PUBLIC_THEOREM Full.Demand.LocalIds.before_entry._proof_1_17
PUBLIC_THEOREM Full.Demand.transition_old_occurrences._proof_1_1
PUBLIC_THEOREM Full.Demand.taskOccurrences.eq_4
PUBLIC_THEOREM Full.Demand.occurrences.eq_1
PUBLIC_THEOREM Full.Demand.Affinity.transition_primitive._simp_1_6
PUBLIC_THEOREM Full.Demand.Region.Heap.set_count
PUBLIC_THEOREM Full.Demand.LocalIds.TasksOK.eq_1
PUBLIC_THEOREM Full.Demand.uses_zero._simp_1_23
PUBLIC_THEOREM Full.Demand.Scopes.contexts.eq_11
PUBLIC_THEOREM Full.Demand.CreditExecution.enter_step
PUBLIC_THEOREM Full.Demand.CreditExecution.numbers
PUBLIC_THEOREM Full.Demand.Events.transition_history
PUBLIC_THEOREM Full.Demand.Affinity.transition_new_bound._simp_1_11
PUBLIC_THEOREM Full.Demand.RegionExecution.administrative_step
PUBLIC_THEOREM Full.Demand.fold_length
PUBLIC_THEOREM Full.Demand.RegionExecution.transition
PUBLIC_THEOREM Full.Demand.Events.next_positive
PUBLIC_THEOREM Full.Demand.expression._unary._proof_9
PUBLIC_THEOREM Full.Demand.Scopes.contexts.eq_4
PUBLIC_THEOREM Full.Demand.occurrences_fresh_pair
PUBLIC_THEOREM Full.Demand.CreditExecution.Credit.commit
PUBLIC_THEOREM Full.Demand.accepts.eq_1
PUBLIC_THEOREM Full.Demand.expression.eq_def
PUBLIC_THEOREM Full.Demand.Scopes.Work.contexts_bound
PUBLIC_THEOREM Full.Demand.LocalIds.transition
PUBLIC_THEOREM Full.Demand.analyzed_bin._simp_1_1
PUBLIC_THEOREM Full.Demand.Affinity.transition_decompose
PUBLIC_THEOREM Full.Demand.join_lower
PUBLIC_THEOREM Full.Demand.Tickets.Budget.mk.sizeOf_spec
PUBLIC_THEOREM Full.Demand.expression._unary._proof_1
PUBLIC_THEOREM Full.Demand.RegionWork.Clean.brecOn
PUBLIC_THEOREM Full.Demand.LocalIds.TaskOK.eq_13
PUBLIC_THEOREM Full.Demand.analyzed_if
PUBLIC_THEOREM Full.Demand.RegionExecution.decompose_step._proof_1_9
PUBLIC_THEOREM Full.Demand.Affinity.arguments
PUBLIC_THEOREM Full.Demand.Soundness.creates_preserved._simp_1_9
PUBLIC_THEOREM Full.Demand.transition_old_occurrences._proof_1_22
PUBLIC_THEOREM Full.Demand.Events.frames_ordered._proof_1_1
PUBLIC_THEOREM Full.Demand.Scopes.contexts.eq_12
PUBLIC_THEOREM Full.Demand.Scopes.contexts.eq_10
PUBLIC_THEOREM Full.Demand.Region.path_root
PUBLIC_THEOREM Full.Demand.Affinity.StateCertified.typed
PUBLIC_THEOREM Full.Demand.CreditExecution.pending_no_reservation._proof_1_1
PUBLIC_THEOREM Full.Demand.transition_old_occurrences._proof_1_34
PUBLIC_THEOREM Full.Demand.Affinity.transition_free
PUBLIC_THEOREM Full.Demand.expression_length._simp_1_11
PUBLIC_THEOREM Full.Demand.LocalIds.TaskOK.eq_5
PUBLIC_THEOREM Full.Demand.transition_old_occurrences._proof_1_24
PUBLIC_THEOREM Full.Demand.transition_old_occurrences
PUBLIC_THEOREM Full.Demand.RegionExecution.Resources.heap
PUBLIC_THEOREM Full.Demand.RegionExecution.variable_step
PUBLIC_THEOREM Full.Demand.Soundness.Invariant.transition
PUBLIC_THEOREM Full.Demand.CreditExecution.decompose_step
PUBLIC_THEOREM Full.Demand.occurrences._unary._proof_5
PUBLIC_THEOREM Full.Demand.Framing.Shape.at_boundary._proof_1_1
PUBLIC_THEOREM Full.Demand.Soundness.Invariant.next
PUBLIC_THEOREM Full.Demand.Tickets.consume.eq_2
PUBLIC_THEOREM Full.Demand.LocalIds.transition._simp_1_36
PUBLIC_THEOREM Full.Demand.transition_parameters_new_bound._proof_1_2
PUBLIC_THEOREM Full.Demand.LocalIds.TaskOK.eq_7
PUBLIC_THEOREM Full.Demand.Events.frames_nodup
PUBLIC_THEOREM Full.Demand.CreditExecution.bind_step
PUBLIC_THEOREM Full.Demand.RegionExecution.bind_step
PUBLIC_THEOREM Full.Demand.CreditExecution.transition
PUBLIC_THEOREM Full.Demand.Framing.Shape.at_boundary
PUBLIC_THEOREM Full.Demand.RegionExecution.decompose_step._proof_1_5
PUBLIC_THEOREM Full.Demand.expression._unary._proof_10
PUBLIC_THEOREM Full.Demand.Lower.trans
PUBLIC_THEOREM Full.Demand.uses_zero._unary
PUBLIC_THEOREM Full.Demand.Tickets.Valid.push_call._proof_1_2
PUBLIC_THEOREM Full.Demand.expression._unary._proof_6
PUBLIC_THEOREM Full.Demand.Events.future_zero._proof_1_4
PUBLIC_THEOREM Full.Demand.transition_old_occurrences._proof_1_30
PUBLIC_THEOREM Full.Demand.LocalIds.variable_memory
PUBLIC_THEOREM Full.Demand.CreditExecution.pending_no_reservation
PUBLIC_THEOREM Full.Demand.CreditWork.arguments._simp_1_1
PUBLIC_THEOREM Full.Demand.Soundness.Invariant.credit
PUBLIC_THEOREM Full.Demand.occurrences_le._proof_1_2
PUBLIC_THEOREM Full.Demand.Scopes.headD_bound
PUBLIC_THEOREM Full.Demand.Affinity.transition_new_bound._proof_1_12
PUBLIC_THEOREM Full.Demand.transition_tail_new_bound._proof_1_9
PUBLIC_THEOREM Full.Demand.Framing.transition._proof_1_25
PUBLIC_THEOREM Full.Demand.Affinity.dead_prefix
PUBLIC_THEOREM Full.Demand.hide_lookup_imp
PUBLIC_THEOREM Full.Demand.Scopes.task.eq_8
PUBLIC_THEOREM Full.Demand.occurrences_ext
PUBLIC_THEOREM Full.Demand.spend_length
PUBLIC_THEOREM Full.Demand.occurrences._unary._proof_10
PUBLIC_THEOREM Full.Demand.RegionExecution.choice_step._proof_1_5
PUBLIC_THEOREM Full.Demand.Scopes.contexts.eq_3
PUBLIC_THEOREM Full.Demand.Scopes.after.eq_1
PUBLIC_THEOREM Full.Demand.Framing.dead_prefix
PUBLIC_THEOREM Full.Demand.analyzed_let._simp_1_1
PUBLIC_THEOREM Full.Demand.Scopes.contexts.eq_2
PUBLIC_THEOREM Full.Demand.Affinity.transition_bound._proof_1_1
PUBLIC_THEOREM Full.Demand.RegionExecution.eval._proof_1_4
PUBLIC_THEOREM Full.Demand.Affinity.transition_new_bound._proof_1_4
PUBLIC_THEOREM Full.Demand.arguments_occurrences
PUBLIC_THEOREM Full.Demand.occurrences._unary._proof_11
PUBLIC_THEOREM Full.Demand.Affinity.StateCertified.eq_1
PUBLIC_THEOREM Full.Demand.occurrences._unary._proof_8
PUBLIC_THEOREM Full.Demand.Soundness.at_entry
PUBLIC_THEOREM Full.Demand.transition_old_occurrences._proof_1_29
PUBLIC_THEOREM Full.Demand.spend_lower
PUBLIC_THEOREM Full.Demand.transition_old_occurrences._proof_1_27
PUBLIC_THEOREM Full.Demand.LocalIds.reserved_prefix
PUBLIC_THEOREM Full.Demand.Events.frame_bound
PUBLIC_THEOREM Full.Demand.Tickets.consume_shape
PUBLIC_THEOREM Full.Demand.taskOccurrences.eq_5
PUBLIC_THEOREM Full.Demand.Affinity.transition_new_bound._proof_1_17
PUBLIC_THEOREM Full.Demand.CreditExecution.transition_open
PUBLIC_THEOREM Full.Demand.Tickets.Scope.mk.sizeOf_spec
PUBLIC_THEOREM Full.Demand.Affinity.transition_bind
PUBLIC_THEOREM Full.Demand.Scopes.head_scope
PUBLIC_THEOREM Full.Demand.Scopes.contexts.eq_8
PUBLIC_THEOREM Full.Demand.analyzed_let
PUBLIC_THEOREM Full.Demand.accepts_target._simp_1_5
PUBLIC_THEOREM Full.Demand.Affinity.transition_primitive._simp_1_5
PUBLIC_THEOREM Full.Demand.occurrences._unary._proof_1
PUBLIC_THEOREM Full.Demand.expression._unary.eq_def
PUBLIC_THEOREM Full.Demand.zip_slot_kinds._simp_1_1
PUBLIC_THEOREM Full.Demand.taskUses_zero
PUBLIC_THEOREM Full.Demand.Tickets.Valid.push_scope._proof_1_3
PUBLIC_THEOREM Full.Demand.RegionExecution.Resources.reservations
PUBLIC_THEOREM Full.Demand.CreditExecution.primitive_step._simp_1_6
PUBLIC_THEOREM Full.Demand.Tickets.Valid.monotone
PUBLIC_THEOREM Full.Demand.expression._unary._proof_4
PUBLIC_THEOREM Full.Demand.accepts_target
PUBLIC_THEOREM Full.Demand.analyzed_bin
PUBLIC_THEOREM Full.Demand.Soundness.finite_prefix
PUBLIC_THEOREM Full.Demand.occurrences._unary._proof_2
PUBLIC_THEOREM Full.Demand.Tickets.consume_filter._simp_1_6
PUBLIC_THEOREM Full.Demand.RegionExecution.primitive_step
PUBLIC_THEOREM Full.Demand.CreditExecution.numbers._proof_1_20
PUBLIC_THEOREM Full.Demand.LocalIds.context_cons
PUBLIC_THEOREM Full.Demand.RegionExecution.give_pending_step._proof_1_6
PUBLIC_THEOREM Full.Demand.CreditExecution.primitive_step
PUBLIC_THEOREM Full.Demand.analyzed_match._simp_1_1
PUBLIC_THEOREM Full.Demand.RegionExecution.primitive_step._simp_1_1
PUBLIC_THEOREM Full.Demand.Scopes.task._sparseCasesOn_1.else_eq
PUBLIC_THEOREM Full.Demand.Affinity.transition_primitive
PUBLIC_THEOREM Full.Demand.LocalIds.transition._proof_1_20
PUBLIC_THEOREM Full.Demand.Soundness.Invariant.certified
PUBLIC_THEOREM Full.Demand.uses_zero._simp_1_21
PUBLIC_THEOREM Full.Demand.RegionExecution.at_enter._proof_1_3
PUBLIC_THEOREM Full.Demand.future_nil
PUBLIC_THEOREM Full.Demand.futureUses_zero._simp_1_4
PUBLIC_THEOREM Full.Demand.occurrences.eq_3
PUBLIC_THEOREM Full.Demand.Region.unique_cells
PUBLIC_THEOREM Full.Demand.RegionExecution.at_enter
PUBLIC_THEOREM Full.Demand.RegionWork.arguments
PUBLIC_THEOREM Full.Demand.uses_zero._simp_1_24
PUBLIC_THEOREM Full.Demand.occurrences_ext._unary
PUBLIC_THEOREM Full.Demand.Region.path_link
PUBLIC_THEOREM Full.Demand.Scopes.task.eq_6
PUBLIC_THEOREM Full.Demand.Scopes.task.eq_11
PUBLIC_THEOREM Full.Demand.RegionExecution.choice_step._proof_1_6
PUBLIC_THEOREM Full.Demand.RegionExecution.at_entry
PUBLIC_THEOREM Full.Demand.spend_monotone._proof_1_6
PUBLIC_THEOREM Full.Demand.transition_tail_new_bound._proof_1_1
PUBLIC_THEOREM Full.Demand.Tickets.Scope.mk.injEq
PUBLIC_THEOREM Full.Demand.Events.next_positive._proof_1_1
PUBLIC_THEOREM Full.Demand.affine.eq_1
PUBLIC_THEOREM Full.Demand.Events.frame_bound._proof_1_1
PUBLIC_THEOREM Full.Demand.RegionExecution.eval._proof_1_1
PUBLIC_THEOREM Full.Demand.CreditExecution.choose_match_step
PUBLIC_THEOREM Full.Demand.LocalIds.TaskOK.eq_4
PUBLIC_THEOREM Full.Demand.Tickets.flatten_fields
PUBLIC_THEOREM Full.Demand.Framing.transition._proof_1_21
PUBLIC_THEOREM Full.Demand.RegionExecution.give_binding_step._proof_1_6
PUBLIC_THEOREM Full.Demand.RegionExecution.give_pending_step._proof_1_4
PUBLIC_THEOREM Full.Demand.Scopes.contexts.eq_6
PUBLIC_THEOREM Full.Demand.occurrences._unary._proof_4
PUBLIC_THEOREM Full.Demand.expression._unary._proof_3
PUBLIC_THEOREM Full.Demand.LocalIds.ContextOK.eq_1
PUBLIC_THEOREM Full.Demand.parameter_occurrences
PUBLIC_THEOREM Full.Demand.CreditWork.Plan.brecOn
PUBLIC_THEOREM Full.Demand.occurrences_le._proof_1_1
PUBLIC_THEOREM Full.Demand.RegionExecution.bind_step._proof_1_2
PUBLIC_THEOREM Full.Demand.transition_old_occurrences._proof_1_26
PUBLIC_THEOREM Full.Demand.Scopes.contexts.eq_5
PUBLIC_THEOREM Full.Demand.Affinity.Work.typed
PUBLIC_THEOREM Full.Demand.CreditExecution.expired_step
PUBLIC_THEOREM Full.Demand.RegionExecution.enter_step._proof_1_3
PUBLIC_THEOREM Full.Demand.RegionExecution.enter_step
PUBLIC_THEOREM Full.Demand.Scopes.advance_work
PUBLIC_THEOREM Full.Demand.Events.Extension.trace
PUBLIC_THEOREM Full.Demand.Events.tally_active._simp_1_3
PUBLIC_THEOREM Full.Demand.RegionWork.reserved_prefix
PUBLIC_THEOREM Full.Demand.transition_tail_new_bound
PUBLIC_THEOREM Full.Demand.Region.Heap.release
PUBLIC_THEOREM Full.Demand.LocalIds.TaskOK.eq_12
PUBLIC_THEOREM Full.Demand.occurrences.eq_9
PUBLIC_THEOREM Full.Demand.Tickets.consume_filter
PUBLIC_THEOREM Full.Demand.expression.eq_2
PUBLIC_THEOREM Full.Demand.RegionExecution.give_binding_step._proof_1_4
PUBLIC_THEOREM Full.Demand.Region.RawIn.eq_1
PUBLIC_THEOREM Full.Demand.Tickets.reservations.eq_1
PUBLIC_THEOREM Full.Demand.Affinity.transition_new_bound._simp_1_2
PUBLIC_THEOREM Full.Demand.LocalIds.at_entry
PUBLIC_THEOREM Full.Demand.Region.Heap.write
PUBLIC_THEOREM Full.Demand.RegionExecution.free_step
PUBLIC_THEOREM Full.Demand.Soundness.conditional
PUBLIC_THEOREM Full.Demand.Events.transition_invariant
PUBLIC_THEOREM Full.Demand.analyzed_if._simp_1_1
PUBLIC_THEOREM Full.Demand.parameter_body_bound
PUBLIC_THEOREM Full.Demand.occurrences_le._proof_1_3
PUBLIC_THEOREM Full.Demand.LocalIds.TaskOK.eq_6
PUBLIC_THEOREM Full.Demand.expression._unary._proof_7
PUBLIC_THEOREM Full.Demand.CreditWork.dead_prefix
PUBLIC_THEOREM Full.Demand.spend_lower._proof_1_6
PUBLIC_THEOREM Full.Demand.Affinity.transition_new_bound._simp_1_3
PUBLIC_THEOREM Full.Demand.taskOccurrences._sparseCasesOn_1.else_eq
PUBLIC_THEOREM Full.Demand.Tickets.Valid.eq_1
PUBLIC_THEOREM Full.Demand.LocalIds.TaskOK.eq_8
PUBLIC_THEOREM Full.Demand.Lower.length
PUBLIC_THEOREM Full.Demand.Events.tally_active._proof_1_6
PUBLIC_THEOREM Full.Demand.LocalIds.tasks_append
PUBLIC_THEOREM Full.Demand.occurrences.eq_2
PUBLIC_THEOREM Full.Demand.spend_monotone
PUBLIC_THEOREM Full.Demand.Events.next_positive._proof_1_2
PUBLIC_THEOREM Full.Demand.CreditWork.dispatch._simp_1_6
PUBLIC_THEOREM Full.Demand.CreditExecution.numbers._proof_1_22
PUBLIC_THEOREM Full.Demand.zip_slot_kinds
PUBLIC_THEOREM Full.Demand.taskOccurrences.eq_3
PUBLIC_THEOREM Full.Demand.Soundness.Invariant.ids
PUBLIC_THEOREM Full.Demand.Tickets.branch_filter
PUBLIC_THEOREM Full.Demand.Entry.source
PUBLIC_THEOREM Full.Demand.Tickets.consume_front
PUBLIC_THEOREM Full.Demand.affine_list_bound
PUBLIC_THEOREM Full.Demand.expression.eq_4
PUBLIC_THEOREM Full.Demand.futureUses_zero
PUBLIC_THEOREM Full.Demand.Framing.transition
PUBLIC_THEOREM Full.Demand.RegionExecution.variable_step._proof_1_4
PUBLIC_THEOREM Full.Demand.spend.eq_3
PUBLIC_THEOREM Full.Demand.Affinity.transition_enter
PUBLIC_THEOREM Full.Demand.Affinity.transition_new_bound._proof_1_13
PUBLIC_THEOREM Full.Demand.RegionExecution.eval._simp_1_2
PUBLIC_THEOREM Full.Demand.transition_old_occurrences._proof_1_2
PUBLIC_THEOREM Full.Demand.Events.creates_eq
PUBLIC_THEOREM Full.Demand.Tickets.StackCovers.brecOn
PUBLIC_THEOREM Full.Demand.transition_old_occurrences._proof_1_33
PUBLIC_THEOREM Full.Demand.expression.eq_1
PUBLIC_THEOREM Full.Demand.Scopes.task.eq_7
PUBLIC_THEOREM Full.Demand.call_occurrences
PUBLIC_THEOREM Full.Demand.expression_length
PUBLIC_THEOREM Full.Demand.fold_analyzed._simp_1_1
PUBLIC_THEOREM Full.Demand.LocalIds.TaskOK.eq_9
PUBLIC_THEOREM Full.Demand.Tickets.flatten.eq_1
PUBLIC_THEOREM Full.Demand.transition_bind_new_bound._proof_1_3
PUBLIC_THEOREM Full.Demand.Region.entry_heap._proof_1_1
PUBLIC_THEOREM Full.Demand.Events.frames_nodup._proof_1_1
PUBLIC_THEOREM Full.Demand.Scopes.dead_prefix
PUBLIC_THEOREM Full.Demand.RegionWork.ids_mem
PUBLIC_THEOREM Full.Demand.transition_old_occurrences._proof_1_31
PUBLIC_THEOREM Full.Demand.RegionExecution.Resources.stack
PUBLIC_THEOREM Full.Demand.occurrences.eq_4
PUBLIC_THEOREM Full.Demand.CreditWork.arguments
PUBLIC_THEOREM Full.Demand.occurrences.eq_def
PUBLIC_THEOREM Full.Demand.LocalIds.transition._proof_1_19
PUBLIC_THEOREM Full.Demand.Scopes.contexts.eq_7
PUBLIC_THEOREM Full.Demand.Lower.tail
PUBLIC_THEOREM Full.Demand.RegionExecution.choice_step._proof_1_2
PUBLIC_THEOREM Full.Demand.occurrences._unary._proof_3
PUBLIC_THEOREM Full.Demand.RegionExecution.variable_step._simp_1_5
PUBLIC_THEOREM Full.Demand.future_append
PUBLIC_THEOREM Full.Demand.transition_old_occurrences._proof_1_32
PUBLIC_THEOREM Full.Demand.CreditExecution.branch_result_step
PUBLIC_THEOREM Full.Demand.Tickets.Valid.pop_scope
PUBLIC_THEOREM Full.Demand.spend.eq_2
PUBLIC_THEOREM Full.Demand.Events.tally_active._simp_1_4
PUBLIC_THEOREM Full.Demand.RegionExecution.give_binding_step._proof_1_7
PUBLIC_THEOREM Full.Demand.Events.Invariant.eq_1
PUBLIC_THEOREM Full.Demand.Lower.refl
PUBLIC_THEOREM Full.Demand.expression._unary._proof_8
PUBLIC_THEOREM Full.Demand.Framing.Shape.operands
PUBLIC_THEOREM Full.Demand.sum_map_le
PUBLIC_THEOREM Full.Demand.futureUses_zero._simp_1_3
PUBLIC_THEOREM Full.Demand.RegionExecution.give_pending_step
PUBLIC_THEOREM Full.Demand.Soundness.return_closed
PUBLIC_THEOREM Full.Demand.accepts_certificates._simp_1_5
PUBLIC_THEOREM Full.Demand.uses_zero._simp_1_22
PUBLIC_THEOREM Full.Demand.occurrences.eq_7
PUBLIC_THEOREM Full.Demand.occurrences._unary._proof_6
PUBLIC_THEOREM Full.Demand.Events.tally.eq_1
PUBLIC_THEOREM Full.Demand.Framing.enter
PUBLIC_THEOREM Full.Demand.Region.scrutinee_unique
PUBLIC_THEOREM Full.Demand.Scopes.after._sparseCasesOn_1.else_eq
PUBLIC_THEOREM Full.Demand.LocalIds.dead_prefix
PUBLIC_THEOREM Full.Demand.Region.Heap.closed
PUBLIC_THEOREM Full.Demand.occurrences_member_bound
PUBLIC_THEOREM Full.Demand.LocalIds.parameter_env._proof_1_2
PUBLIC_THEOREM Full.Demand.last_use
PUBLIC_THEOREM Full.Demand.transition_tail_new_bound._proof_1_8
PUBLIC_THEOREM Full.Demand.Tickets.consume_of_spend._simp_1_2
PUBLIC_THEOREM Full.Demand.spend_monotone._simp_1_5
PUBLIC_THEOREM Full.Demand.Events.begin_history
PUBLIC_THEOREM Full.Demand.RegionExecution.free_step._proof_1_4
PUBLIC_THEOREM Full.Demand.Tickets.reservation_fields
PUBLIC_THEOREM Full.Demand.Events.Extension.closed._proof_1_4
PUBLIC_THEOREM Full.Demand.Region.scrutinee_unique._proof_1_1
PUBLIC_THEOREM Full.Demand.LocalIds.transition._simp_1_56
PUBLIC_THEOREM Full.Demand.Tickets.Valid.push_scope._proof_1_2
PUBLIC_THEOREM Full.Demand.CreditExecution.numbers._proof_1_19
PUBLIC_THEOREM Full.Demand.transition_old_occurrences._proof_1_25
PUBLIC_THEOREM Full.Demand.fold_analyzed
PUBLIC_THEOREM Full.Demand.LocalIds.tasks_append._simp_1_2
PUBLIC_THEOREM Full.Demand.RegionExecution.administrative_step._proof_1_6
PUBLIC_THEOREM Full.Demand.Events.tally_active._simp_1_5
PUBLIC_THEOREM Full.Demand.Scopes.task_bound
PUBLIC_THEOREM Full.Demand.Events.last_enter
PUBLIC_THEOREM Full.Demand.RegionExecution.at_enter._proof_1_4
PUBLIC_THEOREM Full.Demand.Affinity.transition_old_bound
PUBLIC_THEOREM Full.Demand.CreditWork.Plan.at_boundary._proof_1_2
PUBLIC_THEOREM Full.Demand.LocalIds.TaskOK.eq_3
PUBLIC_THEOREM Full.Demand.occurrences._unary._proof_9
PUBLIC_THEOREM Full.Demand.LocalIds.tasks_append._simp_1_3
PUBLIC_THEOREM Full.Demand.fold_length._simp_1_1
PUBLIC_THEOREM Full.Demand.analyzed_call
PUBLIC_THEOREM Full.Demand.Region.Heap.update
PUBLIC_THEOREM Full.Demand.Tickets.branch_filter._proof_1_2
PUBLIC_THEOREM Full.Demand.Tickets.Budget.mk.injEq
PUBLIC_THEOREM Full.Demand.transition_old_occurrences._proof_1_21
PUBLIC_THEOREM Full.Demand.LocalIds.TaskOK.eq_10
PUBLIC_THEOREM Full.Demand.RegionExecution.free_step._proof_1_3
PUBLIC_THEOREM Full.Demand.LocalIds.TaskOK._sparseCasesOn_1.else_eq
PUBLIC_THEOREM Full.Demand.Framing.transition._proof_1_24
PUBLIC_THEOREM Full.Demand.Scopes.task.eq_2
PUBLIC_THEOREM Full.Demand.Tickets.consume_find
PUBLIC_THEOREM Full.Demand.future_dead
PUBLIC_THEOREM Full.Demand.Tickets.consume.eq_def
PUBLIC_THEOREM Full.Demand.CreditWork.Plan.at_boundary
PUBLIC_THEOREM Full.Demand.occurrences_fresh_shadow
PUBLIC_THEOREM Full.Demand.Tickets.consume.eq_1
PUBLIC_THEOREM Full.Demand.expression._unary._proof_5
PUBLIC_THEOREM Full.Demand.Events.tally._sparseCasesOn_3.else_eq
PUBLIC_THEOREM Full.Demand.Soundness.Invariant.resources
PUBLIC_THEOREM Full.Demand.transition_bind_new_bound
PUBLIC_THEOREM Full.Demand.last_use._proof_1_19
PUBLIC_THEOREM Full.Demand.Lower.brecOn
PUBLIC_THEOREM Full.Demand.RegionWork.before_enter_reservations
PUBLIC_THEOREM Full.Demand.Scopes.active_head_ge
PUBLIC_THEOREM Full.Demand.Tickets.Scope.mk.inj
PUBLIC_THEOREM Full.Demand.Tickets.Activation.mk.inj
PUBLIC_THEOREM Full.Demand.Scopes.reachable_work
PUBLIC_THEOREM Full.Demand.Scopes.Work.brecOn
PUBLIC_THEOREM Full.Demand.taskUses_zero._simp_1_15
PUBLIC_THEOREM Full.Demand.Framing.transition._proof_1_19
PUBLIC_THEOREM Full.Demand.RegionExecution.give_pending_step._simp_1_5
PUBLIC_THEOREM Full.Demand.Scopes.task.eq_3
PUBLIC_THEOREM Full.Demand.LocalIds.transition._proof_1_21
PUBLIC_THEOREM Full.Demand.Scopes.contexts._sparseCasesOn_1.else_eq
PUBLIC_THEOREM Full.Demand.expression._unary._proof_11
PUBLIC_THEOREM Full.Demand.Tickets.Activation.mk.sizeOf_spec
PUBLIC_THEOREM Full.Demand.taskOccurrences.eq_1
PUBLIC_THEOREM Full.Demand.Events.frames_ordered
PUBLIC_THEOREM Full.Demand.RegionExecution.decompose_step._simp_1_7
PUBLIC_THEOREM Full.Demand.Affinity.Work.of_older._proof_1_2
PUBLIC_THEOREM Full.Demand.Region.Heap.set_aside
PUBLIC_THEOREM Full.Demand.CreditWork.Plan.prefix
PUBLIC_THEOREM Full.Demand.Scopes.begin_work
PUBLIC_THEOREM Full.Demand.CreditExecution.eval_step
PUBLIC_THEOREM Full.Demand.Scopes.reachable_contexts_bound
PUBLIC_THEOREM Full.Demand.RegionExecution.give_binding_step
PUBLIC_THEOREM Full.Demand.Events.transition_enter_zero
PUBLIC_THEOREM Full.Demand.Scopes.transition_work
PUBLIC_THEOREM Full.Demand.RegionExecution.give_pending_step._proof_1_7
PUBLIC_THEOREM Full.Demand.uses_zero
PUBLIC_THEOREM Full.Demand.CreditExecution.handoff_step
PUBLIC_THEOREM Full.Demand.Framing.Shape.prefix
PUBLIC_THEOREM Full.Demand.Events.step_closed
PUBLIC_THEOREM Full.Demand.CreditExecution.enter_step._simp_1_1
PUBLIC_THEOREM Full.Demand.fresh_future_zero
PUBLIC_THEOREM Full.Demand.LocalIds.variable_last
PUBLIC_THEOREM Full.Demand.CreditExecution.quiet_step
PUBLIC_THEOREM Full.Demand.CreditExecution.choose_if_step
PUBLIC_THEOREM Full.Demand.Events.Extension.closed
PUBLIC_THEOREM Full.Demand.Scopes.task.eq_9
PUBLIC_THEOREM Full.Demand.Events.frame_bound._proof_1_2
PUBLIC_THEOREM Full.Demand.RegionExecution.eval
PUBLIC_THEOREM Full.Demand.expression.eq_3
PUBLIC_THEOREM Full.Demand.CreditWork.budget.eq_1
PUBLIC_THEOREM Full.Demand.analyzed_match
PUBLIC_THEOREM Full.Demand.Events.entry_zero
PUBLIC_THEOREM Full.Demand.transition_old_occurrences._proof_1_23
EXIT=0
