load    : std/core
load    : std/core/types
load    : std/core/undiv
load    : std/core/unsafe
load    : std/core/exn
load    : std/core/bool
load    : std/core/int
load    : std/core/order
load    : std/core/hnd
load    : std/core/char
load    : std/core/string
load    : std/core/bytes
load    : std/core/vector
load    : std/core/bslice
load    : std/core/sslice
load    : std/core/maybe
load    : std/core/list
load    : std/core/either
load    : std/core/maybe2
load    : std/core/tuple
load    : std/core/result
load    : std/core/show
load    : std/core/debug
load    : std/core/lazy
load    : std/core/delayed
load    : std/core/console
parse   : .../koka-r2/s1a08.kk
check   : koka-r2/s1a08
linking : koka-r2/s1a08/@main
created : /tmp/full3c-koka-5pso_ti0/s1a08
koka-r2/s1a08.kk(6,27): type warning: pattern variable nt is unused (or a wrongly spelled constructor?)
   hint: start with an underscore to make it a wildcard pattern

