load    : std/core
load    : std/core/types
load    : std/core/hnd
load    : std/core/unsafe
load    : std/core/vector
load    : std/core/char
load    : std/core/bytes
load    : std/core/int
load    : std/core/undiv
load    : std/core/bool
load    : std/core/order
load    : std/core/bslice
load    : std/core/sslice
load    : std/core/maybe
load    : std/core/string
load    : std/core/either
load    : std/core/list
load    : std/core/result
load    : std/core/tuple
load    : std/core/maybe2
load    : std/core/lazy
load    : std/core/debug
load    : std/core/show
load    : std/core/delayed
load    : std/core/console
load    : std/core/exn
parse   : .../koka-r2/s1a09.kk
check   : koka-r2/s1a09
linking : koka-r2/s1a09/@main
created : /tmp/full3c-koka-5pso_ti0/s1a09
