load    : std/core
load    : std/core/types
load    : std/core/undiv
load    : std/core/char
load    : std/core/hnd
load    : std/core/exn
load    : std/core/bool
load    : std/core/unsafe
load    : std/core/int
load    : std/core/bytes
load    : std/core/order
load    : std/core/vector
load    : std/core/bslice
load    : std/core/sslice
load    : std/core/maybe
load    : std/core/maybe2
load    : std/core/list
load    : std/core/either
load    : std/core/tuple
load    : std/core/result
load    : std/core/lazy
load    : std/core/string
load    : std/core/debug
load    : std/core/delayed
load    : std/core/console
load    : std/core/show
parse   : .../koka-r2/s1a07.kk
check   : koka-r2/s1a07
koka-r2/s1a07.kk(2,10): type error: effects do not match
  context        :          mo-merge
  term           :          mo-merge
  inferred effect: total
  expected effect: <div|_e>
  because        : effect cannot be subsumed

