load    : std/core
load    : std/core/types
load    : std/core/undiv
load    : std/core/unsafe
load    : std/core/int
load    : std/core/hnd
load    : std/core/order
load    : std/core/bool
load    : std/core/vector
load    : std/core/exn
load    : std/core/bytes
load    : std/core/char
load    : std/core/bslice
load    : std/core/string
load    : std/core/list
load    : std/core/maybe2
load    : std/core/sslice
load    : std/core/maybe
load    : std/core/result
load    : std/core/tuple
load    : std/core/lazy
load    : std/core/show
load    : std/core/debug
load    : std/core/delayed
load    : std/core/console
load    : std/core/either
parse   : .../koka-r2/s1o01.kk
check   : koka-r2/s1o01
linking : koka-r2/s1o01/@main
created : /tmp/full3c-koka-5pso_ti0/s1o01
koka-r2/s1o01.kk(5,10): warning: fbip fun mo-arith-demand: calling a non-fip function: mo-arithmetic

