load    : std/core
load    : std/core/types
load    : std/core/undiv
load    : std/core/unsafe
load    : std/core/exn
load    : std/core/hnd
load    : std/core/vector
load    : std/core/char
load    : std/core/order
load    : std/core/int
load    : std/core/bool
load    : std/core/string
load    : std/core/bytes
load    : std/core/list
load    : std/core/bslice
load    : std/core/maybe
load    : std/core/sslice
load    : std/core/maybe2
load    : std/core/either
load    : std/core/result
load    : std/core/lazy
load    : std/core/show
load    : std/core/delayed
load    : std/core/tuple
load    : std/core/console
load    : std/core/debug
parse   : .../koka-r2/s1r02.kk
check   : koka-r2/s1r02
linking : koka-r2/s1r02/@main
created : /tmp/full3c-koka-5pso_ti0/s1r02
koka-r2/s1r02.kk(2,10): warning: fbip fun mo-prepend: function allocates at most 1 but was declared as allocating nothing

