load    : std/core
load    : std/core/types
load    : std/core/undiv
load    : std/core/unsafe
load    : std/core/hnd
load    : std/core/bool
load    : std/core/vector
load    : std/core/char
load    : std/core/order
load    : std/core/exn
load    : std/core/bslice
load    : std/core/int
load    : std/core/bytes
load    : std/core/string
load    : std/core/sslice
load    : std/core/maybe
load    : std/core/list
load    : std/core/maybe2
load    : std/core/result
load    : std/core/either
load    : std/core/tuple
load    : std/core/show
load    : std/core/debug
load    : std/core/console
load    : std/core/delayed
load    : std/core/lazy
parse   : .../koka-r2/s1r05.kk
check   : koka-r2/s1r05
linking : koka-r2/s1r05/@main
created : /tmp/full3c-koka-5pso_ti0/s1r05
koka-r2/s1r05.kk(8,10): warning: fbip fun mo-twice: the variable xs is used multiple times (causing sharing and preventing reuse)

