load    : std/core
load    : std/core/types
load    : std/core/char
load    : std/core/undiv
load    : std/core/exn
load    : std/core/unsafe
load    : std/core/order
load    : std/core/hnd
load    : std/core/int
load    : std/core/bool
load    : std/core/vector
load    : std/core/bytes
load    : std/core/string
load    : std/core/sslice
load    : std/core/bslice
load    : std/core/list
load    : std/core/either
load    : std/core/result
load    : std/core/maybe
load    : std/core/maybe2
load    : std/core/lazy
load    : std/core/show
load    : std/core/debug
load    : std/core/tuple
load    : std/core/delayed
load    : std/core/console
parse   : .../koka-r2/s1r06.kk
check   : koka-r2/s1r06
linking : koka-r2/s1r06/@main
created : /tmp/full3c-koka-5pso_ti0/s1r06
koka-r2/s1r06.kk(5,10): warning: fbip fun mo-alloc-helper: calling a non-fip function: mo-one

