./ACCEPTANCE.md: OK
./BASELINE.sha256: OK
./PREPARATION-RESULT.md: OK
./SPEC-ENCODING-BRIEF.md: OK
./VERIFIER.md: OK
./acceptance/BOUNDARIES.md: OK
./acceptance/CHECKPOINT.md: OK
./acceptance/CHECKS.md: OK
./acceptance/DERIVATIONS.md: OK
./acceptance/HANDOFF.md: OK
./acceptance/KOKA.md: OK
./acceptance/MANIFEST.sha256: OK
./acceptance/PREDICTIONS.sha256: OK
./acceptance/check.py: OK
./acceptance/checks.log: OK
./acceptance/compare_koka.py: OK
./acceptance/comparison-r2.log: OK
./acceptance/comparison-r3.log: OK
./acceptance/comparison.log: OK
./acceptance/consumer-unit.log: OK
./acceptance/koka-r2/S1A01.compile.stderr: OK
./acceptance/koka-r2/S1A01.compile.stdout: OK
./acceptance/koka-r2/S1A01.run.stderr: OK
./acceptance/koka-r2/S1A01.run.stdout: OK
./acceptance/koka-r2/S1A02.compile.stderr: OK
./acceptance/koka-r2/S1A02.compile.stdout: OK
./acceptance/koka-r2/S1A02.run.stderr: OK
./acceptance/koka-r2/S1A02.run.stdout: OK
./acceptance/koka-r2/S1A03.compile.stderr: OK
./acceptance/koka-r2/S1A03.compile.stdout: OK
./acceptance/koka-r2/S1A03.run.stderr: OK
./acceptance/koka-r2/S1A03.run.stdout: OK
./acceptance/koka-r2/S1A04.compile.stderr: OK
./acceptance/koka-r2/S1A04.compile.stdout: OK
./acceptance/koka-r2/S1A04.run.stderr: OK
./acceptance/koka-r2/S1A04.run.stdout: OK
./acceptance/koka-r2/S1A05.compile.stderr: OK
./acceptance/koka-r2/S1A05.compile.stdout: OK
./acceptance/koka-r2/S1A05.run.stderr: OK
./acceptance/koka-r2/S1A05.run.stdout: OK
./acceptance/koka-r2/S1A06.compile.stderr: OK
./acceptance/koka-r2/S1A06.compile.stdout: OK
./acceptance/koka-r2/S1A06.run.stderr: OK
./acceptance/koka-r2/S1A06.run.stdout: OK
./acceptance/koka-r2/S1A07.compile.stderr: OK
./acceptance/koka-r2/S1A07.compile.stdout: OK
./acceptance/koka-r2/S1A08.compile.stderr: OK
./acceptance/koka-r2/S1A08.compile.stdout: OK
./acceptance/koka-r2/S1A08.run.stderr: OK
./acceptance/koka-r2/S1A08.run.stdout: OK
./acceptance/koka-r2/S1A09.compile.stderr: OK
./acceptance/koka-r2/S1A09.compile.stdout: OK
./acceptance/koka-r2/S1A09.run.stderr: OK
./acceptance/koka-r2/S1A09.run.stdout: OK
./acceptance/koka-r2/S1A10.compile.stderr: OK
./acceptance/koka-r2/S1A10.compile.stdout: OK
./acceptance/koka-r2/S1A10.run.stderr: OK
./acceptance/koka-r2/S1A10.run.stdout: OK
./acceptance/koka-r2/S1A11.compile.stderr: OK
./acceptance/koka-r2/S1A11.compile.stdout: OK
./acceptance/koka-r2/S1A11.run.stderr: OK
./acceptance/koka-r2/S1A11.run.stdout: OK
./acceptance/koka-r2/S1A12.compile.stderr: OK
./acceptance/koka-r2/S1A12.compile.stdout: OK
./acceptance/koka-r2/S1A12.run.stderr: OK
./acceptance/koka-r2/S1A12.run.stdout: OK
./acceptance/koka-r2/S1O01.compile.stderr: OK
./acceptance/koka-r2/S1O01.compile.stdout: OK
./acceptance/koka-r2/S1O01.run.stderr: OK
./acceptance/koka-r2/S1O01.run.stdout: OK
./acceptance/koka-r2/S1R01.compile.stderr: OK
./acceptance/koka-r2/S1R01.compile.stdout: OK
./acceptance/koka-r2/S1R01.run.stderr: OK
./acceptance/koka-r2/S1R01.run.stdout: OK
./acceptance/koka-r2/S1R02.compile.stderr: OK
./acceptance/koka-r2/S1R02.compile.stdout: OK
./acceptance/koka-r2/S1R02.run.stderr: OK
./acceptance/koka-r2/S1R02.run.stdout: OK
./acceptance/koka-r2/S1R03.compile.stderr: OK
./acceptance/koka-r2/S1R03.compile.stdout: OK
./acceptance/koka-r2/S1R03.run.stderr: OK
./acceptance/koka-r2/S1R03.run.stdout: OK
./acceptance/koka-r2/S1R04.compile.stderr: OK
./acceptance/koka-r2/S1R04.compile.stdout: OK
./acceptance/koka-r2/S1R05.compile.stderr: OK
./acceptance/koka-r2/S1R05.compile.stdout: OK
./acceptance/koka-r2/S1R05.run.stderr: OK
./acceptance/koka-r2/S1R05.run.stdout: OK
./acceptance/koka-r2/S1R06.compile.stderr: OK
./acceptance/koka-r2/S1R06.compile.stdout: OK
./acceptance/koka-r2/S1R06.run.stderr: OK
./acceptance/koka-r2/S1R06.run.stdout: OK
./acceptance/koka-r2/generator.py: OK
./acceptance/koka-r2/results.json: OK
./acceptance/koka-r2/s1a01.kk: OK
./acceptance/koka-r2/s1a02.kk: OK
./acceptance/koka-r2/s1a03.kk: OK
./acceptance/koka-r2/s1a04.kk: OK
./acceptance/koka-r2/s1a05.kk: OK
./acceptance/koka-r2/s1a06.kk: OK
./acceptance/koka-r2/s1a07.kk: OK
./acceptance/koka-r2/s1a08.kk: OK
./acceptance/koka-r2/s1a09.kk: OK
./acceptance/koka-r2/s1a10.kk: OK
./acceptance/koka-r2/s1a11.kk: OK
./acceptance/koka-r2/s1a12.kk: OK
./acceptance/koka-r2/s1o01.kk: OK
./acceptance/koka-r2/s1r01.kk: OK
./acceptance/koka-r2/s1r02.kk: OK
./acceptance/koka-r2/s1r03.kk: OK
./acceptance/koka-r2/s1r04.kk: OK
./acceptance/koka-r2/s1r05.kk: OK
./acceptance/koka-r2/s1r06.kk: OK
./acceptance/koka-r2/version.txt: OK
./acceptance/koka-r3/S1A07.compile.stderr: OK
./acceptance/koka-r3/S1A07.compile.stdout: OK
./acceptance/koka-r3/S1A07.run.stderr: OK
./acceptance/koka-r3/S1A07.run.stdout: OK
./acceptance/koka-r3/S1R04.compile.stderr: OK
./acceptance/koka-r3/S1R04.compile.stdout: OK
./acceptance/koka-r3/S1R04.run.stderr: OK
./acceptance/koka-r3/S1R04.run.stdout: OK
./acceptance/koka-r3/results.json: OK
./acceptance/koka-r3/s1a07.kk: OK
./acceptance/koka-r3/s1r04.kk: OK
./acceptance/koka-r3/version.txt: OK
./acceptance/koka/S1A01.compile.stderr: OK
./acceptance/koka/S1A01.compile.stdout: OK
./acceptance/koka/S1A02.compile.stderr: OK
./acceptance/koka/S1A02.compile.stdout: OK
./acceptance/koka/S1A03.compile.stderr: OK
./acceptance/koka/S1A03.compile.stdout: OK
./acceptance/koka/S1A04.compile.stderr: OK
./acceptance/koka/S1A04.compile.stdout: OK
./acceptance/koka/S1A05.compile.stderr: OK
./acceptance/koka/S1A05.compile.stdout: OK
./acceptance/koka/S1A06.compile.stderr: OK
./acceptance/koka/S1A06.compile.stdout: OK
./acceptance/koka/S1A07.compile.stderr: OK
./acceptance/koka/S1A07.compile.stdout: OK
./acceptance/koka/S1A08.compile.stderr: OK
./acceptance/koka/S1A08.compile.stdout: OK
./acceptance/koka/S1A09.compile.stderr: OK
./acceptance/koka/S1A09.compile.stdout: OK
./acceptance/koka/S1A10.compile.stderr: OK
./acceptance/koka/S1A10.compile.stdout: OK
./acceptance/koka/S1A11.compile.stderr: OK
./acceptance/koka/S1A11.compile.stdout: OK
./acceptance/koka/S1A12.compile.stderr: OK
./acceptance/koka/S1A12.compile.stdout: OK
./acceptance/koka/S1O01.compile.stderr: OK
./acceptance/koka/S1O01.compile.stdout: OK
./acceptance/koka/S1R01.compile.stderr: OK
./acceptance/koka/S1R01.compile.stdout: OK
./acceptance/koka/S1R02.compile.stderr: OK
./acceptance/koka/S1R02.compile.stdout: OK
./acceptance/koka/S1R03.compile.stderr: OK
./acceptance/koka/S1R03.compile.stdout: OK
./acceptance/koka/S1R04.compile.stderr: OK
./acceptance/koka/S1R04.compile.stdout: OK
./acceptance/koka/S1R05.compile.stderr: OK
./acceptance/koka/S1R05.compile.stdout: OK
./acceptance/koka/S1R06.compile.stderr: OK
./acceptance/koka/S1R06.compile.stdout: OK
./acceptance/koka/generator.py: OK
./acceptance/koka/results.json: OK
./acceptance/koka/s1a01.kk: OK
./acceptance/koka/s1a02.kk: OK
./acceptance/koka/s1a03.kk: OK
./acceptance/koka/s1a04.kk: OK
./acceptance/koka/s1a05.kk: OK
./acceptance/koka/s1a06.kk: OK
./acceptance/koka/s1a07.kk: OK
./acceptance/koka/s1a08.kk: OK
./acceptance/koka/s1a09.kk: OK
./acceptance/koka/s1a10.kk: OK
./acceptance/koka/s1a11.kk: OK
./acceptance/koka/s1a12.kk: OK
./acceptance/koka/s1o01.kk: OK
./acceptance/koka/s1r01.kk: OK
./acceptance/koka/s1r02.kk: OK
./acceptance/koka/s1r03.kk: OK
./acceptance/koka/s1r04.kk: OK
./acceptance/koka/s1r05.kk: OK
./acceptance/koka/s1r06.kk: OK
./acceptance/koka/version.txt: OK
./acceptance/predictions.json: OK
./acceptance/programs.json: OK
./acceptance/starts.json: OK
./acceptance/supplemental-v2/CALL-CHECKPOINT.txt: OK
./acceptance/supplemental-v2/INVENTORY.sha256: OK
./acceptance/supplemental-v2/README.md: OK
./acceptance/supplemental-v2/SOURCE.sha256: OK
./acceptance/supplemental-v2/call_predictions.py: OK
./acceptance/supplemental-v2/check_expanded.py: OK
./acceptance/supplemental-v2/consumer-development.json: OK
./acceptance/supplemental-v2/expected-events.json: OK
./acceptance/supplemental-v2/results.json: OK
./acceptance/supplemental-v2/verification.log: OK
./acceptance/supplemental/INVENTORY.sha256: OK
./acceptance/supplemental/README.md: OK
./acceptance/supplemental/SOURCE.sha256: OK
./acceptance/supplemental/boundary_check.py: OK
./acceptance/supplemental/results.json: OK
./acceptance/supplemental/verification.log: OK
./acceptance/verification.log: OK
./lean/.gitignore: OK
./lean/Export.lean: OK
./lean/Full.lean: OK
./lean/Full/Control.lean: OK
./lean/Full/Counted.lean: OK
./lean/Full/Inspect.lean: OK
./lean/Full/Language.lean: OK
./lean/Full/Lifecycle.lean: OK
./lean/Full/Plain.lean: OK
./lean/Full/Statements.lean: OK
./lean/ProofGate.lean: OK
./lean/TrialCompatibility.lean: OK
./lean/lake-manifest.json: OK
./lean/lakefile.toml: OK
./lean/lean-toolchain: OK
./run_spec.py: OK
./verification/Controls.lean: OK
./verification/FINAL-REVIEW.md: OK
./verification/REVIEW-FOLLOWUP.md: OK
./verification/ReviewCases.lean: OK
./verification/SCOPE-FOLLOWUP.md: OK
./verification/check_final.py: OK
./verification/evidence/boundary-results.json: OK
./verification/evidence/controls.log: OK
./verification/evidence/expanded-results.json: OK
./verification/evidence/inputs.json: OK
./verification/evidence/raw.json.gz: OK
./verification/evidence/summary.json: OK
./verification/evidence/verifier-controls.log: OK
./verification/evidence/verifier-scope.log: OK
./verification/final-results.json: OK
