ℹ [61/88] Replayed Full.Proofs.RankCounterexample
info: Full/Proofs/RankCounterexample.lean:101:0: 'Full.Proofs.RankCounterexample.not_f2' depends on axioms: [propext, Classical.choice, Quot.sound]
info: Full/Proofs/RankCounterexample.lean:102:0: 'Full.Proofs.RankCounterexample.shared_ranks' depends on axioms: [propext, Quot.sound]
ℹ [87/88] Replayed Full.Proofs.TrialCompatibilitySimulation
info: Full/Proofs/TrialCompatibilitySimulation.lean:140:0: 'Full.Proofs.TrialCompatibilitySimulation.uses_embed' depends on axioms: [propext, Quot.sound]
info: Full/Proofs/TrialCompatibilitySimulation.lean:141:0: 'Full.Proofs.TrialCompatibilitySimulation.eval_task_uses' depends on axioms: [propext, Quot.sound]
info: Full/Proofs/TrialCompatibilitySimulation.lean:142:0: 'Full.Proofs.TrialCompatibilitySimulation.bind_task_uses' depends on axioms: [propext, Quot.sound]
info: Full/Proofs/TrialCompatibilitySimulation.lean:143:0: 'Full.Proofs.TrialCompatibilitySimulation.if_task_uses' depends on axioms: [propext, Quot.sound]
info: Full/Proofs/TrialCompatibilitySimulation.lean:144:0: 'Full.Proofs.TrialCompatibilitySimulation.match_task_uses' depends on axioms: [propext, Quot.sound]
info: Full/Proofs/TrialCompatibilitySimulation.lean:145:0: 'Full.Proofs.TrialCompatibilitySimulation.scope_test' depends on axioms: [propext, Quot.sound]
info: Full/Proofs/TrialCompatibilitySimulation.lean:146:0: 'Full.Proofs.TrialCompatibilitySimulation.visible_projection' depends on axioms: [propext, Quot.sound]
info: Full/Proofs/TrialCompatibilitySimulation.lean:147:0: 'Full.Proofs.TrialCompatibilitySimulation.commit_snapshot' depends on axioms: [propext, Quot.sound]
info: Full/Proofs/TrialCompatibilitySimulation.lean:148:0: 'Full.Proofs.TrialCompatibilitySimulation.commit_no_landmark' depends on axioms: [propext]
info: Full/Proofs/TrialCompatibilitySimulation.lean:149:0: 'Full.Proofs.TrialCompatibilitySimulation.commit_record' depends on axioms: [propext]
info: Full/Proofs/TrialCompatibilitySimulation.lean:150:0: 'Full.Proofs.TrialCompatibilitySimulation.trial_answer' depends on axioms: [propext, Classical.choice, Quot.sound]
info: Full/Proofs/TrialCompatibilitySimulation.lean:151:0: 'Full.Proofs.TrialCompatibilitySimulation.capture_stutter' depends on axioms: [propext, Quot.sound]
info: Full/Proofs/TrialCompatibilitySimulation.lean:152:0: 'Full.Proofs.TrialCompatibilitySimulation.handoff_stutter' depends on axioms: [propext, Quot.sound]
ℹ [88/88] Replayed Full.Proofs.TrialExecution
info: Full/Proofs/TrialExecution.lean:136:0: 'Full.Proofs.TrialExecution.future_nil' depends on axioms: [propext, Quot.sound]
info: Full/Proofs/TrialExecution.lean:137:0: 'Full.Proofs.TrialExecution.future_eval' depends on axioms: [propext, Quot.sound]
info: Full/Proofs/TrialExecution.lean:138:0: 'Full.Proofs.TrialExecution.future_bind' depends on axioms: [propext, Quot.sound]
info: Full/Proofs/TrialExecution.lean:139:0: 'Full.Proofs.TrialExecution.future_if' depends on axioms: [propext, Quot.sound]
info: Full/Proofs/TrialExecution.lean:140:0: 'Full.Proofs.TrialExecution.future_match' depends on axioms: [propext, Quot.sound]
info: Full/Proofs/TrialExecution.lean:141:0: 'Full.Proofs.TrialExecution.future_decompose' depends on axioms: [propext, Quot.sound]
info: Full/Proofs/TrialExecution.lean:142:0: 'Full.Proofs.TrialExecution.future_silent' depends on axioms: [propext, Quot.sound]
info: Full/Proofs/TrialExecution.lean:143:0: 'Full.Proofs.TrialExecution.future_append' depends on axioms: [propext, Quot.sound]
info: Full/Proofs/TrialExecution.lean:144:0: 'Full.Proofs.TrialExecution.eval_num' depends on axioms: [propext, Quot.sound]
info: Full/Proofs/TrialExecution.lean:145:0: 'Full.Proofs.TrialExecution.eval_nil' depends on axioms: [propext, Quot.sound]
info: Full/Proofs/TrialExecution.lean:146:0: 'Full.Proofs.TrialExecution.start' depends on axioms: [propext, Quot.sound]
info: Full/Proofs/TrialExecution.lean:147:0: 'Full.Proofs.TrialExecution.finish' depends on axioms: [propext, Quot.sound]
Build completed successfully (88 jobs).
