'Full.Proofs.ControlShape.finish_tail' depends on axioms: [propext]
'Full.Proofs.ControlShape.dead_prefix' depends on axioms: [propext, Quot.sound]
'Full.Proofs.ControlShape.args_prefix' depends on axioms: [propext]
'Full.Proofs.ControlShape.reserved_prefix' depends on axioms: [propext]
'Full.Proofs.ControlShape.transition_shape' depends on axioms: [propext, Classical.choice, Quot.sound]
'Full.Proofs.ControlShape.advance_shape' depends on axioms: [propext, Classical.choice, Quot.sound]
'Full.Proofs.ControlShape.reachable_shape' depends on axioms: [propext, Classical.choice, Quot.sound]
'Full.Proofs.ControlShape.terminal_no_transition' depends on axioms: [propext, Classical.choice, Quot.sound]
'Full.Proofs.destruction_step_execution' depends on axioms: [propext, Quot.sound]
'Full.Proofs.destruction_reachable_step' depends on axioms: [propext, Classical.choice, Quot.sound]
'Full.Proofs.destruction_advance_reachable' depends on axioms: [propext, Classical.choice, Quot.sound]
'Full.Proofs.destruction_execution_reachable' depends on axioms: [propext, Classical.choice, Quot.sound]
'Full.Proofs.destruction_invariant_of_f1' depends on axioms: [propext, Classical.choice, Quot.sound]
'Full.Proofs.destruction_readBack_of_f1' depends on axioms: [propext, Classical.choice, Quot.sound]
'Full.Proofs.destruction_validStart_of_f1' depends on axioms: [propext, Classical.choice, Quot.sound]
'Full.Proofs.l2_of_f1' depends on axioms: [propext, Classical.choice, Quot.sound]
'Full.Proofs.Destruction.path_chain' depends on axioms: [propext, Quot.sound]
'Full.Proofs.Destruction.path_retained' depends on axioms: [propext, Classical.choice, Quot.sound]
'Full.Proofs.Destruction.outside_retained' depends on axioms: [propext, Classical.choice, Quot.sound]
'Full.Proofs.Destruction.retained_readBack' depends on axioms: [propext, Classical.choice, Quot.sound]
'Full.Proofs.Destruction.path_ends' depends on axioms: [propext, Quot.sound]
'Full.Proofs.Destruction.retained_path_member' depends on axioms: [propext, Classical.choice, Quot.sound]
'Full.Proofs.Destruction.retained_live' depends on axioms: [propext, Classical.choice, Quot.sound]
'Full.Proofs.Destruction.retained_closed' depends on axioms: [propext, Classical.choice, Quot.sound]
'Full.Proofs.Destruction.valid_outside' depends on axioms: [propext, Classical.choice, Quot.sound]
'Full.Proofs.Destruction.path_counts' depends on axioms: [propext]
'Full.Proofs.Destruction.retained_valid' depends on axioms: [propext, Classical.choice, Quot.sound]
'Full.Proofs.PlainTyping.pure_eq' does not depend on any axioms
'Full.Proofs.PlainTyping.throw_eq' does not depend on any axioms
'Full.Proofs.PlainTyping.bind_error' does not depend on any axioms
'Full.Proofs.PlainTyping.bind_value' does not depend on any axioms
'Full.Proofs.PlainTyping.bind_ok' depends on axioms: [propext, Quot.sound]
'Full.Proofs.PlainTyping.expect_ok' depends on axioms: [propext]
'Full.Proofs.PlainTyping.env_cons' depends on axioms: [propext]
'Full.Proofs.PlainTyping.not_stuck' depends on axioms: [propext, Quot.sound]
'Full.Proofs.PlainTyping.primitive_typed' depends on axioms: [propext, Quot.sound]
'Full.Proofs.PlainTyping.enter_typed' depends on axioms: [propext, Quot.sound]
'Full.Proofs.PlainTyping.dup_none_nodup' depends on axioms: [propext, Quot.sound]
'Full.Proofs.PlainTyping.kind_lookup_mem' depends on axioms: [propext]
'Full.Proofs.PlainTyping.mem_kind_lookup' depends on axioms: [propext, Quot.sound]
'Full.Proofs.PlainTyping.lookup_mapped' depends on axioms: [propext]
'Full.Proofs.PlainTyping.env_of_map' depends on axioms: [propext]
'Full.Proofs.PlainTyping.env_of_reverse_map' depends on axioms: [propext, Quot.sound]
'Full.Proofs.PlainTyping.zip_kinds' depends on axioms: [propext]
'Full.Proofs.PlainTyping.validate_contract' depends on axioms: [propext, Quot.sound]
'Full.Proofs.PlainTyping.step_preserves' depends on axioms: [propext, Quot.sound]
'Full.Proofs.PlainTyping.validated_step_preserves' depends on axioms: [propext, Quot.sound]
'Full.Proofs.PlainTyping.progress' depends on axioms: [propext, Quot.sound]
'Full.Proofs.PlainTyping.advance_preserves' depends on axioms: [propext, Quot.sound]
'Full.Proofs.PlainTyping.validated_advance_not_stuck' depends on axioms: [propext, Quot.sound]
'Full.Proofs.PlainTyping.finished_kind' depends on axioms: [propext, Quot.sound]
'Full.Proofs.PlainTyping.validated_initial_typed' depends on axioms: [propext, Quot.sound]
'Full.Proofs.PlainTyping.begin_typed' depends on axioms: [propext, Quot.sound]
'Full.Proofs.PlainTyping.begin_advance_not_stuck' depends on axioms: [propext, Quot.sound]
'Full.Proofs.RankCounterexample.begin_ok' depends on axioms: [propext, Quot.sound]
'Full.Proofs.RankCounterexample.advance_ok' depends on axioms: [propext, Quot.sound]
'Full.Proofs.RankCounterexample.reachable' depends on axioms: [propext, Quot.sound]
'Full.Proofs.RankCounterexample.unfinished' depends on axioms: [propext, Quot.sound]
'Full.Proofs.RankCounterexample.step_ok' depends on axioms: [propext, Quot.sound]
'Full.Proofs.RankCounterexample.source_decode' depends on axioms: [propext, Quot.sound]
'Full.Proofs.RankCounterexample.target_decode' depends on axioms: [propext, Quot.sound]
'Full.Proofs.RankCounterexample.source_rank' depends on axioms: [propext, Quot.sound]
'Full.Proofs.RankCounterexample.target_rank' depends on axioms: [propext, Quot.sound]
'Full.Proofs.RankCounterexample.plain_step_changes' depends on axioms: [propext, Classical.choice, Quot.sound]
'Full.Proofs.RankCounterexample.failed_obligation' depends on axioms: [propext, Classical.choice, Quot.sound]
'Full.Proofs.RankCounterexample.not_f2' depends on axioms: [propext, Classical.choice, Quot.sound]
'Full.Proofs.RankCounterexample.shared_begin_ok' depends on axioms: [propext, Quot.sound]
'Full.Proofs.RankCounterexample.shared_advance_ok' depends on axioms: [propext, Quot.sound]
'Full.Proofs.RankCounterexample.shared_step_ok' depends on axioms: [propext, Quot.sound]
'Full.Proofs.RankCounterexample.shared_reachable' depends on axioms: [propext, Quot.sound]
'Full.Proofs.RankCounterexample.shared_stutter' depends on axioms: [propext, Quot.sound]
'Full.Proofs.RankCounterexample.shared_ranks' depends on axioms: [propext, Quot.sound]
'Full.Proofs.Simulation.related_unique' depends on axioms: [propext]
'Full.Proofs.Simulation.advance_one' depends on axioms: [propext, Quot.sound]
'Full.Proofs.Simulation.reachable_advance' depends on axioms: [propext, Classical.choice, Quot.sound]
'Full.Proofs.Simulation.reachable_step' depends on axioms: [propext, Classical.choice, Quot.sound]
'Full.Proofs.Simulation.plain_advance_add' depends on axioms: [propext]
'Full.Proofs.Simulation.catch_up' depends on axioms: [propext, Classical.choice, Quot.sound]
'Full.Proofs.Simulation.advance_related' depends on axioms: [propext, Classical.choice, Quot.sound]
'Full.Proofs.Simulation.reachable_related' depends on axioms: [propext, Classical.choice, Quot.sound]
'Full.Proofs.Simulation.plain_advance_related' depends on axioms: [propext, Classical.choice, Quot.sound]
'Full.Proofs.Simulation.transition_answer_slot' depends on axioms: [propext, Quot.sound]
'Full.Proofs.Simulation.advance_answer_slot' depends on axioms: [propext, Quot.sound]
'Full.Proofs.Simulation.reachable_answer_slot' depends on axioms: [propext, Quot.sound]
'Full.Proofs.Simulation.answer_readable' depends on axioms: [propext, Quot.sound]
'Full.Proofs.Simulation.focus_not_finished' depends on axioms: [propext, Quot.sound]
'Full.Proofs.Simulation.related_finished' depends on axioms: [propext, Quot.sound]
'Full.Proofs.Simulation.f2_of_f1_forward' depends on axioms: [propext, Classical.choice, Quot.sound]
'Full.Proofs.TrialCompatibilitySimulation.uses_embed' depends on axioms: [propext, Quot.sound]
'Full.Proofs.TrialCompatibilitySimulation.eval_task_uses' depends on axioms: [propext, Quot.sound]
'Full.Proofs.TrialCompatibilitySimulation.bind_task_uses' depends on axioms: [propext, Quot.sound]
'Full.Proofs.TrialCompatibilitySimulation.if_task_uses' depends on axioms: [propext, Quot.sound]
'Full.Proofs.TrialCompatibilitySimulation.match_task_uses' depends on axioms: [propext, Quot.sound]
'Full.Proofs.TrialCompatibilitySimulation.scope_test' depends on axioms: [propext, Quot.sound]
'Full.Proofs.TrialCompatibilitySimulation.visible_projection' depends on axioms: [propext, Quot.sound]
'Full.Proofs.TrialCompatibilitySimulation.commit_snapshot' depends on axioms: [propext, Quot.sound]
'Full.Proofs.TrialCompatibilitySimulation.commit_no_landmark' depends on axioms: [propext]
'Full.Proofs.TrialCompatibilitySimulation.commit_record' depends on axioms: [propext]
'Full.Proofs.TrialCompatibilitySimulation.capture_stutter' depends on axioms: [propext, Quot.sound]
'Full.Proofs.TrialCompatibilitySimulation.handoff_stutter' depends on axioms: [propext, Quot.sound]
'Full.Proofs.TrialCompatibilitySimulation.trial_answer' depends on axioms: [propext, Classical.choice, Quot.sound]
'Full.Proofs.TrialExecution.future_nil' depends on axioms: [propext, Quot.sound]
'Full.Proofs.TrialExecution.future_eval' depends on axioms: [propext, Quot.sound]
'Full.Proofs.TrialExecution.future_bind' depends on axioms: [propext, Quot.sound]
'Full.Proofs.TrialExecution.future_if' depends on axioms: [propext, Quot.sound]
'Full.Proofs.TrialExecution.future_match' depends on axioms: [propext, Quot.sound]
'Full.Proofs.TrialExecution.future_decompose' depends on axioms: [propext, Quot.sound]
'Full.Proofs.TrialExecution.future_silent' depends on axioms: [propext, Quot.sound]
'Full.Proofs.TrialExecution.future_append' depends on axioms: [propext, Quot.sound]
'Full.Proofs.TrialExecution.eval_num' depends on axioms: [propext, Quot.sound]
'Full.Proofs.TrialExecution.eval_nil' depends on axioms: [propext, Quot.sound]
'Full.Proofs.TrialExecution.start' depends on axioms: [propext, Quot.sound]
'Full.Proofs.TrialExecution.finish' depends on axioms: [propext, Quot.sound]
