vfs: ["/@virtual/koka-r3/s1a07/@main.kk"]
vfs: ["/@virtual/koka-r3/s1a07/@main.kk"]
In file included from /home/user/.local/share/koka/v3.2.9/kklib/mimalloc/include/mimalloc/atomic.h:53,
                 from /home/user/.local/share/koka/v3.2.9/kklib/mimalloc/include/mimalloc/types.h:34,
                 from /home/user/.local/share/koka/v3.2.9/kklib/mimalloc/include/mimalloc/internal.h:16,
                 from /home/user/.local/share/koka/v3.2.9/kklib/src/../mimalloc/src/static.c:17,
                 from /home/user/.local/share/koka/v3.2.9/kklib/src/all.c:23:
In function ‘mi_page_flags_set’,
    inlined from ‘mi_page_set_has_interior_pointers’ at /home/user/.local/share/koka/v3.2.9/kklib/mimalloc/include/mimalloc/internal.h:1091:3,
    inlined from ‘mi_block_ptr_set_guarded’ at /home/user/.local/share/koka/v3.2.9/kklib/src/../mimalloc/src/sample-guarded.c:50:3,
    inlined from ‘_mi_theap_malloc_guarded’ at /home/user/.local/share/koka/v3.2.9/kklib/src/../mimalloc/src/sample-guarded.c:110:19:
/home/user/.local/share/koka/v3.2.9/kklib/mimalloc/include/mimalloc/atomic.h:54:35: warning: ‘__atomic_fetch_or_8’ writing 8 bytes into a region of size 0 overflows the destination [-Wstringop-overflow=]
   54 | #define  mi_atomic(name)          atomic_##name
      |                                   ^~~~~~~
/home/user/.local/share/koka/v3.2.9/kklib/mimalloc/include/mimalloc/atomic.h:93:50: note: in expansion of macro ‘mi_atomic’
   93 | #define mi_atomic_or_relaxed(p,x)                mi_atomic(fetch_or_explicit)(p,x,mi_memory_order(relaxed))
      |                                                  ^~~~~~~~~
/home/user/.local/share/koka/v3.2.9/kklib/mimalloc/include/mimalloc/internal.h:1062:20: note: in expansion of macro ‘mi_atomic_or_relaxed’
 1062 |   if (set) { old = mi_atomic_or_relaxed(&page->xthread_id, newflag); }
      |                    ^~~~~~~~~~~~~~~~~~~~
