load    : std/core
load    : std/core/types
load    : std/core/unsafe
load    : std/core/int
load    : std/core/exn
load    : std/core/bool
load    : std/core/undiv
load    : std/core/order
load    : std/core/char
load    : std/core/bytes
load    : std/core/hnd
load    : std/core/bslice
load    : std/core/vector
load    : std/core/sslice
load    : std/core/string
load    : std/core/maybe
load    : std/core/list
load    : std/core/maybe2
load    : std/core/result
load    : std/core/tuple
load    : std/core/either
load    : std/core/lazy
load    : std/core/show
load    : std/core/delayed
load    : std/core/console
load    : std/core/debug
parse   : .../koka-r3/s1r04.kk
check   : koka-r3/s1r04
linking : koka-r3/s1r04/@main
created : /tmp/full3c-koka-hvgm_dro/s1r04
koka-r3/s1r04.kk(2,10): warning: fbip fun mo-build: function allocates unlimited but was declared as allocating nothing

