$ sha256sum -c BASELINE.sha256
../trial/lean/.gitignore: OK
../trial/lean/Acceptance.lean: OK
../trial/lean/Checks.lean: OK
../trial/lean/Checks/Examples.lean: OK
../trial/lean/Checks/Predictions.lean: OK
../trial/lean/Checks/Run.lean: OK
../trial/lean/Promises.lean: OK
../trial/lean/Proofs.lean: OK
../trial/lean/Proofs/Arithmetic.lean: OK
../trial/lean/Proofs/BindContract.lean: OK
../trial/lean/Proofs/Bindings.lean: OK
../trial/lean/Proofs/BranchContract.lean: OK
../trial/lean/Proofs/Build.lean: OK
../trial/lean/Proofs/BuildContract.lean: OK
../trial/lean/Proofs/Cleanup.lean: OK
../trial/lean/Proofs/CleanupContract.lean: OK
../trial/lean/Proofs/CleanupViews.lean: OK
../trial/lean/Proofs/Closed.lean: OK
../trial/lean/Proofs/ConsContract.lean: OK
../trial/lean/Proofs/Construction.lean: OK
../trial/lean/Proofs/Disposal.lean: OK
../trial/lean/Proofs/DisposalViews.lean: OK
../trial/lean/Proofs/Environment.lean: OK
../trial/lean/Proofs/ExclusiveSetup.lean: OK
../trial/lean/Proofs/Final.lean: OK
../trial/lean/Proofs/Healthy.lean: OK
../trial/lean/Proofs/Heap.lean: OK
../trial/lean/Proofs/IfContract.lean: OK
../trial/lean/Proofs/Induction.lean: OK
../trial/lean/Proofs/Initial.lean: OK
../trial/lean/Proofs/Initialization.lean: OK
../trial/lean/Proofs/InputCleanup.lean: OK
../trial/lean/Proofs/Inputs.lean: OK
../trial/lean/Proofs/LetContract.lean: OK
../trial/lean/Proofs/LetSetup.lean: OK
../trial/lean/Proofs/LiveBindings.lean: OK
../trial/lean/Proofs/Liveness.lean: OK
../trial/lean/Proofs/Match.lean: OK
../trial/lean/Proofs/MatchBindings.lean: OK
../trial/lean/Proofs/MatchCell.lean: OK
../trial/lean/Proofs/MatchContract.lean: OK
../trial/lean/Proofs/MatchLiveness.lean: OK
../trial/lean/Proofs/MatchNil.lean: OK
../trial/lean/Proofs/MatchSetup.lean: OK
../trial/lean/Proofs/Meanings.lean: OK
../trial/lean/Proofs/Memory.lean: OK
../trial/lean/Proofs/NewBinding.lean: OK
../trial/lean/Proofs/Operations.lean: OK
../trial/lean/Proofs/Ownership.lean: OK
../trial/lean/Proofs/PendingRelease.lean: OK
../trial/lean/Proofs/Plain.lean: OK
../trial/lean/Proofs/Reachability.lean: OK
../trial/lean/Proofs/Release.lean: OK
../trial/lean/Proofs/ReleaseContract.lean: OK
../trial/lean/Proofs/ReleaseFrame.lean: OK
../trial/lean/Proofs/Reserve.lean: OK
../trial/lean/Proofs/ReserveContract.lean: OK
../trial/lean/Proofs/RunContract.lean: OK
../trial/lean/Proofs/SharedContract.lean: OK
../trial/lean/Proofs/SharedSetup.lean: OK
../trial/lean/Proofs/Snapshots.lean: OK
../trial/lean/Proofs/Start.lean: OK
../trial/lean/Proofs/StateSteps.lean: OK
../trial/lean/Proofs/VariableContract.lean: OK
../trial/lean/Proofs/Variables.lean: OK
../trial/lean/Proofs/Views.lean: OK
../trial/lean/Trial.lean: OK
../trial/lean/Trial/Broken.lean: OK
../trial/lean/Trial/Counted.lean: OK
../trial/lean/Trial/Language.lean: OK
../trial/lean/Trial/Memory.lean: OK
../trial/lean/Trial/Plain.lean: OK
../trial/lean/lake-manifest.json: OK
../trial/lean/lakefile.toml: OK
../trial/lean/lean-toolchain: OK
$ sha256sum -c FREEZE.sha256
FREEZE.md: OK
PREPARATION.sha256: OK
$ sha256sum -c stage-1/rank-amendment-01/FREEZE.sha256
stage-1/rank-amendment-01/FREEZE.md: OK
stage-1/rank-amendment-01/AUTHORIZATION.md: OK
stage-1/rank-amendment-01/PREPARATION.sha256: OK
stage-1/rank-amendment-01/REVIEW.md: OK
stage-1/rank-amendment-01/Regression.lean: OK
lean/Full/Proofs/RankRegression.lean: OK
$ sha256sum -c stage-1/rank-amendment-01/PREPARATION.sha256
./ACCEPTANCE.md: OK
./BASELINE.sha256: OK
./PREPARATION-RESULT.md: OK
./SPEC-ENCODING-BRIEF.md: OK
./VERIFIER.md: OK
./acceptance/BOUNDARIES.md: OK
./acceptance/CHECKPOINT.md: OK
./acceptance/CHECKS.md: OK
./acceptance/DERIVATIONS.md: OK
./acceptance/HANDOFF.md: OK
./acceptance/KOKA.md: OK
./acceptance/MANIFEST.sha256: OK
./acceptance/PREDICTIONS.sha256: OK
./acceptance/check.py: OK
./acceptance/checks.log: OK
./acceptance/compare_koka.py: OK
./acceptance/comparison-r2.log: OK
./acceptance/comparison-r3.log: OK
./acceptance/comparison.log: OK
./acceptance/consumer-unit.log: OK
./acceptance/koka-r2/S1A01.compile.stderr: OK
./acceptance/koka-r2/S1A01.compile.stdout: OK
./acceptance/koka-r2/S1A01.run.stderr: OK
./acceptance/koka-r2/S1A01.run.stdout: OK
./acceptance/koka-r2/S1A02.compile.stderr: OK
./acceptance/koka-r2/S1A02.compile.stdout: OK
./acceptance/koka-r2/S1A02.run.stderr: OK
./acceptance/koka-r2/S1A02.run.stdout: OK
./acceptance/koka-r2/S1A03.compile.stderr: OK
./acceptance/koka-r2/S1A03.compile.stdout: OK
./acceptance/koka-r2/S1A03.run.stderr: OK
./acceptance/koka-r2/S1A03.run.stdout: OK
./acceptance/koka-r2/S1A04.compile.stderr: OK
./acceptance/koka-r2/S1A04.compile.stdout: OK
./acceptance/koka-r2/S1A04.run.stderr: OK
./acceptance/koka-r2/S1A04.run.stdout: OK
./acceptance/koka-r2/S1A05.compile.stderr: OK
./acceptance/koka-r2/S1A05.compile.stdout: OK
./acceptance/koka-r2/S1A05.run.stderr: OK
./acceptance/koka-r2/S1A05.run.stdout: OK
./acceptance/koka-r2/S1A06.compile.stderr: OK
./acceptance/koka-r2/S1A06.compile.stdout: OK
./acceptance/koka-r2/S1A06.run.stderr: OK
./acceptance/koka-r2/S1A06.run.stdout: OK
./acceptance/koka-r2/S1A07.compile.stderr: OK
./acceptance/koka-r2/S1A07.compile.stdout: OK
./acceptance/koka-r2/S1A08.compile.stderr: OK
./acceptance/koka-r2/S1A08.compile.stdout: OK
./acceptance/koka-r2/S1A08.run.stderr: OK
./acceptance/koka-r2/S1A08.run.stdout: OK
./acceptance/koka-r2/S1A09.compile.stderr: OK
./acceptance/koka-r2/S1A09.compile.stdout: OK
./acceptance/koka-r2/S1A09.run.stderr: OK
./acceptance/koka-r2/S1A09.run.stdout: OK
./acceptance/koka-r2/S1A10.compile.stderr: OK
./acceptance/koka-r2/S1A10.compile.stdout: OK
./acceptance/koka-r2/S1A10.run.stderr: OK
./acceptance/koka-r2/S1A10.run.stdout: OK
./acceptance/koka-r2/S1A11.compile.stderr: OK
./acceptance/koka-r2/S1A11.compile.stdout: OK
./acceptance/koka-r2/S1A11.run.stderr: OK
./acceptance/koka-r2/S1A11.run.stdout: OK
./acceptance/koka-r2/S1A12.compile.stderr: OK
./acceptance/koka-r2/S1A12.compile.stdout: OK
./acceptance/koka-r2/S1A12.run.stderr: OK
./acceptance/koka-r2/S1A12.run.stdout: OK
./acceptance/koka-r2/S1O01.compile.stderr: OK
./acceptance/koka-r2/S1O01.compile.stdout: OK
./acceptance/koka-r2/S1O01.run.stderr: OK
./acceptance/koka-r2/S1O01.run.stdout: OK
./acceptance/koka-r2/S1R01.compile.stderr: OK
./acceptance/koka-r2/S1R01.compile.stdout: OK
./acceptance/koka-r2/S1R01.run.stderr: OK
./acceptance/koka-r2/S1R01.run.stdout: OK
./acceptance/koka-r2/S1R02.compile.stderr: OK
./acceptance/koka-r2/S1R02.compile.stdout: OK
./acceptance/koka-r2/S1R02.run.stderr: OK
./acceptance/koka-r2/S1R02.run.stdout: OK
./acceptance/koka-r2/S1R03.compile.stderr: OK
./acceptance/koka-r2/S1R03.compile.stdout: OK
./acceptance/koka-r2/S1R03.run.stderr: OK
./acceptance/koka-r2/S1R03.run.stdout: OK
./acceptance/koka-r2/S1R04.compile.stderr: OK
./acceptance/koka-r2/S1R04.compile.stdout: OK
./acceptance/koka-r2/S1R05.compile.stderr: OK
./acceptance/koka-r2/S1R05.compile.stdout: OK
./acceptance/koka-r2/S1R05.run.stderr: OK
./acceptance/koka-r2/S1R05.run.stdout: OK
./acceptance/koka-r2/S1R06.compile.stderr: OK
./acceptance/koka-r2/S1R06.compile.stdout: OK
./acceptance/koka-r2/S1R06.run.stderr: OK
./acceptance/koka-r2/S1R06.run.stdout: OK
./acceptance/koka-r2/generator.py: OK
./acceptance/koka-r2/results.json: OK
./acceptance/koka-r2/s1a01.kk: OK
./acceptance/koka-r2/s1a02.kk: OK
./acceptance/koka-r2/s1a03.kk: OK
./acceptance/koka-r2/s1a04.kk: OK
./acceptance/koka-r2/s1a05.kk: OK
./acceptance/koka-r2/s1a06.kk: OK
./acceptance/koka-r2/s1a07.kk: OK
./acceptance/koka-r2/s1a08.kk: OK
./acceptance/koka-r2/s1a09.kk: OK
./acceptance/koka-r2/s1a10.kk: OK
./acceptance/koka-r2/s1a11.kk: OK
./acceptance/koka-r2/s1a12.kk: OK
./acceptance/koka-r2/s1o01.kk: OK
./acceptance/koka-r2/s1r01.kk: OK
./acceptance/koka-r2/s1r02.kk: OK
./acceptance/koka-r2/s1r03.kk: OK
./acceptance/koka-r2/s1r04.kk: OK
./acceptance/koka-r2/s1r05.kk: OK
./acceptance/koka-r2/s1r06.kk: OK
./acceptance/koka-r2/version.txt: OK
./acceptance/koka-r3/S1A07.compile.stderr: OK
./acceptance/koka-r3/S1A07.compile.stdout: OK
./acceptance/koka-r3/S1A07.run.stderr: OK
./acceptance/koka-r3/S1A07.run.stdout: OK
./acceptance/koka-r3/S1R04.compile.stderr: OK
./acceptance/koka-r3/S1R04.compile.stdout: OK
./acceptance/koka-r3/S1R04.run.stderr: OK
./acceptance/koka-r3/S1R04.run.stdout: OK
./acceptance/koka-r3/results.json: OK
./acceptance/koka-r3/s1a07.kk: OK
./acceptance/koka-r3/s1r04.kk: OK
./acceptance/koka-r3/version.txt: OK
./acceptance/koka/S1A01.compile.stderr: OK
./acceptance/koka/S1A01.compile.stdout: OK
./acceptance/koka/S1A02.compile.stderr: OK
./acceptance/koka/S1A02.compile.stdout: OK
./acceptance/koka/S1A03.compile.stderr: OK
./acceptance/koka/S1A03.compile.stdout: OK
./acceptance/koka/S1A04.compile.stderr: OK
./acceptance/koka/S1A04.compile.stdout: OK
./acceptance/koka/S1A05.compile.stderr: OK
./acceptance/koka/S1A05.compile.stdout: OK
./acceptance/koka/S1A06.compile.stderr: OK
./acceptance/koka/S1A06.compile.stdout: OK
./acceptance/koka/S1A07.compile.stderr: OK
./acceptance/koka/S1A07.compile.stdout: OK
./acceptance/koka/S1A08.compile.stderr: OK
./acceptance/koka/S1A08.compile.stdout: OK
./acceptance/koka/S1A09.compile.stderr: OK
./acceptance/koka/S1A09.compile.stdout: OK
./acceptance/koka/S1A10.compile.stderr: OK
./acceptance/koka/S1A10.compile.stdout: OK
./acceptance/koka/S1A11.compile.stderr: OK
./acceptance/koka/S1A11.compile.stdout: OK
./acceptance/koka/S1A12.compile.stderr: OK
./acceptance/koka/S1A12.compile.stdout: OK
./acceptance/koka/S1O01.compile.stderr: OK
./acceptance/koka/S1O01.compile.stdout: OK
./acceptance/koka/S1R01.compile.stderr: OK
./acceptance/koka/S1R01.compile.stdout: OK
./acceptance/koka/S1R02.compile.stderr: OK
./acceptance/koka/S1R02.compile.stdout: OK
./acceptance/koka/S1R03.compile.stderr: OK
./acceptance/koka/S1R03.compile.stdout: OK
./acceptance/koka/S1R04.compile.stderr: OK
./acceptance/koka/S1R04.compile.stdout: OK
./acceptance/koka/S1R05.compile.stderr: OK
./acceptance/koka/S1R05.compile.stdout: OK
./acceptance/koka/S1R06.compile.stderr: OK
./acceptance/koka/S1R06.compile.stdout: OK
./acceptance/koka/generator.py: OK
./acceptance/koka/results.json: OK
./acceptance/koka/s1a01.kk: OK
./acceptance/koka/s1a02.kk: OK
./acceptance/koka/s1a03.kk: OK
./acceptance/koka/s1a04.kk: OK
./acceptance/koka/s1a05.kk: OK
./acceptance/koka/s1a06.kk: OK
./acceptance/koka/s1a07.kk: OK
./acceptance/koka/s1a08.kk: OK
./acceptance/koka/s1a09.kk: OK
./acceptance/koka/s1a10.kk: OK
./acceptance/koka/s1a11.kk: OK
./acceptance/koka/s1a12.kk: OK
./acceptance/koka/s1o01.kk: OK
./acceptance/koka/s1r01.kk: OK
./acceptance/koka/s1r02.kk: OK
./acceptance/koka/s1r03.kk: OK
./acceptance/koka/s1r04.kk: OK
./acceptance/koka/s1r05.kk: OK
./acceptance/koka/s1r06.kk: OK
./acceptance/koka/version.txt: OK
./acceptance/predictions.json: OK
./acceptance/programs.json: OK
./acceptance/starts.json: OK
./acceptance/supplemental-v2/CALL-CHECKPOINT.txt: OK
./acceptance/supplemental-v2/INVENTORY.sha256: OK
./acceptance/supplemental-v2/README.md: OK
./acceptance/supplemental-v2/SOURCE.sha256: OK
./acceptance/supplemental-v2/call_predictions.py: OK
./acceptance/supplemental-v2/check_expanded.py: OK
./acceptance/supplemental-v2/consumer-development.json: OK
./acceptance/supplemental-v2/expected-events.json: OK
./acceptance/supplemental-v2/results.json: OK
./acceptance/supplemental-v2/verification.log: OK
./acceptance/supplemental/INVENTORY.sha256: OK
./acceptance/supplemental/README.md: OK
./acceptance/supplemental/SOURCE.sha256: OK
./acceptance/supplemental/boundary_check.py: OK
./acceptance/supplemental/results.json: OK
./acceptance/supplemental/verification.log: OK
./acceptance/verification.log: OK
./lean/.gitignore: OK
./lean/Export.lean: OK
./lean/Full.lean: OK
./lean/Full/Control.lean: OK
./lean/Full/Counted.lean: OK
./lean/Full/Inspect.lean: OK
./lean/Full/Language.lean: OK
./lean/Full/Lifecycle.lean: OK
./lean/Full/Plain.lean: OK
./lean/Full/Statements.lean: OK
./lean/ProofGate.lean: OK
./lean/TrialCompatibility.lean: OK
./lean/lake-manifest.json: OK
./lean/lakefile.toml: OK
./lean/lean-toolchain: OK
./run_spec.py: OK
./verification/Controls.lean: OK
./verification/FINAL-REVIEW.md: OK
./verification/REVIEW-FOLLOWUP.md: OK
./verification/ReviewCases.lean: OK
./verification/SCOPE-FOLLOWUP.md: OK
./verification/check_final.py: OK
./verification/evidence/boundary-results.json: OK
./verification/evidence/controls.log: OK
./verification/evidence/expanded-results.json: OK
./verification/evidence/inputs.json: OK
./verification/evidence/raw.json.gz: OK
./verification/evidence/summary.json: OK
./verification/evidence/verifier-controls.log: OK
./verification/evidence/verifier-scope.log: OK
./verification/final-results.json: OK
$ sha256sum -c stage-1/rank-amendment-01/EVIDENCE.sha256
stage-1/rank-amendment-01/EVIDENCE.md: OK
stage-1/rank-amendment-01/evidence/amendment-scope.log: OK
stage-1/rank-amendment-01/evidence/baseline-integrity.log: OK
stage-1/rank-amendment-01/evidence/boundaries.log: OK
stage-1/rank-amendment-01/evidence/boundary-results.json: OK
stage-1/rank-amendment-01/evidence/build.log: OK
stage-1/rank-amendment-01/evidence/calls-search.log: OK
stage-1/rank-amendment-01/evidence/clean-axioms.log: OK
stage-1/rank-amendment-01/evidence/clean-build.log: OK
stage-1/rank-amendment-01/evidence/clean-kernel.log: OK
stage-1/rank-amendment-01/evidence/clean-regression.log: OK
stage-1/rank-amendment-01/evidence/clean-status.log: OK
stage-1/rank-amendment-01/evidence/controls.log: OK
stage-1/rank-amendment-01/evidence/expanded-results.json: OK
stage-1/rank-amendment-01/evidence/finite-suite.log: OK
stage-1/rank-amendment-01/evidence/inputs.json: OK
stage-1/rank-amendment-01/evidence/old-freeze-seal.log: OK
stage-1/rank-amendment-01/evidence/preparation-integrity.log: OK
stage-1/rank-amendment-01/evidence/raw.json.gz: OK
stage-1/rank-amendment-01/evidence/regression.log: OK
stage-1/rank-amendment-01/evidence/summary.json: OK
stage-1/rank-amendment-01/evidence/trial-compatibility.log: OK
$ sha256sum -c stage-1/completion/PROOFS.sha256
lean/Full/Proofs.lean: OK
lean/Full/Proofs/Basic.lean: OK
lean/Full/Proofs/BindingIdentity.lean: OK
lean/Full/Proofs/BranchReservations.lean: OK
lean/Full/Proofs/Control.lean: OK
lean/Full/Proofs/ControlShape.lean: OK
lean/Full/Proofs/Correspondence.lean: OK
lean/Full/Proofs/CountedTyping.lean: OK
lean/Full/Proofs/DecomposeRank.lean: OK
lean/Full/Proofs/Destruction.lean: OK
lean/Full/Proofs/DestructionGraph.lean: OK
lean/Full/Proofs/Effects.lean: OK
lean/Full/Proofs/EnvironmentIdentity.lean: OK
lean/Full/Proofs/Final.lean: OK
lean/Full/Proofs/Forward.lean: OK
lean/Full/Proofs/ForwardBindings.lean: OK
lean/Full/Proofs/ForwardBindingsControl.lean: OK
lean/Full/Proofs/ForwardBindingsDecompose.lean: OK
lean/Full/Proofs/ForwardBindingsEnvironment.lean: OK
lean/Full/Proofs/ForwardCallEnter.lean: OK
lean/Full/Proofs/ForwardCalls.lean: OK
lean/Full/Proofs/ForwardCapture.lean: OK
lean/Full/Proofs/ForwardCleanup.lean: OK
lean/Full/Proofs/ForwardLeaves.lean: OK
lean/Full/Proofs/ForwardValue.lean: OK
lean/Full/Proofs/Free.lean: OK
lean/Full/Proofs/Heap.lean: OK
lean/Full/Proofs/HoldingAccounted.lean: OK
lean/Full/Proofs/Initial.lean: OK
lean/Full/Proofs/Invariance.lean: OK
lean/Full/Proofs/Lifecycle.lean: OK
lean/Full/Proofs/LiveBindings.lean: OK
lean/Full/Proofs/Observer.lean: OK
lean/Full/Proofs/PartialGate.lean: OK
lean/Full/Proofs/PlainTyping.lean: OK
lean/Full/Proofs/Preservation.lean: OK
lean/Full/Proofs/PreservationCells.lean: OK
lean/Full/Proofs/PreservationCons.lean: OK
lean/Full/Proofs/PreservationConsHeap.lean: OK
lean/Full/Proofs/PreservationDecomposeShared.lean: OK
lean/Full/Proofs/PreservationDecomposeUnique.lean: OK
lean/Full/Proofs/PreservationOwnership.lean: OK
lean/Full/Proofs/PreservationRelease.lean: OK
lean/Full/Proofs/PreservationReleaseHeap.lean: OK
lean/Full/Proofs/Progress.lean: OK
lean/Full/Proofs/ProgressControl.lean: OK
lean/Full/Proofs/ProgressGate.lean: OK
lean/Full/Proofs/ProgressHeap.lean: OK
lean/Full/Proofs/RankRegression.lean: OK
lean/Full/Proofs/ReleaseQueue.lean: OK
lean/Full/Proofs/ReleaseReadiness.lean: OK
lean/Full/Proofs/ReservationAccounted.lean: OK
lean/Full/Proofs/ReservedReadiness.lean: OK
lean/Full/Proofs/Residual.lean: OK
lean/Full/Proofs/Scope.lean: OK
lean/Full/Proofs/Simulation.lean: OK
lean/Full/Proofs/SimulationInitial.lean: OK
lean/Full/Proofs/TrialCleanup.lean: OK
lean/Full/Proofs/TrialCompatibility.lean: OK
lean/Full/Proofs/TrialCompatibilitySimulation.lean: OK
lean/Full/Proofs/TrialExecution.lean: OK
lean/Full/Proofs/TrialExecutionContract.lean: OK
lean/Full/Proofs/TrialExecutionDead.lean: OK
lean/Full/Proofs/TrialExpression.lean: OK
lean/Full/Proofs/TrialExpressionArithmetic.lean: OK
lean/Full/Proofs/TrialExpressionBinary.lean: OK
lean/Full/Proofs/TrialExpressionControl.lean: OK
lean/Full/Proofs/TrialExpressionIf.lean: OK
lean/Full/Proofs/TrialExpressionLet.lean: OK
lean/Full/Proofs/TrialExpressionMatch.lean: OK
lean/Full/Proofs/TrialExpressionMatchDecompose.lean: OK
lean/Full/Proofs/TrialExpressionMatchEvaluation.lean: OK
lean/Full/Proofs/TrialExpressionMatchFinish.lean: OK
lean/Full/Proofs/TrialExpressionMatchShared.lean: OK
lean/Full/Proofs/TrialExpressionMatchUnique.lean: OK
lean/Full/Proofs/TrialExpressionValues.lean: OK
lean/Full/Proofs/TrialExpressionValuesCons.lean: OK
lean/Full/Proofs/TrialInitialCleanup.lean: OK
lean/Full/Proofs/TrialInitialization.lean: OK
lean/Full/Proofs/TrialRelease.lean: OK
lean/Full/Proofs/TrialSimulationRelease.lean: OK
$ sha256sum -c BASELINE.sha256
../trial/lean/.gitignore: OK
../trial/lean/Acceptance.lean: OK
../trial/lean/Checks.lean: OK
../trial/lean/Checks/Examples.lean: OK
../trial/lean/Checks/Predictions.lean: OK
../trial/lean/Checks/Run.lean: OK
../trial/lean/Promises.lean: OK
../trial/lean/Proofs.lean: OK
../trial/lean/Proofs/Arithmetic.lean: OK
../trial/lean/Proofs/BindContract.lean: OK
../trial/lean/Proofs/Bindings.lean: OK
../trial/lean/Proofs/BranchContract.lean: OK
../trial/lean/Proofs/Build.lean: OK
../trial/lean/Proofs/BuildContract.lean: OK
../trial/lean/Proofs/Cleanup.lean: OK
../trial/lean/Proofs/CleanupContract.lean: OK
../trial/lean/Proofs/CleanupViews.lean: OK
../trial/lean/Proofs/Closed.lean: OK
../trial/lean/Proofs/ConsContract.lean: OK
../trial/lean/Proofs/Construction.lean: OK
../trial/lean/Proofs/Disposal.lean: OK
../trial/lean/Proofs/DisposalViews.lean: OK
../trial/lean/Proofs/Environment.lean: OK
../trial/lean/Proofs/ExclusiveSetup.lean: OK
../trial/lean/Proofs/Final.lean: OK
../trial/lean/Proofs/Healthy.lean: OK
../trial/lean/Proofs/Heap.lean: OK
../trial/lean/Proofs/IfContract.lean: OK
../trial/lean/Proofs/Induction.lean: OK
../trial/lean/Proofs/Initial.lean: OK
../trial/lean/Proofs/Initialization.lean: OK
../trial/lean/Proofs/InputCleanup.lean: OK
../trial/lean/Proofs/Inputs.lean: OK
../trial/lean/Proofs/LetContract.lean: OK
../trial/lean/Proofs/LetSetup.lean: OK
../trial/lean/Proofs/LiveBindings.lean: OK
../trial/lean/Proofs/Liveness.lean: OK
../trial/lean/Proofs/Match.lean: OK
../trial/lean/Proofs/MatchBindings.lean: OK
../trial/lean/Proofs/MatchCell.lean: OK
../trial/lean/Proofs/MatchContract.lean: OK
../trial/lean/Proofs/MatchLiveness.lean: OK
../trial/lean/Proofs/MatchNil.lean: OK
../trial/lean/Proofs/MatchSetup.lean: OK
../trial/lean/Proofs/Meanings.lean: OK
../trial/lean/Proofs/Memory.lean: OK
../trial/lean/Proofs/NewBinding.lean: OK
../trial/lean/Proofs/Operations.lean: OK
../trial/lean/Proofs/Ownership.lean: OK
../trial/lean/Proofs/PendingRelease.lean: OK
../trial/lean/Proofs/Plain.lean: OK
../trial/lean/Proofs/Reachability.lean: OK
../trial/lean/Proofs/Release.lean: OK
../trial/lean/Proofs/ReleaseContract.lean: OK
../trial/lean/Proofs/ReleaseFrame.lean: OK
../trial/lean/Proofs/Reserve.lean: OK
../trial/lean/Proofs/ReserveContract.lean: OK
../trial/lean/Proofs/RunContract.lean: OK
../trial/lean/Proofs/SharedContract.lean: OK
../trial/lean/Proofs/SharedSetup.lean: OK
../trial/lean/Proofs/Snapshots.lean: OK
../trial/lean/Proofs/Start.lean: OK
../trial/lean/Proofs/StateSteps.lean: OK
../trial/lean/Proofs/VariableContract.lean: OK
../trial/lean/Proofs/Variables.lean: OK
../trial/lean/Proofs/Views.lean: OK
../trial/lean/Trial.lean: OK
../trial/lean/Trial/Broken.lean: OK
../trial/lean/Trial/Counted.lean: OK
../trial/lean/Trial/Language.lean: OK
../trial/lean/Trial/Memory.lean: OK
../trial/lean/Trial/Plain.lean: OK
../trial/lean/lake-manifest.json: OK
../trial/lean/lakefile.toml: OK
../trial/lean/lean-toolchain: OK
$ sha256sum -c FREEZE.sha256
FREEZE.md: OK
PREPARATION.sha256: OK
$ sha256sum -c stage-1/rank-amendment-01/FREEZE.sha256
stage-1/rank-amendment-01/FREEZE.md: OK
stage-1/rank-amendment-01/AUTHORIZATION.md: OK
stage-1/rank-amendment-01/PREPARATION.sha256: OK
stage-1/rank-amendment-01/REVIEW.md: OK
stage-1/rank-amendment-01/Regression.lean: OK
lean/Full/Proofs/RankRegression.lean: OK
$ sha256sum -c stage-1/rank-amendment-01/PREPARATION.sha256
./ACCEPTANCE.md: OK
./BASELINE.sha256: OK
./PREPARATION-RESULT.md: OK
./SPEC-ENCODING-BRIEF.md: OK
./VERIFIER.md: OK
./acceptance/BOUNDARIES.md: OK
./acceptance/CHECKPOINT.md: OK
./acceptance/CHECKS.md: OK
./acceptance/DERIVATIONS.md: OK
./acceptance/HANDOFF.md: OK
./acceptance/KOKA.md: OK
./acceptance/MANIFEST.sha256: OK
./acceptance/PREDICTIONS.sha256: OK
./acceptance/check.py: OK
./acceptance/checks.log: OK
./acceptance/compare_koka.py: OK
./acceptance/comparison-r2.log: OK
./acceptance/comparison-r3.log: OK
./acceptance/comparison.log: OK
./acceptance/consumer-unit.log: OK
./acceptance/koka-r2/S1A01.compile.stderr: OK
./acceptance/koka-r2/S1A01.compile.stdout: OK
./acceptance/koka-r2/S1A01.run.stderr: OK
./acceptance/koka-r2/S1A01.run.stdout: OK
./acceptance/koka-r2/S1A02.compile.stderr: OK
./acceptance/koka-r2/S1A02.compile.stdout: OK
./acceptance/koka-r2/S1A02.run.stderr: OK
./acceptance/koka-r2/S1A02.run.stdout: OK
./acceptance/koka-r2/S1A03.compile.stderr: OK
./acceptance/koka-r2/S1A03.compile.stdout: OK
./acceptance/koka-r2/S1A03.run.stderr: OK
./acceptance/koka-r2/S1A03.run.stdout: OK
./acceptance/koka-r2/S1A04.compile.stderr: OK
./acceptance/koka-r2/S1A04.compile.stdout: OK
./acceptance/koka-r2/S1A04.run.stderr: OK
./acceptance/koka-r2/S1A04.run.stdout: OK
./acceptance/koka-r2/S1A05.compile.stderr: OK
./acceptance/koka-r2/S1A05.compile.stdout: OK
./acceptance/koka-r2/S1A05.run.stderr: OK
./acceptance/koka-r2/S1A05.run.stdout: OK
./acceptance/koka-r2/S1A06.compile.stderr: OK
./acceptance/koka-r2/S1A06.compile.stdout: OK
./acceptance/koka-r2/S1A06.run.stderr: OK
./acceptance/koka-r2/S1A06.run.stdout: OK
./acceptance/koka-r2/S1A07.compile.stderr: OK
./acceptance/koka-r2/S1A07.compile.stdout: OK
./acceptance/koka-r2/S1A08.compile.stderr: OK
./acceptance/koka-r2/S1A08.compile.stdout: OK
./acceptance/koka-r2/S1A08.run.stderr: OK
./acceptance/koka-r2/S1A08.run.stdout: OK
./acceptance/koka-r2/S1A09.compile.stderr: OK
./acceptance/koka-r2/S1A09.compile.stdout: OK
./acceptance/koka-r2/S1A09.run.stderr: OK
./acceptance/koka-r2/S1A09.run.stdout: OK
./acceptance/koka-r2/S1A10.compile.stderr: OK
./acceptance/koka-r2/S1A10.compile.stdout: OK
./acceptance/koka-r2/S1A10.run.stderr: OK
./acceptance/koka-r2/S1A10.run.stdout: OK
./acceptance/koka-r2/S1A11.compile.stderr: OK
./acceptance/koka-r2/S1A11.compile.stdout: OK
./acceptance/koka-r2/S1A11.run.stderr: OK
./acceptance/koka-r2/S1A11.run.stdout: OK
./acceptance/koka-r2/S1A12.compile.stderr: OK
./acceptance/koka-r2/S1A12.compile.stdout: OK
./acceptance/koka-r2/S1A12.run.stderr: OK
./acceptance/koka-r2/S1A12.run.stdout: OK
./acceptance/koka-r2/S1O01.compile.stderr: OK
./acceptance/koka-r2/S1O01.compile.stdout: OK
./acceptance/koka-r2/S1O01.run.stderr: OK
./acceptance/koka-r2/S1O01.run.stdout: OK
./acceptance/koka-r2/S1R01.compile.stderr: OK
./acceptance/koka-r2/S1R01.compile.stdout: OK
./acceptance/koka-r2/S1R01.run.stderr: OK
./acceptance/koka-r2/S1R01.run.stdout: OK
./acceptance/koka-r2/S1R02.compile.stderr: OK
./acceptance/koka-r2/S1R02.compile.stdout: OK
./acceptance/koka-r2/S1R02.run.stderr: OK
./acceptance/koka-r2/S1R02.run.stdout: OK
./acceptance/koka-r2/S1R03.compile.stderr: OK
./acceptance/koka-r2/S1R03.compile.stdout: OK
./acceptance/koka-r2/S1R03.run.stderr: OK
./acceptance/koka-r2/S1R03.run.stdout: OK
./acceptance/koka-r2/S1R04.compile.stderr: OK
./acceptance/koka-r2/S1R04.compile.stdout: OK
./acceptance/koka-r2/S1R05.compile.stderr: OK
./acceptance/koka-r2/S1R05.compile.stdout: OK
./acceptance/koka-r2/S1R05.run.stderr: OK
./acceptance/koka-r2/S1R05.run.stdout: OK
./acceptance/koka-r2/S1R06.compile.stderr: OK
./acceptance/koka-r2/S1R06.compile.stdout: OK
./acceptance/koka-r2/S1R06.run.stderr: OK
./acceptance/koka-r2/S1R06.run.stdout: OK
./acceptance/koka-r2/generator.py: OK
./acceptance/koka-r2/results.json: OK
./acceptance/koka-r2/s1a01.kk: OK
./acceptance/koka-r2/s1a02.kk: OK
./acceptance/koka-r2/s1a03.kk: OK
./acceptance/koka-r2/s1a04.kk: OK
./acceptance/koka-r2/s1a05.kk: OK
./acceptance/koka-r2/s1a06.kk: OK
./acceptance/koka-r2/s1a07.kk: OK
./acceptance/koka-r2/s1a08.kk: OK
./acceptance/koka-r2/s1a09.kk: OK
./acceptance/koka-r2/s1a10.kk: OK
./acceptance/koka-r2/s1a11.kk: OK
./acceptance/koka-r2/s1a12.kk: OK
./acceptance/koka-r2/s1o01.kk: OK
./acceptance/koka-r2/s1r01.kk: OK
./acceptance/koka-r2/s1r02.kk: OK
./acceptance/koka-r2/s1r03.kk: OK
./acceptance/koka-r2/s1r04.kk: OK
./acceptance/koka-r2/s1r05.kk: OK
./acceptance/koka-r2/s1r06.kk: OK
./acceptance/koka-r2/version.txt: OK
./acceptance/koka-r3/S1A07.compile.stderr: OK
./acceptance/koka-r3/S1A07.compile.stdout: OK
./acceptance/koka-r3/S1A07.run.stderr: OK
./acceptance/koka-r3/S1A07.run.stdout: OK
./acceptance/koka-r3/S1R04.compile.stderr: OK
./acceptance/koka-r3/S1R04.compile.stdout: OK
./acceptance/koka-r3/S1R04.run.stderr: OK
./acceptance/koka-r3/S1R04.run.stdout: OK
./acceptance/koka-r3/results.json: OK
./acceptance/koka-r3/s1a07.kk: OK
./acceptance/koka-r3/s1r04.kk: OK
./acceptance/koka-r3/version.txt: OK
./acceptance/koka/S1A01.compile.stderr: OK
./acceptance/koka/S1A01.compile.stdout: OK
./acceptance/koka/S1A02.compile.stderr: OK
./acceptance/koka/S1A02.compile.stdout: OK
./acceptance/koka/S1A03.compile.stderr: OK
./acceptance/koka/S1A03.compile.stdout: OK
./acceptance/koka/S1A04.compile.stderr: OK
./acceptance/koka/S1A04.compile.stdout: OK
./acceptance/koka/S1A05.compile.stderr: OK
./acceptance/koka/S1A05.compile.stdout: OK
./acceptance/koka/S1A06.compile.stderr: OK
./acceptance/koka/S1A06.compile.stdout: OK
./acceptance/koka/S1A07.compile.stderr: OK
./acceptance/koka/S1A07.compile.stdout: OK
./acceptance/koka/S1A08.compile.stderr: OK
./acceptance/koka/S1A08.compile.stdout: OK
./acceptance/koka/S1A09.compile.stderr: OK
./acceptance/koka/S1A09.compile.stdout: OK
./acceptance/koka/S1A10.compile.stderr: OK
./acceptance/koka/S1A10.compile.stdout: OK
./acceptance/koka/S1A11.compile.stderr: OK
./acceptance/koka/S1A11.compile.stdout: OK
./acceptance/koka/S1A12.compile.stderr: OK
./acceptance/koka/S1A12.compile.stdout: OK
./acceptance/koka/S1O01.compile.stderr: OK
./acceptance/koka/S1O01.compile.stdout: OK
./acceptance/koka/S1R01.compile.stderr: OK
./acceptance/koka/S1R01.compile.stdout: OK
./acceptance/koka/S1R02.compile.stderr: OK
./acceptance/koka/S1R02.compile.stdout: OK
./acceptance/koka/S1R03.compile.stderr: OK
./acceptance/koka/S1R03.compile.stdout: OK
./acceptance/koka/S1R04.compile.stderr: OK
./acceptance/koka/S1R04.compile.stdout: OK
./acceptance/koka/S1R05.compile.stderr: OK
./acceptance/koka/S1R05.compile.stdout: OK
./acceptance/koka/S1R06.compile.stderr: OK
./acceptance/koka/S1R06.compile.stdout: OK
./acceptance/koka/generator.py: OK
./acceptance/koka/results.json: OK
./acceptance/koka/s1a01.kk: OK
./acceptance/koka/s1a02.kk: OK
./acceptance/koka/s1a03.kk: OK
./acceptance/koka/s1a04.kk: OK
./acceptance/koka/s1a05.kk: OK
./acceptance/koka/s1a06.kk: OK
./acceptance/koka/s1a07.kk: OK
./acceptance/koka/s1a08.kk: OK
./acceptance/koka/s1a09.kk: OK
./acceptance/koka/s1a10.kk: OK
./acceptance/koka/s1a11.kk: OK
./acceptance/koka/s1a12.kk: OK
./acceptance/koka/s1o01.kk: OK
./acceptance/koka/s1r01.kk: OK
./acceptance/koka/s1r02.kk: OK
./acceptance/koka/s1r03.kk: OK
./acceptance/koka/s1r04.kk: OK
./acceptance/koka/s1r05.kk: OK
./acceptance/koka/s1r06.kk: OK
./acceptance/koka/version.txt: OK
./acceptance/predictions.json: OK
./acceptance/programs.json: OK
./acceptance/starts.json: OK
./acceptance/supplemental-v2/CALL-CHECKPOINT.txt: OK
./acceptance/supplemental-v2/INVENTORY.sha256: OK
./acceptance/supplemental-v2/README.md: OK
./acceptance/supplemental-v2/SOURCE.sha256: OK
./acceptance/supplemental-v2/call_predictions.py: OK
./acceptance/supplemental-v2/check_expanded.py: OK
./acceptance/supplemental-v2/consumer-development.json: OK
./acceptance/supplemental-v2/expected-events.json: OK
./acceptance/supplemental-v2/results.json: OK
./acceptance/supplemental-v2/verification.log: OK
./acceptance/supplemental/INVENTORY.sha256: OK
./acceptance/supplemental/README.md: OK
./acceptance/supplemental/SOURCE.sha256: OK
./acceptance/supplemental/boundary_check.py: OK
./acceptance/supplemental/results.json: OK
./acceptance/supplemental/verification.log: OK
./acceptance/verification.log: OK
./lean/.gitignore: OK
./lean/Export.lean: OK
./lean/Full.lean: OK
./lean/Full/Control.lean: OK
./lean/Full/Counted.lean: OK
./lean/Full/Inspect.lean: OK
./lean/Full/Language.lean: OK
./lean/Full/Lifecycle.lean: OK
./lean/Full/Plain.lean: OK
./lean/Full/Statements.lean: OK
./lean/ProofGate.lean: OK
./lean/TrialCompatibility.lean: OK
./lean/lake-manifest.json: OK
./lean/lakefile.toml: OK
./lean/lean-toolchain: OK
./run_spec.py: OK
./verification/Controls.lean: OK
./verification/FINAL-REVIEW.md: OK
./verification/REVIEW-FOLLOWUP.md: OK
./verification/ReviewCases.lean: OK
./verification/SCOPE-FOLLOWUP.md: OK
./verification/check_final.py: OK
./verification/evidence/boundary-results.json: OK
./verification/evidence/controls.log: OK
./verification/evidence/expanded-results.json: OK
./verification/evidence/inputs.json: OK
./verification/evidence/raw.json.gz: OK
./verification/evidence/summary.json: OK
./verification/evidence/verifier-controls.log: OK
./verification/evidence/verifier-scope.log: OK
./verification/final-results.json: OK
$ sha256sum -c stage-1/rank-amendment-01/EVIDENCE.sha256
stage-1/rank-amendment-01/EVIDENCE.md: OK
stage-1/rank-amendment-01/evidence/amendment-scope.log: OK
stage-1/rank-amendment-01/evidence/baseline-integrity.log: OK
stage-1/rank-amendment-01/evidence/boundaries.log: OK
stage-1/rank-amendment-01/evidence/boundary-results.json: OK
stage-1/rank-amendment-01/evidence/build.log: OK
stage-1/rank-amendment-01/evidence/calls-search.log: OK
stage-1/rank-amendment-01/evidence/clean-axioms.log: OK
stage-1/rank-amendment-01/evidence/clean-build.log: OK
stage-1/rank-amendment-01/evidence/clean-kernel.log: OK
stage-1/rank-amendment-01/evidence/clean-regression.log: OK
stage-1/rank-amendment-01/evidence/clean-status.log: OK
stage-1/rank-amendment-01/evidence/controls.log: OK
stage-1/rank-amendment-01/evidence/expanded-results.json: OK
stage-1/rank-amendment-01/evidence/finite-suite.log: OK
stage-1/rank-amendment-01/evidence/inputs.json: OK
stage-1/rank-amendment-01/evidence/old-freeze-seal.log: OK
stage-1/rank-amendment-01/evidence/preparation-integrity.log: OK
stage-1/rank-amendment-01/evidence/raw.json.gz: OK
stage-1/rank-amendment-01/evidence/regression.log: OK
stage-1/rank-amendment-01/evidence/summary.json: OK
stage-1/rank-amendment-01/evidence/trial-compatibility.log: OK
$ sha256sum -c stage-1/completion/PROOFS.sha256
lean/Full/Proofs.lean: OK
lean/Full/Proofs/Basic.lean: OK
lean/Full/Proofs/BindingIdentity.lean: OK
lean/Full/Proofs/BranchReservations.lean: OK
lean/Full/Proofs/Control.lean: OK
lean/Full/Proofs/ControlShape.lean: OK
lean/Full/Proofs/Correspondence.lean: OK
lean/Full/Proofs/CountedTyping.lean: OK
lean/Full/Proofs/DecomposeRank.lean: OK
lean/Full/Proofs/Destruction.lean: OK
lean/Full/Proofs/DestructionGraph.lean: OK
lean/Full/Proofs/Effects.lean: OK
lean/Full/Proofs/EnvironmentIdentity.lean: OK
lean/Full/Proofs/Final.lean: OK
lean/Full/Proofs/Forward.lean: OK
lean/Full/Proofs/ForwardBindings.lean: OK
lean/Full/Proofs/ForwardBindingsControl.lean: OK
lean/Full/Proofs/ForwardBindingsDecompose.lean: OK
lean/Full/Proofs/ForwardBindingsEnvironment.lean: OK
lean/Full/Proofs/ForwardCallEnter.lean: OK
lean/Full/Proofs/ForwardCalls.lean: OK
lean/Full/Proofs/ForwardCapture.lean: OK
lean/Full/Proofs/ForwardCleanup.lean: OK
lean/Full/Proofs/ForwardLeaves.lean: OK
lean/Full/Proofs/ForwardValue.lean: OK
lean/Full/Proofs/Free.lean: OK
lean/Full/Proofs/Heap.lean: OK
lean/Full/Proofs/HoldingAccounted.lean: OK
lean/Full/Proofs/Initial.lean: OK
lean/Full/Proofs/Invariance.lean: OK
lean/Full/Proofs/Lifecycle.lean: OK
lean/Full/Proofs/LiveBindings.lean: OK
lean/Full/Proofs/Observer.lean: OK
lean/Full/Proofs/PartialGate.lean: OK
lean/Full/Proofs/PlainTyping.lean: OK
lean/Full/Proofs/Preservation.lean: OK
lean/Full/Proofs/PreservationCells.lean: OK
lean/Full/Proofs/PreservationCons.lean: OK
lean/Full/Proofs/PreservationConsHeap.lean: OK
lean/Full/Proofs/PreservationDecomposeShared.lean: OK
lean/Full/Proofs/PreservationDecomposeUnique.lean: OK
lean/Full/Proofs/PreservationOwnership.lean: OK
lean/Full/Proofs/PreservationRelease.lean: OK
lean/Full/Proofs/PreservationReleaseHeap.lean: OK
lean/Full/Proofs/Progress.lean: OK
lean/Full/Proofs/ProgressControl.lean: OK
lean/Full/Proofs/ProgressGate.lean: OK
lean/Full/Proofs/ProgressHeap.lean: OK
lean/Full/Proofs/RankRegression.lean: OK
lean/Full/Proofs/ReleaseQueue.lean: OK
lean/Full/Proofs/ReleaseReadiness.lean: OK
lean/Full/Proofs/ReservationAccounted.lean: OK
lean/Full/Proofs/ReservedReadiness.lean: OK
lean/Full/Proofs/Residual.lean: OK
lean/Full/Proofs/Scope.lean: OK
lean/Full/Proofs/Simulation.lean: OK
lean/Full/Proofs/SimulationInitial.lean: OK
lean/Full/Proofs/TrialCleanup.lean: OK
lean/Full/Proofs/TrialCompatibility.lean: OK
lean/Full/Proofs/TrialCompatibilitySimulation.lean: OK
lean/Full/Proofs/TrialExecution.lean: OK
lean/Full/Proofs/TrialExecutionContract.lean: OK
lean/Full/Proofs/TrialExecutionDead.lean: OK
lean/Full/Proofs/TrialExpression.lean: OK
lean/Full/Proofs/TrialExpressionArithmetic.lean: OK
lean/Full/Proofs/TrialExpressionBinary.lean: OK
lean/Full/Proofs/TrialExpressionControl.lean: OK
lean/Full/Proofs/TrialExpressionIf.lean: OK
lean/Full/Proofs/TrialExpressionLet.lean: OK
lean/Full/Proofs/TrialExpressionMatch.lean: OK
lean/Full/Proofs/TrialExpressionMatchDecompose.lean: OK
lean/Full/Proofs/TrialExpressionMatchEvaluation.lean: OK
lean/Full/Proofs/TrialExpressionMatchFinish.lean: OK
lean/Full/Proofs/TrialExpressionMatchShared.lean: OK
lean/Full/Proofs/TrialExpressionMatchUnique.lean: OK
lean/Full/Proofs/TrialExpressionValues.lean: OK
lean/Full/Proofs/TrialExpressionValuesCons.lean: OK
lean/Full/Proofs/TrialInitialCleanup.lean: OK
lean/Full/Proofs/TrialInitialization.lean: OK
lean/Full/Proofs/TrialRelease.lean: OK
lean/Full/Proofs/TrialSimulationRelease.lean: OK
$ sha256sum -c BASELINE.sha256
../trial/lean/.gitignore: OK
../trial/lean/Acceptance.lean: OK
../trial/lean/Checks.lean: OK
../trial/lean/Checks/Examples.lean: OK
../trial/lean/Checks/Predictions.lean: OK
../trial/lean/Checks/Run.lean: OK
../trial/lean/Promises.lean: OK
../trial/lean/Proofs.lean: OK
../trial/lean/Proofs/Arithmetic.lean: OK
../trial/lean/Proofs/BindContract.lean: OK
../trial/lean/Proofs/Bindings.lean: OK
../trial/lean/Proofs/BranchContract.lean: OK
../trial/lean/Proofs/Build.lean: OK
../trial/lean/Proofs/BuildContract.lean: OK
../trial/lean/Proofs/Cleanup.lean: OK
../trial/lean/Proofs/CleanupContract.lean: OK
../trial/lean/Proofs/CleanupViews.lean: OK
../trial/lean/Proofs/Closed.lean: OK
../trial/lean/Proofs/ConsContract.lean: OK
../trial/lean/Proofs/Construction.lean: OK
../trial/lean/Proofs/Disposal.lean: OK
../trial/lean/Proofs/DisposalViews.lean: OK
../trial/lean/Proofs/Environment.lean: OK
../trial/lean/Proofs/ExclusiveSetup.lean: OK
../trial/lean/Proofs/Final.lean: OK
../trial/lean/Proofs/Healthy.lean: OK
../trial/lean/Proofs/Heap.lean: OK
../trial/lean/Proofs/IfContract.lean: OK
../trial/lean/Proofs/Induction.lean: OK
../trial/lean/Proofs/Initial.lean: OK
../trial/lean/Proofs/Initialization.lean: OK
../trial/lean/Proofs/InputCleanup.lean: OK
../trial/lean/Proofs/Inputs.lean: OK
../trial/lean/Proofs/LetContract.lean: OK
../trial/lean/Proofs/LetSetup.lean: OK
../trial/lean/Proofs/LiveBindings.lean: OK
../trial/lean/Proofs/Liveness.lean: OK
../trial/lean/Proofs/Match.lean: OK
../trial/lean/Proofs/MatchBindings.lean: OK
../trial/lean/Proofs/MatchCell.lean: OK
../trial/lean/Proofs/MatchContract.lean: OK
../trial/lean/Proofs/MatchLiveness.lean: OK
../trial/lean/Proofs/MatchNil.lean: OK
../trial/lean/Proofs/MatchSetup.lean: OK
../trial/lean/Proofs/Meanings.lean: OK
../trial/lean/Proofs/Memory.lean: OK
../trial/lean/Proofs/NewBinding.lean: OK
../trial/lean/Proofs/Operations.lean: OK
../trial/lean/Proofs/Ownership.lean: OK
../trial/lean/Proofs/PendingRelease.lean: OK
../trial/lean/Proofs/Plain.lean: OK
../trial/lean/Proofs/Reachability.lean: OK
../trial/lean/Proofs/Release.lean: OK
../trial/lean/Proofs/ReleaseContract.lean: OK
../trial/lean/Proofs/ReleaseFrame.lean: OK
../trial/lean/Proofs/Reserve.lean: OK
../trial/lean/Proofs/ReserveContract.lean: OK
../trial/lean/Proofs/RunContract.lean: OK
../trial/lean/Proofs/SharedContract.lean: OK
../trial/lean/Proofs/SharedSetup.lean: OK
../trial/lean/Proofs/Snapshots.lean: OK
../trial/lean/Proofs/Start.lean: OK
../trial/lean/Proofs/StateSteps.lean: OK
../trial/lean/Proofs/VariableContract.lean: OK
../trial/lean/Proofs/Variables.lean: OK
../trial/lean/Proofs/Views.lean: OK
../trial/lean/Trial.lean: OK
../trial/lean/Trial/Broken.lean: OK
../trial/lean/Trial/Counted.lean: OK
../trial/lean/Trial/Language.lean: OK
../trial/lean/Trial/Memory.lean: OK
../trial/lean/Trial/Plain.lean: OK
../trial/lean/lake-manifest.json: OK
../trial/lean/lakefile.toml: OK
../trial/lean/lean-toolchain: OK
$ sha256sum -c FREEZE.sha256
FREEZE.md: OK
PREPARATION.sha256: OK
$ sha256sum -c stage-1/rank-amendment-01/FREEZE.sha256
stage-1/rank-amendment-01/FREEZE.md: OK
stage-1/rank-amendment-01/AUTHORIZATION.md: OK
stage-1/rank-amendment-01/PREPARATION.sha256: OK
stage-1/rank-amendment-01/REVIEW.md: OK
stage-1/rank-amendment-01/Regression.lean: OK
lean/Full/Proofs/RankRegression.lean: OK
$ sha256sum -c stage-1/rank-amendment-01/PREPARATION.sha256
./ACCEPTANCE.md: OK
./BASELINE.sha256: OK
./PREPARATION-RESULT.md: OK
./SPEC-ENCODING-BRIEF.md: OK
./VERIFIER.md: OK
./acceptance/BOUNDARIES.md: OK
./acceptance/CHECKPOINT.md: OK
./acceptance/CHECKS.md: OK
./acceptance/DERIVATIONS.md: OK
./acceptance/HANDOFF.md: OK
./acceptance/KOKA.md: OK
./acceptance/MANIFEST.sha256: OK
./acceptance/PREDICTIONS.sha256: OK
./acceptance/check.py: OK
./acceptance/checks.log: OK
./acceptance/compare_koka.py: OK
./acceptance/comparison-r2.log: OK
./acceptance/comparison-r3.log: OK
./acceptance/comparison.log: OK
./acceptance/consumer-unit.log: OK
./acceptance/koka-r2/S1A01.compile.stderr: OK
./acceptance/koka-r2/S1A01.compile.stdout: OK
./acceptance/koka-r2/S1A01.run.stderr: OK
./acceptance/koka-r2/S1A01.run.stdout: OK
./acceptance/koka-r2/S1A02.compile.stderr: OK
./acceptance/koka-r2/S1A02.compile.stdout: OK
./acceptance/koka-r2/S1A02.run.stderr: OK
./acceptance/koka-r2/S1A02.run.stdout: OK
./acceptance/koka-r2/S1A03.compile.stderr: OK
./acceptance/koka-r2/S1A03.compile.stdout: OK
./acceptance/koka-r2/S1A03.run.stderr: OK
./acceptance/koka-r2/S1A03.run.stdout: OK
./acceptance/koka-r2/S1A04.compile.stderr: OK
./acceptance/koka-r2/S1A04.compile.stdout: OK
./acceptance/koka-r2/S1A04.run.stderr: OK
./acceptance/koka-r2/S1A04.run.stdout: OK
./acceptance/koka-r2/S1A05.compile.stderr: OK
./acceptance/koka-r2/S1A05.compile.stdout: OK
./acceptance/koka-r2/S1A05.run.stderr: OK
./acceptance/koka-r2/S1A05.run.stdout: OK
./acceptance/koka-r2/S1A06.compile.stderr: OK
./acceptance/koka-r2/S1A06.compile.stdout: OK
./acceptance/koka-r2/S1A06.run.stderr: OK
./acceptance/koka-r2/S1A06.run.stdout: OK
./acceptance/koka-r2/S1A07.compile.stderr: OK
./acceptance/koka-r2/S1A07.compile.stdout: OK
./acceptance/koka-r2/S1A08.compile.stderr: OK
./acceptance/koka-r2/S1A08.compile.stdout: OK
./acceptance/koka-r2/S1A08.run.stderr: OK
./acceptance/koka-r2/S1A08.run.stdout: OK
./acceptance/koka-r2/S1A09.compile.stderr: OK
./acceptance/koka-r2/S1A09.compile.stdout: OK
./acceptance/koka-r2/S1A09.run.stderr: OK
./acceptance/koka-r2/S1A09.run.stdout: OK
./acceptance/koka-r2/S1A10.compile.stderr: OK
./acceptance/koka-r2/S1A10.compile.stdout: OK
./acceptance/koka-r2/S1A10.run.stderr: OK
./acceptance/koka-r2/S1A10.run.stdout: OK
./acceptance/koka-r2/S1A11.compile.stderr: OK
./acceptance/koka-r2/S1A11.compile.stdout: OK
./acceptance/koka-r2/S1A11.run.stderr: OK
./acceptance/koka-r2/S1A11.run.stdout: OK
./acceptance/koka-r2/S1A12.compile.stderr: OK
./acceptance/koka-r2/S1A12.compile.stdout: OK
./acceptance/koka-r2/S1A12.run.stderr: OK
./acceptance/koka-r2/S1A12.run.stdout: OK
./acceptance/koka-r2/S1O01.compile.stderr: OK
./acceptance/koka-r2/S1O01.compile.stdout: OK
./acceptance/koka-r2/S1O01.run.stderr: OK
./acceptance/koka-r2/S1O01.run.stdout: OK
./acceptance/koka-r2/S1R01.compile.stderr: OK
./acceptance/koka-r2/S1R01.compile.stdout: OK
./acceptance/koka-r2/S1R01.run.stderr: OK
./acceptance/koka-r2/S1R01.run.stdout: OK
./acceptance/koka-r2/S1R02.compile.stderr: OK
./acceptance/koka-r2/S1R02.compile.stdout: OK
./acceptance/koka-r2/S1R02.run.stderr: OK
./acceptance/koka-r2/S1R02.run.stdout: OK
./acceptance/koka-r2/S1R03.compile.stderr: OK
./acceptance/koka-r2/S1R03.compile.stdout: OK
./acceptance/koka-r2/S1R03.run.stderr: OK
./acceptance/koka-r2/S1R03.run.stdout: OK
./acceptance/koka-r2/S1R04.compile.stderr: OK
./acceptance/koka-r2/S1R04.compile.stdout: OK
./acceptance/koka-r2/S1R05.compile.stderr: OK
./acceptance/koka-r2/S1R05.compile.stdout: OK
./acceptance/koka-r2/S1R05.run.stderr: OK
./acceptance/koka-r2/S1R05.run.stdout: OK
./acceptance/koka-r2/S1R06.compile.stderr: OK
./acceptance/koka-r2/S1R06.compile.stdout: OK
./acceptance/koka-r2/S1R06.run.stderr: OK
./acceptance/koka-r2/S1R06.run.stdout: OK
./acceptance/koka-r2/generator.py: OK
./acceptance/koka-r2/results.json: OK
./acceptance/koka-r2/s1a01.kk: OK
./acceptance/koka-r2/s1a02.kk: OK
./acceptance/koka-r2/s1a03.kk: OK
./acceptance/koka-r2/s1a04.kk: OK
./acceptance/koka-r2/s1a05.kk: OK
./acceptance/koka-r2/s1a06.kk: OK
./acceptance/koka-r2/s1a07.kk: OK
./acceptance/koka-r2/s1a08.kk: OK
./acceptance/koka-r2/s1a09.kk: OK
./acceptance/koka-r2/s1a10.kk: OK
./acceptance/koka-r2/s1a11.kk: OK
./acceptance/koka-r2/s1a12.kk: OK
./acceptance/koka-r2/s1o01.kk: OK
./acceptance/koka-r2/s1r01.kk: OK
./acceptance/koka-r2/s1r02.kk: OK
./acceptance/koka-r2/s1r03.kk: OK
./acceptance/koka-r2/s1r04.kk: OK
./acceptance/koka-r2/s1r05.kk: OK
./acceptance/koka-r2/s1r06.kk: OK
./acceptance/koka-r2/version.txt: OK
./acceptance/koka-r3/S1A07.compile.stderr: OK
./acceptance/koka-r3/S1A07.compile.stdout: OK
./acceptance/koka-r3/S1A07.run.stderr: OK
./acceptance/koka-r3/S1A07.run.stdout: OK
./acceptance/koka-r3/S1R04.compile.stderr: OK
./acceptance/koka-r3/S1R04.compile.stdout: OK
./acceptance/koka-r3/S1R04.run.stderr: OK
./acceptance/koka-r3/S1R04.run.stdout: OK
./acceptance/koka-r3/results.json: OK
./acceptance/koka-r3/s1a07.kk: OK
./acceptance/koka-r3/s1r04.kk: OK
./acceptance/koka-r3/version.txt: OK
./acceptance/koka/S1A01.compile.stderr: OK
./acceptance/koka/S1A01.compile.stdout: OK
./acceptance/koka/S1A02.compile.stderr: OK
./acceptance/koka/S1A02.compile.stdout: OK
./acceptance/koka/S1A03.compile.stderr: OK
./acceptance/koka/S1A03.compile.stdout: OK
./acceptance/koka/S1A04.compile.stderr: OK
./acceptance/koka/S1A04.compile.stdout: OK
./acceptance/koka/S1A05.compile.stderr: OK
./acceptance/koka/S1A05.compile.stdout: OK
./acceptance/koka/S1A06.compile.stderr: OK
./acceptance/koka/S1A06.compile.stdout: OK
./acceptance/koka/S1A07.compile.stderr: OK
./acceptance/koka/S1A07.compile.stdout: OK
./acceptance/koka/S1A08.compile.stderr: OK
./acceptance/koka/S1A08.compile.stdout: OK
./acceptance/koka/S1A09.compile.stderr: OK
./acceptance/koka/S1A09.compile.stdout: OK
./acceptance/koka/S1A10.compile.stderr: OK
./acceptance/koka/S1A10.compile.stdout: OK
./acceptance/koka/S1A11.compile.stderr: OK
./acceptance/koka/S1A11.compile.stdout: OK
./acceptance/koka/S1A12.compile.stderr: OK
./acceptance/koka/S1A12.compile.stdout: OK
./acceptance/koka/S1O01.compile.stderr: OK
./acceptance/koka/S1O01.compile.stdout: OK
./acceptance/koka/S1R01.compile.stderr: OK
./acceptance/koka/S1R01.compile.stdout: OK
./acceptance/koka/S1R02.compile.stderr: OK
./acceptance/koka/S1R02.compile.stdout: OK
./acceptance/koka/S1R03.compile.stderr: OK
./acceptance/koka/S1R03.compile.stdout: OK
./acceptance/koka/S1R04.compile.stderr: OK
./acceptance/koka/S1R04.compile.stdout: OK
./acceptance/koka/S1R05.compile.stderr: OK
./acceptance/koka/S1R05.compile.stdout: OK
./acceptance/koka/S1R06.compile.stderr: OK
./acceptance/koka/S1R06.compile.stdout: OK
./acceptance/koka/generator.py: OK
./acceptance/koka/results.json: OK
./acceptance/koka/s1a01.kk: OK
./acceptance/koka/s1a02.kk: OK
./acceptance/koka/s1a03.kk: OK
./acceptance/koka/s1a04.kk: OK
./acceptance/koka/s1a05.kk: OK
./acceptance/koka/s1a06.kk: OK
./acceptance/koka/s1a07.kk: OK
./acceptance/koka/s1a08.kk: OK
./acceptance/koka/s1a09.kk: OK
./acceptance/koka/s1a10.kk: OK
./acceptance/koka/s1a11.kk: OK
./acceptance/koka/s1a12.kk: OK
./acceptance/koka/s1o01.kk: OK
./acceptance/koka/s1r01.kk: OK
./acceptance/koka/s1r02.kk: OK
./acceptance/koka/s1r03.kk: OK
./acceptance/koka/s1r04.kk: OK
./acceptance/koka/s1r05.kk: OK
./acceptance/koka/s1r06.kk: OK
./acceptance/koka/version.txt: OK
./acceptance/predictions.json: OK
./acceptance/programs.json: OK
./acceptance/starts.json: OK
./acceptance/supplemental-v2/CALL-CHECKPOINT.txt: OK
./acceptance/supplemental-v2/INVENTORY.sha256: OK
./acceptance/supplemental-v2/README.md: OK
./acceptance/supplemental-v2/SOURCE.sha256: OK
./acceptance/supplemental-v2/call_predictions.py: OK
./acceptance/supplemental-v2/check_expanded.py: OK
./acceptance/supplemental-v2/consumer-development.json: OK
./acceptance/supplemental-v2/expected-events.json: OK
./acceptance/supplemental-v2/results.json: OK
./acceptance/supplemental-v2/verification.log: OK
./acceptance/supplemental/INVENTORY.sha256: OK
./acceptance/supplemental/README.md: OK
./acceptance/supplemental/SOURCE.sha256: OK
./acceptance/supplemental/boundary_check.py: OK
./acceptance/supplemental/results.json: OK
./acceptance/supplemental/verification.log: OK
./acceptance/verification.log: OK
./lean/.gitignore: OK
./lean/Export.lean: OK
./lean/Full.lean: OK
./lean/Full/Control.lean: OK
./lean/Full/Counted.lean: OK
./lean/Full/Inspect.lean: OK
./lean/Full/Language.lean: OK
./lean/Full/Lifecycle.lean: OK
./lean/Full/Plain.lean: OK
./lean/Full/Statements.lean: OK
./lean/ProofGate.lean: OK
./lean/TrialCompatibility.lean: OK
./lean/lake-manifest.json: OK
./lean/lakefile.toml: OK
./lean/lean-toolchain: OK
./run_spec.py: OK
./verification/Controls.lean: OK
./verification/FINAL-REVIEW.md: OK
./verification/REVIEW-FOLLOWUP.md: OK
./verification/ReviewCases.lean: OK
./verification/SCOPE-FOLLOWUP.md: OK
./verification/check_final.py: OK
./verification/evidence/boundary-results.json: OK
./verification/evidence/controls.log: OK
./verification/evidence/expanded-results.json: OK
./verification/evidence/inputs.json: OK
./verification/evidence/raw.json.gz: OK
./verification/evidence/summary.json: OK
./verification/evidence/verifier-controls.log: OK
./verification/evidence/verifier-scope.log: OK
./verification/final-results.json: OK
$ sha256sum -c stage-1/rank-amendment-01/EVIDENCE.sha256
stage-1/rank-amendment-01/EVIDENCE.md: OK
stage-1/rank-amendment-01/evidence/amendment-scope.log: OK
stage-1/rank-amendment-01/evidence/baseline-integrity.log: OK
stage-1/rank-amendment-01/evidence/boundaries.log: OK
stage-1/rank-amendment-01/evidence/boundary-results.json: OK
stage-1/rank-amendment-01/evidence/build.log: OK
stage-1/rank-amendment-01/evidence/calls-search.log: OK
stage-1/rank-amendment-01/evidence/clean-axioms.log: OK
stage-1/rank-amendment-01/evidence/clean-build.log: OK
stage-1/rank-amendment-01/evidence/clean-kernel.log: OK
stage-1/rank-amendment-01/evidence/clean-regression.log: OK
stage-1/rank-amendment-01/evidence/clean-status.log: OK
stage-1/rank-amendment-01/evidence/controls.log: OK
stage-1/rank-amendment-01/evidence/expanded-results.json: OK
stage-1/rank-amendment-01/evidence/finite-suite.log: OK
stage-1/rank-amendment-01/evidence/inputs.json: OK
stage-1/rank-amendment-01/evidence/old-freeze-seal.log: OK
stage-1/rank-amendment-01/evidence/preparation-integrity.log: OK
stage-1/rank-amendment-01/evidence/raw.json.gz: OK
stage-1/rank-amendment-01/evidence/regression.log: OK
stage-1/rank-amendment-01/evidence/summary.json: OK
stage-1/rank-amendment-01/evidence/trial-compatibility.log: OK
$ sha256sum -c stage-1/completion/PROOFS.sha256
lean/Full/Proofs.lean: OK
lean/Full/Proofs/Basic.lean: OK
lean/Full/Proofs/BindingIdentity.lean: OK
lean/Full/Proofs/BranchReservations.lean: OK
lean/Full/Proofs/Control.lean: OK
lean/Full/Proofs/ControlShape.lean: OK
lean/Full/Proofs/Correspondence.lean: OK
lean/Full/Proofs/CountedTyping.lean: OK
lean/Full/Proofs/DecomposeRank.lean: OK
lean/Full/Proofs/Destruction.lean: OK
lean/Full/Proofs/DestructionGraph.lean: OK
lean/Full/Proofs/Effects.lean: OK
lean/Full/Proofs/EnvironmentIdentity.lean: OK
lean/Full/Proofs/Final.lean: OK
lean/Full/Proofs/Forward.lean: OK
lean/Full/Proofs/ForwardBindings.lean: OK
lean/Full/Proofs/ForwardBindingsControl.lean: OK
lean/Full/Proofs/ForwardBindingsDecompose.lean: OK
lean/Full/Proofs/ForwardBindingsEnvironment.lean: OK
lean/Full/Proofs/ForwardCallEnter.lean: OK
lean/Full/Proofs/ForwardCalls.lean: OK
lean/Full/Proofs/ForwardCapture.lean: OK
lean/Full/Proofs/ForwardCleanup.lean: OK
lean/Full/Proofs/ForwardLeaves.lean: OK
lean/Full/Proofs/ForwardValue.lean: OK
lean/Full/Proofs/Free.lean: OK
lean/Full/Proofs/Heap.lean: OK
lean/Full/Proofs/HoldingAccounted.lean: OK
lean/Full/Proofs/Initial.lean: OK
lean/Full/Proofs/Invariance.lean: OK
lean/Full/Proofs/Lifecycle.lean: OK
lean/Full/Proofs/LiveBindings.lean: OK
lean/Full/Proofs/Observer.lean: OK
lean/Full/Proofs/PartialGate.lean: OK
lean/Full/Proofs/PlainTyping.lean: OK
lean/Full/Proofs/Preservation.lean: OK
lean/Full/Proofs/PreservationCells.lean: OK
lean/Full/Proofs/PreservationCons.lean: OK
lean/Full/Proofs/PreservationConsHeap.lean: OK
lean/Full/Proofs/PreservationDecomposeShared.lean: OK
lean/Full/Proofs/PreservationDecomposeUnique.lean: OK
lean/Full/Proofs/PreservationOwnership.lean: OK
lean/Full/Proofs/PreservationRelease.lean: OK
lean/Full/Proofs/PreservationReleaseHeap.lean: OK
lean/Full/Proofs/Progress.lean: OK
lean/Full/Proofs/ProgressControl.lean: OK
lean/Full/Proofs/ProgressGate.lean: OK
lean/Full/Proofs/ProgressHeap.lean: OK
lean/Full/Proofs/RankRegression.lean: OK
lean/Full/Proofs/ReleaseQueue.lean: OK
lean/Full/Proofs/ReleaseReadiness.lean: OK
lean/Full/Proofs/ReservationAccounted.lean: OK
lean/Full/Proofs/ReservedReadiness.lean: OK
lean/Full/Proofs/Residual.lean: OK
lean/Full/Proofs/Scope.lean: OK
lean/Full/Proofs/Simulation.lean: OK
lean/Full/Proofs/SimulationInitial.lean: OK
lean/Full/Proofs/TrialCleanup.lean: OK
lean/Full/Proofs/TrialCompatibility.lean: OK
lean/Full/Proofs/TrialCompatibilitySimulation.lean: OK
lean/Full/Proofs/TrialExecution.lean: OK
lean/Full/Proofs/TrialExecutionContract.lean: OK
lean/Full/Proofs/TrialExecutionDead.lean: OK
lean/Full/Proofs/TrialExpression.lean: OK
lean/Full/Proofs/TrialExpressionArithmetic.lean: OK
lean/Full/Proofs/TrialExpressionBinary.lean: OK
lean/Full/Proofs/TrialExpressionControl.lean: OK
lean/Full/Proofs/TrialExpressionIf.lean: OK
lean/Full/Proofs/TrialExpressionLet.lean: OK
lean/Full/Proofs/TrialExpressionMatch.lean: OK
lean/Full/Proofs/TrialExpressionMatchDecompose.lean: OK
lean/Full/Proofs/TrialExpressionMatchEvaluation.lean: OK
lean/Full/Proofs/TrialExpressionMatchFinish.lean: OK
lean/Full/Proofs/TrialExpressionMatchShared.lean: OK
lean/Full/Proofs/TrialExpressionMatchUnique.lean: OK
lean/Full/Proofs/TrialExpressionValues.lean: OK
lean/Full/Proofs/TrialExpressionValuesCons.lean: OK
lean/Full/Proofs/TrialInitialCleanup.lean: OK
lean/Full/Proofs/TrialInitialization.lean: OK
lean/Full/Proofs/TrialRelease.lean: OK
lean/Full/Proofs/TrialSimulationRelease.lean: OK
