⚠ [59/155] Replayed Full.Proofs.CountedTyping
warning: Full/Proofs/CountedTyping.lean:43:8: try 'simp' instead of 'simpa'

Note: This linter can be disabled with `set_option linter.unnecessarySimpa false`
warning: Full/Proofs/CountedTyping.lean:489:46: This simp argument is unused:
  bind

Hint: Omit it from the simp argument list.
  [apply] simp only [Counted.transition, htask, hsl, pure, Except.bind, Except.pure] at ht

Note: This linter can be disabled with `set_option linter.unusedSimpArgs false`
warning: Full/Proofs/CountedTyping.lean:489:56: This simp argument is unused:
  Except.bind

Hint: Omit it from the simp argument list.
  [apply] simp only [Counted.transition, htask, hsl, bind, pure, Except.pure] at ht

Note: This linter can be disabled with `set_option linter.unusedSimpArgs false`
warning: Full/Proofs/CountedTyping.lean:518:28: This simp argument is unused:
  Bool.true_eq_false

Hint: Omit it from the simp argument list.
  [apply] simp only [Counted.transition, htask, hsl, bind, pure, Except.bind, Except.pure, beq_self_eq_true,
    ↓reduceIte] at ht

Note: This linter can be disabled with `set_option linter.unusedSimpArgs false`
warning: Full/Proofs/CountedTyping.lean:739:17: Local variable 'nil' resembles constructor 'Full.Expr.nil' - write '.nil' (with a dot) or 'Full.Expr.nil' to use the constructor.

Note: This linter can be disabled with `set_option linter.constructorNameAsVariable false`
warning: Full/Proofs/CountedTyping.lean:879:18: Local variable 'nil' resembles constructor 'Full.Expr.nil' - write '.nil' (with a dot) or 'Full.Expr.nil' to use the constructor.

Note: This linter can be disabled with `set_option linter.constructorNameAsVariable false`
⚠ [60/155] Replayed Full.Proofs.ProgressControl
warning: Full/Proofs/ProgressControl.lean:50:54: This simp argument is unused:
  Trial.RawValue.kind

Hint: Omit it from the simp argument list.
  [apply] simp_all

Note: This linter can be disabled with `set_option linter.unusedSimpArgs false`
warning: Full/Proofs/ProgressControl.lean:53:24: This simp argument is unused:
  Trial.PlainValue.kind

Hint: Omit it from the simp argument list.
  [apply] simp_all [Counted.transition, Plain.primitive]

Note: This linter can be disabled with `set_option linter.unusedSimpArgs false`
⚠ [62/155] Replayed Full.Proofs.HoldingAccounted
warning: Full/Proofs/HoldingAccounted.lean:365:16: `if_neg` has been deprecated: Use `ite_eq_right` instead
warning: Full/Proofs/HoldingAccounted.lean:467:14: This simp argument is unused:
  htasks

Hint: Omit it from the simp argument list.
  [apply] simp_all [taskUses, uses, Trial.Proofs.lookup_frame_env]

Note: This linter can be disabled with `set_option linter.unusedSimpArgs false`
⚠ [63/155] Replayed Full.Proofs.ReleaseQueue
warning: Full/Proofs/ReleaseQueue.lean:66:29: This simp argument is unused:
  he

Hint: Omit it from the simp argument list.
  [apply] simp_all only [Prefix, prefix_dead, ids]

Note: This linter can be disabled with `set_option linter.unusedSimpArgs false`
warning: Full/Proofs/ReleaseQueue.lean:66:51: This simp argument is unused:
  ids

Hint: Omit it from the simp argument list.
  [apply] simp_all only [he, Prefix, prefix_dead]

Note: This linter can be disabled with `set_option linter.unusedSimpArgs false`
warning: Full/Proofs/ReleaseQueue.lean:114:29: This simp argument is unused:
  he

Hint: Omit it from the simp argument list.
  [apply] simp_all only [Prefix, ids, ids_append, ids_arguments, ids_reserved, EnvironmentIdentity.TaskOK,
    List.nil_append, List.append_nil, List.nodup_cons, List.nodup_nil, List.not_mem_nil, true_and, and_true]

Note: This linter can be disabled with `set_option linter.unusedSimpArgs false`
warning: Full/Proofs/ReleaseQueue.lean:116:23: This simp argument is unused:
  true_and

Hint: Omit it from the simp argument list.
  [apply] simp_all only [he, Prefix, ids, ids_append, ids_arguments, ids_reserved, EnvironmentIdentity.TaskOK,
    List.nil_append, List.append_nil, List.nodup_cons, List.nodup_nil, List.not_mem_nil, and_true]

Note: This linter can be disabled with `set_option linter.unusedSimpArgs false`
warning: Full/Proofs/ReleaseQueue.lean:205:29: This simp argument is unused:
  he

Hint: Omit it from the simp argument list.
  [apply] simp_all only [Prefix, ids, ids_append, ids_arguments, ids_reserved, List.nil_append, List.append_nil]

Note: This linter can be disabled with `set_option linter.unusedSimpArgs false`
warning: Full/Proofs/ReleaseQueue.lean:205:43: This simp argument is unused:
  ids_append

Hint: Omit it from the simp argument list.
  [apply] simp_all only [he, Prefix, ids, ids_arguments, ids_reserved, List.nil_append, List.append_nil]

Note: This linter can be disabled with `set_option linter.unusedSimpArgs false`
warning: Full/Proofs/ReleaseQueue.lean:205:54: This simp argument is unused:
  ids_arguments

Hint: Omit it from the simp argument list.
  [apply] simp_all only [he, Prefix, ids, ids_append, ids_reserved, List.nil_append, List.append_nil]

Note: This linter can be disabled with `set_option linter.unusedSimpArgs false`
warning: Full/Proofs/ReleaseQueue.lean:205:68: This simp argument is unused:
  ids_reserved

Hint: Omit it from the simp argument list.
  [apply] simp_all only [he, Prefix, ids, ids_append, ids_arguments, List.nil_append, List.append_nil]

Note: This linter can be disabled with `set_option linter.unusedSimpArgs false`
warning: Full/Proofs/ReleaseQueue.lean:206:22: This simp argument is unused:
  List.append_nil

Hint: Omit it from the simp argument list.
  [apply] simp_all only [he, Prefix, ids, ids_append, ids_arguments, ids_reserved, List.nil_append]

Note: This linter can be disabled with `set_option linter.unusedSimpArgs false`
warning: Full/Proofs/ReleaseQueue.lean:312:29: This simp argument is unused:
  he

Hint: Omit it from the simp argument list.
  [apply] simp_all only [Prefix, ids, ids_append, ids_arguments, ids_reserved, List.nil_append, List.append_nil]

Note: This linter can be disabled with `set_option linter.unusedSimpArgs false`
warning: Full/Proofs/ReleaseQueue.lean:312:39: This simp argument is unused:
  ids

Hint: Omit it from the simp argument list.
  [apply] simp_all only [he, Prefix, ids_append, ids_arguments, ids_reserved, List.nil_append, List.append_nil]

Note: This linter can be disabled with `set_option linter.unusedSimpArgs false`
warning: Full/Proofs/ReleaseQueue.lean:312:43: This simp argument is unused:
  ids_append

Hint: Omit it from the simp argument list.
  [apply] simp_all only [he, Prefix, ids, ids_arguments, ids_reserved, List.nil_append, List.append_nil]

Note: This linter can be disabled with `set_option linter.unusedSimpArgs false`
warning: Full/Proofs/ReleaseQueue.lean:312:54: This simp argument is unused:
  ids_arguments

Hint: Omit it from the simp argument list.
  [apply] simp_all only [he, Prefix, ids, ids_append, ids_reserved, List.nil_append, List.append_nil]

Note: This linter can be disabled with `set_option linter.unusedSimpArgs false`
warning: Full/Proofs/ReleaseQueue.lean:312:68: This simp argument is unused:
  ids_reserved

Hint: Omit it from the simp argument list.
  [apply] simp_all only [he, Prefix, ids, ids_append, ids_arguments, List.nil_append, List.append_nil]

Note: This linter can be disabled with `set_option linter.unusedSimpArgs false`
warning: Full/Proofs/ReleaseQueue.lean:313:22: This simp argument is unused:
  List.append_nil

Hint: Omit it from the simp argument list.
  [apply] simp_all only [he, Prefix, ids, ids_append, ids_arguments, ids_reserved, List.nil_append]

Note: This linter can be disabled with `set_option linter.unusedSimpArgs false`
warning: Full/Proofs/ReleaseQueue.lean:323:19: This simp argument is unused:
  List.any_append

Hint: Omit it from the simp argument list.
  [apply] simp_all [taskUses, child]

Note: This linter can be disabled with `set_option linter.unusedSimpArgs false`
⚠ [64/155] Replayed Full.Proofs.LiveBindings
warning: Full/Proofs/LiveBindings.lean:49:20: This simp argument is unused:
  he

Hint: Omit it from the simp argument list.
  [apply] simp [taskUses, uses, child, List.any_append, Trial.toFEnv] at hu ⊢

Note: This linter can be disabled with `set_option linter.unusedSimpArgs false`
warning: Full/Proofs/LiveBindings.lean:49:37: This simp argument is unused:
  child

Hint: Omit it from the simp argument list.
  [apply] simp [he, taskUses, uses, List.any_append, Trial.toFEnv] at hu ⊢

Note: This linter can be disabled with `set_option linter.unusedSimpArgs false`
warning: Full/Proofs/LiveBindings.lean:49:43: This simp argument is unused:
  List.any_append

Hint: Omit it from the simp argument list.
  [apply] simp [he, taskUses, uses, child, Trial.toFEnv] at hu ⊢

Note: This linter can be disabled with `set_option linter.unusedSimpArgs false`
warning: Full/Proofs/LiveBindings.lean:124:51: This simp argument is unused:
  List.any_append

Hint: Omit it from the simp argument list.
  [apply] simp_all [makeBinding, taskUses, child]

Note: This linter can be disabled with `set_option linter.unusedSimpArgs false`
⚠ [67/155] Replayed Full.Proofs.ProgressHeap
warning: Full/Proofs/ProgressHeap.lean:107:42: This simp argument is unused:
  RawValue.kind

Hint: Omit it from the simp argument list.
  [apply] simp_all

Note: This linter can be disabled with `set_option linter.unusedSimpArgs false`
warning: Full/Proofs/ProgressHeap.lean:109:44: This simp argument is unused:
  PlainValue.kind

Hint: Omit it from the simp argument list.
  [apply] simp_all

Note: This linter can be disabled with `set_option linter.unusedSimpArgs false`
warning: Full/Proofs/ProgressHeap.lean:114:43: This simp argument is unused:
  hm

Hint: Omit it from the simp argument list.
  [apply] simp [Counted.transition, ht, he, hra, hrb, hva, hvb, Plain.primitive, hel]

Note: This linter can be disabled with `set_option linter.unusedSimpArgs false`
warning: Full/Proofs/ProgressHeap.lean:118:43: This simp argument is unused:
  hm

Hint: Omit it from the simp argument list.
  [apply] simp [Counted.transition, ht, he, hra, hrb, hva, hvb, Plain.primitive, hel, Memory.writeInPlace, hf, hl]

Note: This linter can be disabled with `set_option linter.unusedSimpArgs false`
⚠ [68/155] Replayed Full.Proofs.Progress
warning: Full/Proofs/Progress.lean:37:28: This simp argument is unused:
  HeapTask

Hint: Omit it from the simp argument list.
  [apply] simp_all

Note: This linter can be disabled with `set_option linter.unusedSimpArgs false`
warning: Full/Proofs/Progress.lean:40:29: This simp argument is unused:
  HeapTask

Hint: Omit it from the simp argument list.
  [apply] simp_all

Note: This linter can be disabled with `set_option linter.unusedSimpArgs false`
⚠ [69/155] Replayed Full.Proofs.ReleaseReadiness
warning: Full/Proofs/ReleaseReadiness.lean:46:22: try 'simp' instead of 'simpa'

Note: This linter can be disabled with `set_option linter.unnecessarySimpa false`
warning: Full/Proofs/ReleaseReadiness.lean:68:18: This simp argument is unused:
  clear_append

Hint: Omit it from the simp argument list.
  [apply] simp_all [arguments_clear, reserved_clear, Clear, special]

Note: This linter can be disabled with `set_option linter.unusedSimpArgs false`
warning: Full/Proofs/ReleaseReadiness.lean:68:31: This simp argument is unused:
  arguments_clear

Hint: Omit it from the simp argument list.
  [apply] simp_all [clear_append, reserved_clear, Clear, special]

Note: This linter can be disabled with `set_option linter.unusedSimpArgs false`
warning: Full/Proofs/ReleaseReadiness.lean:68:47: This simp argument is unused:
  reserved_clear

Hint: Omit it from the simp argument list.
  [apply] simp_all [clear_append, arguments_clear, Clear, special]

Note: This linter can be disabled with `set_option linter.unusedSimpArgs false`
⚠ [74/155] Replayed Full.Proofs.Forward
warning: Full/Proofs/Forward.lean:270:14: This simp argument is unused:
  hen

Hint: Omit it from the simp argument list.
  [apply] simp [hk]

Note: This linter can be disabled with `set_option linter.unusedSimpArgs false`
⚠ [75/155] Replayed Full.Proofs.ForwardValue
warning: Full/Proofs/ForwardValue.lean:18:20: try 'simp' instead of 'simpa'

Note: This linter can be disabled with `set_option linter.unnecessarySimpa false`
warning: Full/Proofs/ForwardValue.lean:18:20: try 'simp' instead of 'simpa'

Note: This linter can be disabled with `set_option linter.unnecessarySimpa false`
warning: Full/Proofs/ForwardValue.lean:18:20: try 'simp' instead of 'simpa'

Note: This linter can be disabled with `set_option linter.unnecessarySimpa false`
warning: Full/Proofs/ForwardValue.lean:18:20: try 'simp' instead of 'simpa'

Note: This linter can be disabled with `set_option linter.unnecessarySimpa false`
warning: Full/Proofs/ForwardValue.lean:18:20: try 'simp' instead of 'simpa'

Note: This linter can be disabled with `set_option linter.unnecessarySimpa false`
warning: Full/Proofs/ForwardValue.lean:18:20: try 'simp' instead of 'simpa'

Note: This linter can be disabled with `set_option linter.unnecessarySimpa false`
warning: Full/Proofs/ForwardValue.lean:18:20: try 'simp' instead of 'simpa'

Note: This linter can be disabled with `set_option linter.unnecessarySimpa false`
warning: Full/Proofs/ForwardValue.lean:25:42: This simp argument is unused:
  Control.focus

Hint: Omit it from the simp argument list.
  [apply] simp_all [Control.continuations]

Note: This linter can be disabled with `set_option linter.unusedSimpArgs false`
⚠ [76/155] Replayed Full.Proofs.ForwardBindingsEnvironment
warning: Full/Proofs/ForwardBindingsEnvironment.lean:48:40: This simp argument is unused:
  ih

Hint: Omit it from the simp argument list.
  [apply] simp_all [env_success ht]

Note: This linter can be disabled with `set_option linter.unusedSimpArgs false`
⚠ [80/155] Replayed Full.Proofs.Preservation
warning: Full/Proofs/Preservation.lean:34:33: This simp argument is unused:
  hv

Hint: Omit it from the simp argument list.
  [apply] simp [Inspect.link]

Note: This linter can be disabled with `set_option linter.unusedSimpArgs false`
warning: Full/Proofs/Preservation.lean:35:34: This simp argument is unused:
  hv

Hint: Omit it from the simp argument list.
  [apply] simp [Inspect.link]

Note: This linter can be disabled with `set_option linter.unusedSimpArgs false`
warning: Full/Proofs/Preservation.lean:38:34: This simp argument is unused:
  hv

Hint: Omit it from the simp argument list.
  [apply] simp [Inspect.link]

Note: This linter can be disabled with `set_option linter.unusedSimpArgs false`
warning: Full/Proofs/Preservation.lean:41:23: This simp argument is unused:
  hu

Hint: Omit it from the simp argument list.
  [apply] simp

Note: This linter can be disabled with `set_option linter.unusedSimpArgs false`
warning: Full/Proofs/Preservation.lean:78:17: This simp argument is unused:
  cellEffects_append

Hint: Omit it from the simp argument list.
  [apply] simp_all [Inspect.cellEffects, Trial.Memory.create, Trial.Memory.updateCell, pure, Except.pure, throw,
    -List.find?_eq_none]

Note: This linter can be disabled with `set_option linter.unusedSimpArgs false`
warning: Full/Proofs/Preservation.lean:79:33: This simp argument is unused:
  pure

Hint: Omit it from the simp argument list.
  [apply] simp_all [cellEffects_append, Inspect.cellEffects, Trial.Memory.create, Trial.Memory.updateCell, Except.pure,
    throw, -List.find?_eq_none]

Note: This linter can be disabled with `set_option linter.unusedSimpArgs false`
warning: Full/Proofs/Preservation.lean:79:39: This simp argument is unused:
  Except.pure

Hint: Omit it from the simp argument list.
  [apply] simp_all [cellEffects_append, Inspect.cellEffects, Trial.Memory.create, Trial.Memory.updateCell, pure, throw,
    -List.find?_eq_none]

Note: This linter can be disabled with `set_option linter.unusedSimpArgs false`
warning: Full/Proofs/Preservation.lean:84:22: This simp argument is unused:
  cellEffects_append

Hint: Omit it from the simp argument list.
  [apply] simp_all [Inspect.cellEffects, Trial.Memory.updateCell, pure, Except.pure, throw, -List.find?_eq_none]

Note: This linter can be disabled with `set_option linter.unusedSimpArgs false`
warning: Full/Proofs/Preservation.lean:85:29: This simp argument is unused:
  pure

Hint: Omit it from the simp argument list.
  [apply] simp_all [cellEffects_append, Inspect.cellEffects, Trial.Memory.updateCell, Except.pure, throw,
    -List.find?_eq_none]

Note: This linter can be disabled with `set_option linter.unusedSimpArgs false`
warning: Full/Proofs/Preservation.lean:85:35: This simp argument is unused:
  Except.pure

Hint: Omit it from the simp argument list.
  [apply] simp_all [cellEffects_append, Inspect.cellEffects, Trial.Memory.updateCell, pure, throw, -List.find?_eq_none]

Note: This linter can be disabled with `set_option linter.unusedSimpArgs false`
warning: Full/Proofs/Preservation.lean:248:12: try 'simp' instead of 'simpa'

Note: This linter can be disabled with `set_option linter.unnecessarySimpa false`
warning: Full/Proofs/Preservation.lean:248:12: try 'simp' instead of 'simpa'

Note: This linter can be disabled with `set_option linter.unnecessarySimpa false`
warning: Full/Proofs/Preservation.lean:248:12: try 'simp' instead of 'simpa'

Note: This linter can be disabled with `set_option linter.unnecessarySimpa false`
warning: Full/Proofs/Preservation.lean:248:12: try 'simp' instead of 'simpa'

Note: This linter can be disabled with `set_option linter.unnecessarySimpa false`
warning: Full/Proofs/Preservation.lean:248:12: try 'simp' instead of 'simpa'

Note: This linter can be disabled with `set_option linter.unnecessarySimpa false`
warning: Full/Proofs/Preservation.lean:248:12: try 'simp' instead of 'simpa'

Note: This linter can be disabled with `set_option linter.unnecessarySimpa false`
warning: Full/Proofs/Preservation.lean:248:12: try 'simp' instead of 'simpa'

Note: This linter can be disabled with `set_option linter.unnecessarySimpa false`
warning: Full/Proofs/Preservation.lean:248:12: try 'simp' instead of 'simpa'

Note: This linter can be disabled with `set_option linter.unnecessarySimpa false`
warning: Full/Proofs/Preservation.lean:248:12: try 'simp' instead of 'simpa'

Note: This linter can be disabled with `set_option linter.unnecessarySimpa false`
warning: Full/Proofs/Preservation.lean:248:12: try 'simp' instead of 'simpa'

Note: This linter can be disabled with `set_option linter.unnecessarySimpa false`
warning: Full/Proofs/Preservation.lean:248:12: try 'simp' instead of 'simpa'

Note: This linter can be disabled with `set_option linter.unnecessarySimpa false`
warning: Full/Proofs/Preservation.lean:248:12: try 'simp' instead of 'simpa'

Note: This linter can be disabled with `set_option linter.unnecessarySimpa false`
warning: Full/Proofs/Preservation.lean:248:12: try 'simp' instead of 'simpa'

Note: This linter can be disabled with `set_option linter.unnecessarySimpa false`
warning: Full/Proofs/Preservation.lean:248:12: try 'simp' instead of 'simpa'

Note: This linter can be disabled with `set_option linter.unnecessarySimpa false`
⚠ [82/155] Replayed Full.Proofs.PreservationReleaseHeap
warning: Full/Proofs/PreservationReleaseHeap.lean:74:19: This simp argument is unused:
  hstatus

Hint: Omit it from the simp argument list.
  [apply] simp only [reduceCtorEq, ↓reduceIte, Bool.and_eq_true, Bool.or_eq_true, bne_iff_ne]

Note: This linter can be disabled with `set_option linter.unusedSimpArgs false`
warning: Full/Proofs/PreservationReleaseHeap.lean:143:42: This simp argument is unused:
  bind

Hint: Omit it from the simp argument list.
  [apply] simp only [Memory.setCount, hf, pure, Except.bind, Except.pure] at ht

Note: This linter can be disabled with `set_option linter.unusedSimpArgs false`
warning: Full/Proofs/PreservationReleaseHeap.lean:143:54: This simp argument is unused:
  Except.bind

Hint: Omit it from the simp argument list.
  [apply] simp only [Memory.setCount, hf, bind, pure, Except.pure] at ht

Note: This linter can be disabled with `set_option linter.unusedSimpArgs false`
warning: Full/Proofs/PreservationReleaseHeap.lean:226:37: This simp argument is unused:
  bind

Hint: Omit it from the simp argument list.
  [apply] simp only [Memory.release, hf, pure, Except.bind, Except.pure] at ht

Note: This linter can be disabled with `set_option linter.unusedSimpArgs false`
warning: Full/Proofs/PreservationReleaseHeap.lean:226:49: This simp argument is unused:
  Except.bind

Hint: Omit it from the simp argument list.
  [apply] simp only [Memory.release, hf, bind, pure, Except.pure] at ht

Note: This linter can be disabled with `set_option linter.unusedSimpArgs false`
warning: Full/Proofs/PreservationReleaseHeap.lean:293:30: This simp argument is unused:
  hstatus

Hint: Omit it from the simp argument list.
  [apply] simp

Note: This linter can be disabled with `set_option linter.unusedSimpArgs false`
warning: Full/Proofs/PreservationReleaseHeap.lean:494:32: This simp argument is unused:
  hstatus

Hint: Omit it from the simp argument list.
  [apply] simp

Note: This linter can be disabled with `set_option linter.unusedSimpArgs false`
⚠ [83/155] Replayed Full.Proofs.PreservationRelease
warning: Full/Proofs/PreservationRelease.lean:34:38: This simp argument is unused:
  hmap

Hint: Omit it from the simp argument list.
  [apply] simp [bindingCount, hh, hstatus, he]

Note: This linter can be disabled with `set_option linter.unusedSimpArgs false`
warning: Full/Proofs/PreservationRelease.lean:64:45: This simp argument is unused:
  hv

Hint: Omit it from the simp argument list.
  [apply] simp [Inspect.link, hstatus]

Note: This linter can be disabled with `set_option linter.unusedSimpArgs false`
warning: Full/Proofs/PreservationRelease.lean:176:48: This simp argument is unused:
  bind

Hint: Omit it from the simp argument list.
  [apply] simp only [Memory.setCount, hf, pure, Except.bind, Except.pure] at ht

Note: This linter can be disabled with `set_option linter.unusedSimpArgs false`
warning: Full/Proofs/PreservationRelease.lean:176:58: This simp argument is unused:
  Except.bind

Hint: Omit it from the simp argument list.
  [apply] simp only [Memory.setCount, hf, bind, pure, Except.pure] at ht

Note: This linter can be disabled with `set_option linter.unusedSimpArgs false`
warning: Full/Proofs/PreservationRelease.lean:189:46: This simp argument is unused:
  hlater

Hint: Omit it from the simp argument list.
  [apply] simp only [Inspect.owners, ↓reduceIte, count_links, List.map_cons, List.filter_append, List.length_append]

Note: This linter can be disabled with `set_option linter.unusedSimpArgs false`
warning: Full/Proofs/PreservationRelease.lean:189:53: This simp argument is unused:
  ↓reduceIte

Hint: Omit it from the simp argument list.
  [apply] simp only [Inspect.owners, hlater, count_links, List.map_cons, List.filter_append, List.length_append]

Note: This linter can be disabled with `set_option linter.unusedSimpArgs false`
warning: Full/Proofs/PreservationRelease.lean:195:56: This simp argument is unused:
  hv

Hint: Omit it from the simp argument list.
  [apply] simp [Inspect.owners, Inspect.link, Nat.add_assoc, Nat.add_comm, Nat.add_left_comm]

Note: This linter can be disabled with `set_option linter.unusedSimpArgs false`
warning: Full/Proofs/PreservationRelease.lean:196:41: This simp argument is unused:
  hv

Hint: Omit it from the simp argument list.
  [apply] simp [Inspect.link, ha, Ne.symm ha]

Note: This linter can be disabled with `set_option linter.unusedSimpArgs false`
warning: Full/Proofs/PreservationRelease.lean:228:55: This simp argument is unused:
  hv

Hint: Omit it from the simp argument list.
  [apply] simp [Inspect.owners, Inspect.link]

Note: This linter can be disabled with `set_option linter.unusedSimpArgs false`
warning: Full/Proofs/PreservationRelease.lean:240:53: This simp argument is unused:
  hv

Hint: Omit it from the simp argument list.
  [apply] simp [Inspect.owners, Inspect.link]

Note: This linter can be disabled with `set_option linter.unusedSimpArgs false`
⚠ [84/155] Replayed Full.Proofs.PreservationConsHeap
warning: Full/Proofs/PreservationConsHeap.lean:17:61: This simp argument is unused:
  List.filter_cons

Hint: Omit it from the simp argument list.
  [apply] simp [executionRoots, hs, ha, hb, Inspect.link, holders, he]

Note: This linter can be disabled with `set_option linter.unusedSimpArgs false`
warning: Full/Proofs/PreservationConsHeap.lean:25:4: try 'simp' instead of 'simpa'

Note: This linter can be disabled with `set_option linter.unnecessarySimpa false`
warning: Full/Proofs/PreservationConsHeap.lean:60:42: This simp argument is unused:
  Bool.false_eq_true

Hint: Omit it from the simp argument list.
  [apply] simp only [List.find?_cons, show (addr == other) = false from beq_eq_false_iff_ne.mpr (Ne.symm hn),
    ↓reduceIte, List.find?_filter]

Note: This linter can be disabled with `set_option linter.unusedSimpArgs false`
warning: Full/Proofs/PreservationConsHeap.lean:60:62: This simp argument is unused:
  ↓reduceIte

Hint: Omit it from the simp argument list.
  [apply] simp only [List.find?_cons, show (addr == other) = false from beq_eq_false_iff_ne.mpr (Ne.symm hn),
    Bool.false_eq_true, List.find?_filter]

Note: This linter can be disabled with `set_option linter.unusedSimpArgs false`
⚠ [87/155] Replayed Full.Proofs.PreservationDecomposeUnique
warning: Full/Proofs/PreservationDecomposeUnique.lean:74:6: try 'simp' instead of 'simpa'

Note: This linter can be disabled with `set_option linter.unnecessarySimpa false`
warning: Full/Proofs/PreservationDecomposeUnique.lean:77:4: This simp argument is unused:
  Bool.false_eq_true

Hint: Omit it from the simp argument list.
  [apply] simp only [Counted.transition, hs, hslots, hv, hvalue, hf, hl, hc, hm, bne_self_eq_false, beq_self_eq_true,
    Bool.false_or, Bool.true_or, ↓reduceIte, bind, pure, Except.bind, Except.pure] at ht

Note: This linter can be disabled with `set_option linter.unusedSimpArgs false`
warning: Full/Proofs/PreservationDecomposeUnique.lean:99:6: This simp argument is unused:
  Nat.add_assoc

Hint: Omit it from the simp argument list.
  [apply] simp_all [List.length_append, List.length_map, Nat.add_comm, Nat.add_left_comm]

Note: This linter can be disabled with `set_option linter.unusedSimpArgs false`
warning: Full/Proofs/PreservationDecomposeUnique.lean:187:31: This simp argument is unused:
  Bool.true_and

Hint: Omit it from the simp argument list.
  [apply] simp only [hca, beq_self_eq_true, ↓reduceIte, Inspect.owners, howners, hzero, List.filter_cons, hfilter,
    List.length_cons, List.length_nil, Option.isNone_none, and_true, Bool.and_true]

Note: This linter can be disabled with `set_option linter.unusedSimpArgs false`
warning: Full/Proofs/PreservationDecomposeUnique.lean:204:71: This simp argument is unused:
  Memory.updateCell

Hint: Omit it from the simp argument list.
  [apply] simp [ha]

Note: This linter can be disabled with `set_option linter.unusedSimpArgs false`
warning: Full/Proofs/PreservationDecomposeUnique.lean:224:12: This simp argument is unused:
  Memory.updateCell

Hint: Omit it from the simp argument list.
  [apply] simp [hda, hrne r hrmem]

Note: This linter can be disabled with `set_option linter.unusedSimpArgs false`
⚠ [88/155] Replayed Full.Proofs.PreservationDecomposeShared
warning: Full/Proofs/PreservationDecomposeShared.lean:52:23: This simp argument is unused:
  pure

Hint: Omit it from the simp argument list.
  [apply] simp only [hlink, Except.pure] at ht

Note: This linter can be disabled with `set_option linter.unusedSimpArgs false`
warning: Full/Proofs/PreservationDecomposeShared.lean:52:28: This simp argument is unused:
  Except.pure

Hint: Omit it from the simp argument list.
  [apply] simp only [hlink, pure] at ht

Note: This linter can be disabled with `set_option linter.unusedSimpArgs false`
warning: Full/Proofs/PreservationDecomposeShared.lean:60:73: This simp argument is unused:
  hlink

Hint: Omit it from the simp argument list.
  [apply] simp [Inspect.owners, List.filter_append, makeBinding, Inspect.link, hslots]

Note: This linter can be disabled with `set_option linter.unusedSimpArgs false`
warning: Full/Proofs/PreservationDecomposeShared.lean:82:39: This simp argument is unused:
  bind

Hint: Omit it from the simp argument list.
  [apply] simp only [htc, Memory.setCount, pure, Except.bind, Except.pure] at ht

Note: This linter can be disabled with `set_option linter.unusedSimpArgs false`
warning: Full/Proofs/PreservationDecomposeShared.lean:82:49: This simp argument is unused:
  Except.bind

Hint: Omit it from the simp argument list.
  [apply] simp only [htc, Memory.setCount, bind, pure, Except.pure] at ht

Note: This linter can be disabled with `set_option linter.unusedSimpArgs false`
warning: Full/Proofs/PreservationDecomposeShared.lean:97:27: This simp argument is unused:
  hlink

Hint: Omit it from the simp argument list.
  [apply] simp [Inspect.owners, PreservationRelease.count_links, makeBinding, Inspect.link, hcount, List.filter_append,
    hslots, Nat.add_assoc, Nat.add_comm, Nat.add_left_comm]

Note: This linter can be disabled with `set_option linter.unusedSimpArgs false`
warning: Full/Proofs/PreservationDecomposeShared.lean:98:14: This simp argument is unused:
  Nat.add_assoc

Hint: Omit it from the simp argument list.
  [apply] simp [Inspect.owners, PreservationRelease.count_links, makeBinding, Inspect.link, hlink, hcount,
    List.filter_append, hslots, Nat.add_comm, Nat.add_left_comm]

Note: This linter can be disabled with `set_option linter.unusedSimpArgs false`
warning: Full/Proofs/PreservationDecomposeShared.lean:100:27: This simp argument is unused:
  hlink

Hint: Omit it from the simp argument list.
  [apply] simp [Inspect.owners, PreservationRelease.count_links, makeBinding, Inspect.link, ha, Ne.symm ha,
    List.filter_append, hslots]

Note: This linter can be disabled with `set_option linter.unusedSimpArgs false`
⚠ [92/155] Replayed Full.Proofs.ForwardBindingsDecompose
warning: Full/Proofs/ForwardBindingsDecompose.lean:62:33: This simp argument is unused:
  ha

Hint: Omit it from the simp argument list.
  [apply] simp only [child, List.nil_append, List.cons_append, Bool.true_or, Bool.false_or, Bool.true_and] at hec hkc ⊢

Note: This linter can be disabled with `set_option linter.unusedSimpArgs false`
warning: Full/Proofs/ForwardBindingsDecompose.lean:66:49: This simp argument is unused:
  ha

Hint: Omit it from the simp argument list.
  [apply] simp only [Control.decode, List.length_cons, List.length_append, List.nil_append, List.cons_append,
    Control.focus, hv, hval, child, Control.continuations]

Note: This linter can be disabled with `set_option linter.unusedSimpArgs false`
warning: Full/Proofs/ForwardBindingsDecompose.lean:67:14: This simp argument is unused:
  List.length_append

Hint: Omit it from the simp argument list.
  [apply] simp only [Control.decode, ha, List.length_cons, List.nil_append, List.cons_append, Control.focus, hv, hval,
    child, Control.continuations]

Note: This linter can be disabled with `set_option linter.unusedSimpArgs false`
warning: Full/Proofs/ForwardBindingsDecompose.lean:67:34: This simp argument is unused:
  List.nil_append

Hint: Omit it from the simp argument list.
  [apply] simp only [Control.decode, ha, List.length_cons, List.length_append, List.cons_append, Control.focus, hv,
    hval, child, Control.continuations]

Note: This linter can be disabled with `set_option linter.unusedSimpArgs false`
warning: Full/Proofs/ForwardBindingsDecompose.lean:67:51: This simp argument is unused:
  List.cons_append

Hint: Omit it from the simp argument list.
  [apply] simp only [Control.decode, ha, List.length_cons, List.length_append, List.nil_append, Control.focus, hv, hval,
    child, Control.continuations]

Note: This linter can be disabled with `set_option linter.unusedSimpArgs false`
warning: Full/Proofs/ForwardBindingsDecompose.lean:68:29: This simp argument is unused:
  hv

Hint: Omit it from the simp argument list.
  [apply] simp only [Control.decode, ha, List.length_cons, List.length_append, List.nil_append, List.cons_append,
    Control.focus, hval, child, Control.continuations]

Note: This linter can be disabled with `set_option linter.unusedSimpArgs false`
warning: Full/Proofs/ForwardBindingsDecompose.lean:68:33: This simp argument is unused:
  hval

Hint: Omit it from the simp argument list.
  [apply] simp only [Control.decode, ha, List.length_cons, List.length_append, List.nil_append, List.cons_append,
    Control.focus, hv, child, Control.continuations]

Note: This linter can be disabled with `set_option linter.unusedSimpArgs false`
warning: Full/Proofs/ForwardBindingsDecompose.lean:68:39: This simp argument is unused:
  child

Hint: Omit it from the simp argument list.
  [apply] simp only [Control.decode, ha, List.length_cons, List.length_append, List.nil_append, List.cons_append,
    Control.focus, hv, hval, Control.continuations]

Note: This linter can be disabled with `set_option linter.unusedSimpArgs false`
warning: Full/Proofs/ForwardBindingsDecompose.lean:77:40: This simp argument is unused:
  Nat.add_one_ne_self

Hint: Omit it from the simp argument list.
  [apply] simp only [makeBinding, List.mapM_cons, List.find?_append, hn0, hn1, List.find?_cons, List.find?_nil,
    beq_self_eq_true, Option.none_or, ite_true, beq_eq_false_iff_ne] at hec ⊢

Note: This linter can be disabled with `set_option linter.unusedSimpArgs false`
warning: Full/Proofs/ForwardBindingsDecompose.lean:77:61: This simp argument is unused:
  beq_eq_false_iff_ne

Hint: Omit it from the simp argument list.
  [apply] simp only [makeBinding, List.mapM_cons, List.find?_append, hn0, hn1, List.find?_cons, List.find?_nil,
    beq_self_eq_true, Option.none_or, ite_true, Nat.add_one_ne_self] at hec ⊢

Note: This linter can be disabled with `set_option linter.unusedSimpArgs false`
warning: Full/Proofs/ForwardBindingsDecompose.lean:79:14: This simp argument is unused:
  reduceIte

Hint: Omit it from the simp argument list.
  [apply] simp only [show (s.nextBinding == s.nextBinding + 1) = false from by simp] at hec ⊢

Note: This linter can be disabled with `set_option linter.unusedSimpArgs false`
⚠ [94/155] Replayed Full.Proofs.ForwardCalls
warning: Full/Proofs/ForwardCalls.lean:67:73: This simp argument is unused:
  List.flatMap_append

Hint: Omit it from the simp argument list.
  [apply] simp only [List.zipIdx_cons, List.zipIdx_nil, List.flatMap_cons, List.flatMap_nil, List.append_assoc,
    List.cons_append, List.nil_append]

Note: This linter can be disabled with `set_option linter.unusedSimpArgs false`
warning: Full/Proofs/ForwardCalls.lean:68:26: This simp argument is unused:
  List.append_assoc

Hint: Omit it from the simp argument list.
  [apply] simp only [List.zipIdx_cons, List.zipIdx_nil, List.flatMap_cons, List.flatMap_append, List.flatMap_nil,
    List.cons_append, List.nil_append]

Note: This linter can be disabled with `set_option linter.unusedSimpArgs false`
warning: Full/Proofs/ForwardCalls.lean:73:53: This simp argument is unused:
  Nat.add_sub_add_right

Hint: Omit it from the simp argument list.
  [apply] simp only [List.length_map, List.length_zipIdx, List.length_cons, List.length_nil, Nat.add_sub_cancel,
    Nat.add_sub_cancel_left, Nat.sub_self, List.take_zero, List.reverse_nil, List.map_nil, List.drop_zero,
    List.map_cons, Nat.sub_zero]

Note: This linter can be disabled with `set_option linter.unusedSimpArgs false`
warning: Full/Proofs/ForwardCalls.lean:74:38: This simp argument is unused:
  List.map_cons

Hint: Omit it from the simp argument list.
  [apply] simp only [List.length_map, List.length_zipIdx, List.length_cons, List.length_nil, Nat.add_sub_cancel,
    Nat.add_sub_cancel_left, Nat.add_sub_add_right, Nat.sub_self, List.take_zero, List.reverse_nil, List.map_nil,
    List.drop_zero, Nat.sub_zero]

Note: This linter can be disabled with `set_option linter.unusedSimpArgs false`
warning: Full/Proofs/ForwardCalls.lean:75:23: This simp argument is unused:
  List.map_map

Hint: Omit it from the simp argument list.
  [apply] simp only [Function.comp_def, List.zipIdx_map_fst]

Note: This linter can be disabled with `set_option linter.unusedSimpArgs false`
warning: Full/Proofs/ForwardCalls.lean:75:37: This simp argument is unused:
  Function.comp_def

Hint: Omit it from the simp argument list.
  [apply] simp only [List.map_map, List.zipIdx_map_fst]

Note: This linter can be disabled with `set_option linter.unusedSimpArgs false`
warning: Full/Proofs/ForwardCalls.lean:102:8: This simp argument is unused:
  Bool.false_eq_true

Hint: Omit it from the simp argument list.
  [apply] simp only [List.length_nil, Nat.sub_zero, Nat.add_sub_cancel, Nat.add_eq_zero_iff, Nat.one_ne_zero, and_false,
    beq_iff_eq, ↓reduceIte] at hrel ⊢

Note: This linter can be disabled with `set_option linter.unusedSimpArgs false`
⚠ [95/155] Replayed Full.Proofs.ForwardCallEnter
warning: Full/Proofs/ForwardCallEnter.lean:77:53: This simp argument is unused:
  ↓reduceIte

Hint: Omit it from the simp argument list.
  [apply] simp only [Counted.transition, hs, hf, hg, bind, pure, Except.bind, Except.pure] at hc

Note: This linter can be disabled with `set_option linter.unusedSimpArgs false`
warning: Full/Proofs/ForwardCallEnter.lean:98:58: This simp argument is unused:
  List.zip_map_right

Hint: Omit it from the simp argument list.
  [apply] simp only [List.map_reverse, List.zip_map_left, List.map_map, Function.comp_def, makeBinding, Prod.map]

Note: This linter can be disabled with `set_option linter.unusedSimpArgs false`
warning: Full/Proofs/ForwardCallEnter.lean:99:58: This simp argument is unused:
  Prod.map

Hint: Omit it from the simp argument list.
  [apply] simp only [List.map_reverse, List.zip_map_left, List.zip_map_right, List.map_map, Function.comp_def,
    makeBinding]

Note: This linter can be disabled with `set_option linter.unusedSimpArgs false`
⚠ [96/155] Replayed Full.Proofs.ForwardCapture
warning: Full/Proofs/ForwardCapture.lean:37:28: This simp argument is unused:
  List.map_cons

Hint: Omit it from the simp argument list.
  [apply] simp only [hv, Control.continuations, Control.callTail, callTail_arguments, List.map_nil, List.length_cons,
    List.length_nil] at hrel ⊢

Note: This linter can be disabled with `set_option linter.unusedSimpArgs false`
warning: Full/Proofs/ForwardCapture.lean:37:43: This simp argument is unused:
  List.map_nil

Hint: Omit it from the simp argument list.
  [apply] simp only [hv, Control.continuations, Control.callTail, callTail_arguments, List.map_cons, List.length_cons,
    List.length_nil] at hrel ⊢

Note: This linter can be disabled with `set_option linter.unusedSimpArgs false`
warning: Full/Proofs/ForwardCapture.lean:43:17: This simp argument is unused:
  control_env_bindings _ s rfl

Hint: Omit it from the simp argument list.
  [apply] simp only [continuations_bindings _ s rfl, henv, argument_order, List.drop_succ_cons]

Note: This linter can be disabled with `set_option linter.unusedSimpArgs false`
warning: Full/Proofs/ForwardCapture.lean:43:47: This simp argument is unused:
  continuations_bindings _ s rfl

Hint: Omit it from the simp argument list.
  [apply] simp only [control_env_bindings _ s rfl, henv, argument_order, List.drop_succ_cons]

Note: This linter can be disabled with `set_option linter.unusedSimpArgs false`
warning: Full/Proofs/ForwardCapture.lean:62:16: This simp argument is unused:
  he

Hint: Omit it from the simp argument list.
  [apply] simp [hk, Except.bind, Except.pure, Plain.step]

Note: This linter can be disabled with `set_option linter.unusedSimpArgs false`
warning: Full/Proofs/ForwardCapture.lean:62:20: This simp argument is unused:
  hk

Hint: Omit it from the simp argument list.
  [apply] simp [he, Except.bind, Except.pure, Plain.step]

Note: This linter can be disabled with `set_option linter.unusedSimpArgs false`
⚠ [97/155] Replayed Full.Proofs.ForwardCleanup
warning: Full/Proofs/ForwardCleanup.lean:21:48: This simp argument is unused:
  ih

Hint: Omit it from the simp argument list.
  [apply] simp_all [ForwardBindings.env_success ht, ForwardBindings.continuations_success ht]

Note: This linter can be disabled with `set_option linter.unusedSimpArgs false`
warning: Full/Proofs/ForwardCleanup.lean:67:6: try 'simp' instead of 'simpa'

Note: This linter can be disabled with `set_option linter.unnecessarySimpa false`
warning: Full/Proofs/ForwardCleanup.lean:67:6: try 'simp' instead of 'simpa'

Note: This linter can be disabled with `set_option linter.unnecessarySimpa false`
warning: Full/Proofs/ForwardCleanup.lean:67:6: try 'simp' instead of 'simpa'

Note: This linter can be disabled with `set_option linter.unnecessarySimpa false`
warning: Full/Proofs/ForwardCleanup.lean:35:40: Variable name `hr` is not explicitly referenced.

Hint: The binding can be removed (if unused) or named `_` (if used implicitly). Alternatively, prefix the name with `_` to silence this warning:
  [apply] _hr

Note: This linter can be disabled with `set_option linter.unusedVariables false`
warning: Full/Proofs/ForwardCleanup.lean:64:33: This simp argument is unused:
  ha

Hint: Omit it from the simp argument list.
  [apply] simp only [Control.decode]

Note: This linter can be disabled with `set_option linter.unusedSimpArgs false`
warning: Full/Proofs/ForwardCleanup.lean:84:27: Variable name `hr` is not explicitly referenced.

Hint: The binding can be removed (if unused) or named `_` (if used implicitly). Alternatively, prefix the name with `_` to silence this warning:
  [apply] _hr

Note: This linter can be disabled with `set_option linter.unusedVariables false`
warning: Full/Proofs/ForwardCleanup.lean:108:27: Variable name `hr` is not explicitly referenced.

Hint: The binding can be removed (if unused) or named `_` (if used implicitly). Alternatively, prefix the name with `_` to silence this warning:
  [apply] _hr

Note: This linter can be disabled with `set_option linter.unusedVariables false`
warning: Full/Proofs/ForwardCleanup.lean:126:33: This simp argument is unused:
  ha

Hint: Omit it from the simp argument list.
  [apply] simp only [Control.decode]

Note: This linter can be disabled with `set_option linter.unusedSimpArgs false`
warning: Full/Proofs/ForwardCleanup.lean:144:30: Variable name `hr` is not explicitly referenced.

Hint: The binding can be removed (if unused) or named `_` (if used implicitly). Alternatively, prefix the name with `_` to silence this warning:
  [apply] _hr

Note: This linter can be disabled with `set_option linter.unusedVariables false`
⚠ [103/155] Replayed Full.Proofs.Final
warning: Full/Proofs/Final.lean:62:36: This simp argument is unused:
  hr

Hint: Omit it from the simp argument list.
  [apply] simp_all [ht]

Note: This linter can be disabled with `set_option linter.unusedSimpArgs false`
warning: Full/Proofs/Final.lean:62:40: This simp argument is unused:
  ht

Hint: Omit it from the simp argument list.
  [apply] simp_all [hr]

Note: This linter can be disabled with `set_option linter.unusedSimpArgs false`
warning: Full/Proofs/Final.lean:117:8: try 'simp' instead of 'simpa'

Note: This linter can be disabled with `set_option linter.unnecessarySimpa false`
warning: Full/Proofs/Final.lean:124:6: This simp argument is unused:
  List.any_eq_false

Hint: Omit it from the simp argument list.
  [apply] simp only [Inspect.finalGraph, he, ht, hres, hframes, hchain, hs, hv, List.all_eq_true]

Note: This linter can be disabled with `set_option linter.unusedSimpArgs false`
warning: Full/Proofs/Final.lean:124:25: This simp argument is unused:
  List.all_eq_true

Hint: Omit it from the simp argument list.
  [apply] simp only [Inspect.finalGraph, he, ht, hres, hframes, hchain, hs, hv, List.any_eq_false]

Note: This linter can be disabled with `set_option linter.unusedSimpArgs false`
warning: Full/Proofs/Final.lean:125:33: This simp argument is unused:
  Bool.not_eq_true

Hint: Omit it from the simp argument list.
  [apply] simp only [List.isEmpty_nil, beq_iff_eq, Bool.and_eq_true, Except.isOk, Except.toBool, List.isEmpty_cons,
    List.cons.injEq, and_true, true_and]

Note: This linter can be disabled with `set_option linter.unusedSimpArgs false`
warning: Full/Proofs/Final.lean:126:52: This simp argument is unused:
  List.isEmpty_cons

Hint: Omit it from the simp argument list.
  [apply] simp only [List.isEmpty_nil, Bool.not_eq_true, beq_iff_eq, Bool.and_eq_true, Except.isOk, Except.toBool,
    List.cons.injEq, and_true, true_and]

Note: This linter can be disabled with `set_option linter.unusedSimpArgs false`
warning: Full/Proofs/Final.lean:127:6: This simp argument is unused:
  List.cons.injEq

Hint: Omit it from the simp argument list.
  [apply] simp only [List.isEmpty_nil, Bool.not_eq_true, beq_iff_eq, Bool.and_eq_true, Except.isOk, Except.toBool,
    List.isEmpty_cons, and_true, true_and]

Note: This linter can be disabled with `set_option linter.unusedSimpArgs false`
ℹ [128/155] Replayed Full.Proofs.TrialCompatibilitySimulation
info: Full/Proofs/TrialCompatibilitySimulation.lean:140:0: 'Full.Proofs.TrialCompatibilitySimulation.uses_embed' depends on axioms: [propext, Quot.sound]
info: Full/Proofs/TrialCompatibilitySimulation.lean:141:0: 'Full.Proofs.TrialCompatibilitySimulation.eval_task_uses' depends on axioms: [propext, Quot.sound]
info: Full/Proofs/TrialCompatibilitySimulation.lean:142:0: 'Full.Proofs.TrialCompatibilitySimulation.bind_task_uses' depends on axioms: [propext, Quot.sound]
info: Full/Proofs/TrialCompatibilitySimulation.lean:143:0: 'Full.Proofs.TrialCompatibilitySimulation.if_task_uses' depends on axioms: [propext, Quot.sound]
info: Full/Proofs/TrialCompatibilitySimulation.lean:144:0: 'Full.Proofs.TrialCompatibilitySimulation.match_task_uses' depends on axioms: [propext, Quot.sound]
info: Full/Proofs/TrialCompatibilitySimulation.lean:145:0: 'Full.Proofs.TrialCompatibilitySimulation.scope_test' depends on axioms: [propext, Quot.sound]
info: Full/Proofs/TrialCompatibilitySimulation.lean:146:0: 'Full.Proofs.TrialCompatibilitySimulation.visible_projection' depends on axioms: [propext, Quot.sound]
info: Full/Proofs/TrialCompatibilitySimulation.lean:147:0: 'Full.Proofs.TrialCompatibilitySimulation.commit_snapshot' depends on axioms: [propext, Quot.sound]
info: Full/Proofs/TrialCompatibilitySimulation.lean:148:0: 'Full.Proofs.TrialCompatibilitySimulation.commit_no_landmark' depends on axioms: [propext]
info: Full/Proofs/TrialCompatibilitySimulation.lean:149:0: 'Full.Proofs.TrialCompatibilitySimulation.commit_record' depends on axioms: [propext]
info: Full/Proofs/TrialCompatibilitySimulation.lean:150:0: 'Full.Proofs.TrialCompatibilitySimulation.trial_answer' depends on axioms: [propext, Classical.choice, Quot.sound]
info: Full/Proofs/TrialCompatibilitySimulation.lean:151:0: 'Full.Proofs.TrialCompatibilitySimulation.capture_stutter' depends on axioms: [propext, Quot.sound]
info: Full/Proofs/TrialCompatibilitySimulation.lean:152:0: 'Full.Proofs.TrialCompatibilitySimulation.handoff_stutter' depends on axioms: [propext, Quot.sound]
ℹ [129/155] Replayed Full.Proofs.TrialExecution
info: Full/Proofs/TrialExecution.lean:169:0: 'Full.Proofs.TrialExecution.future_nil' depends on axioms: [propext, Quot.sound]
info: Full/Proofs/TrialExecution.lean:170:0: 'Full.Proofs.TrialExecution.future_eval' depends on axioms: [propext, Quot.sound]
info: Full/Proofs/TrialExecution.lean:171:0: 'Full.Proofs.TrialExecution.future_bind' depends on axioms: [propext, Quot.sound]
info: Full/Proofs/TrialExecution.lean:172:0: 'Full.Proofs.TrialExecution.future_if' depends on axioms: [propext, Quot.sound]
info: Full/Proofs/TrialExecution.lean:173:0: 'Full.Proofs.TrialExecution.future_match' depends on axioms: [propext, Quot.sound]
info: Full/Proofs/TrialExecution.lean:174:0: 'Full.Proofs.TrialExecution.future_decompose' depends on axioms: [propext, Quot.sound]
info: Full/Proofs/TrialExecution.lean:175:0: 'Full.Proofs.TrialExecution.future_silent' depends on axioms: [propext, Quot.sound]
info: Full/Proofs/TrialExecution.lean:176:0: 'Full.Proofs.TrialExecution.future_append' depends on axioms: [propext, Quot.sound]
info: Full/Proofs/TrialExecution.lean:177:0: 'Full.Proofs.TrialExecution.dead_future' depends on axioms: [propext, Quot.sound]
info: Full/Proofs/TrialExecution.lean:178:0: 'Full.Proofs.TrialExecution.future_dead' depends on axioms: [propext, Quot.sound]
info: Full/Proofs/TrialExecution.lean:179:0: 'Full.Proofs.TrialExecution.eval_num' depends on axioms: [propext, Quot.sound]
info: Full/Proofs/TrialExecution.lean:180:0: 'Full.Proofs.TrialExecution.eval_nil' depends on axioms: [propext, Quot.sound]
info: Full/Proofs/TrialExecution.lean:181:0: 'Full.Proofs.TrialExecution.start' depends on axioms: [propext, Quot.sound]
info: Full/Proofs/TrialExecution.lean:182:0: 'Full.Proofs.TrialExecution.finish' depends on axioms: [propext, Quot.sound]
ℹ [130/155] Replayed Full.Proofs.TrialRelease
info: Full/Proofs/TrialRelease.lean:424:0: 'Full.Proofs.TrialRelease.pending_transition' depends on axioms: [propext, Quot.sound]
info: Full/Proofs/TrialRelease.lean:425:0: 'Full.Proofs.TrialRelease.give_observe' depends on axioms: [propext, Quot.sound]
info: Full/Proofs/TrialRelease.lean:426:0: 'Full.Proofs.TrialRelease.free_observe' depends on axioms: [propext, Quot.sound]
info: Full/Proofs/TrialRelease.lean:427:0: 'Full.Proofs.TrialRelease.edge_from_invariant' depends on axioms: [propext, Quot.sound]
info: Full/Proofs/TrialRelease.lean:428:0: 'Full.Proofs.TrialRelease.trial_shared' depends on axioms: [propext, Quot.sound]
info: Full/Proofs/TrialRelease.lean:429:0: 'Full.Proofs.TrialRelease.trial_exclusive' depends on axioms: [propext, Classical.choice, Quot.sound]
info: Full/Proofs/TrialRelease.lean:430:0: 'Full.Proofs.TrialRelease.exclusive_steps' depends on axioms: [propext, Classical.choice, Quot.sound]
info: Full/Proofs/TrialRelease.lean:431:0: 'Full.Proofs.TrialRelease.advance_add' depends on axioms: [propext, Quot.sound]
info: Full/Proofs/TrialRelease.lean:432:0: 'Full.Proofs.TrialRelease.cascade_pending' depends on axioms: [propext, Classical.choice, Quot.sound]
info: Full/Proofs/TrialRelease.lean:433:0: 'Full.Proofs.TrialRelease.cascade_of_success' depends on axioms: [propext, Classical.choice, Quot.sound]
info: Full/Proofs/TrialRelease.lean:434:0: 'Full.Proofs.TrialRelease.binding_first' depends on axioms: [propext, Quot.sound]
info: Full/Proofs/TrialRelease.lean:435:0: 'Full.Proofs.TrialRelease.binding_trial' depends on axioms: [propext, Quot.sound]
info: Full/Proofs/TrialRelease.lean:436:0: 'Full.Proofs.TrialRelease.cascade_binding' depends on axioms: [propext, Classical.choice, Quot.sound]
info: Full/Proofs/TrialRelease.lean:437:0: 'Full.Proofs.TrialRelease.erase_logged' depends on axioms: [propext]
info: Full/Proofs/TrialRelease.lean:438:0: 'Full.Proofs.TrialRelease.exact_fields' depends on axioms: [propext]
info: Full/Proofs/TrialRelease.lean:439:0: 'Full.Proofs.TrialRelease.pending_release' depends on axioms: [propext, Classical.choice, Quot.sound]
info: Full/Proofs/TrialRelease.lean:440:0: 'Full.Proofs.TrialRelease.binding_release' depends on axioms: [propext, Classical.choice, Quot.sound]
info: Full/Proofs/TrialRelease.lean:441:0: 'Full.Proofs.TrialRelease.binding_release_of_success' depends on axioms: [propext, Classical.choice, Quot.sound]
ℹ [131/155] Replayed Full.Proofs.TrialSimulationRelease
info: Full/Proofs/TrialSimulationRelease.lean:218:0: 'Full.Proofs.TrialSimulationRelease.reachable_advance' depends on axioms: [propext, Quot.sound]
info: Full/Proofs/TrialSimulationRelease.lean:219:0: 'Full.Proofs.TrialSimulationRelease.cascade_of_success_f1' depends on axioms: [propext, Classical.choice, Quot.sound]
info: Full/Proofs/TrialSimulationRelease.lean:220:0: 'Full.Proofs.TrialSimulationRelease.pending_release_of_success_f1' depends on axioms: [propext,
 Classical.choice,
 Quot.sound]
info: Full/Proofs/TrialSimulationRelease.lean:221:0: 'Full.Proofs.TrialSimulationRelease.pending_release_of_success' depends on axioms: [propext,
 Classical.choice,
 Quot.sound]
info: Full/Proofs/TrialSimulationRelease.lean:222:0: 'Full.Proofs.TrialSimulationRelease.binding_cascade_of_success' depends on axioms: [propext,
 Classical.choice,
 Quot.sound]
info: Full/Proofs/TrialSimulationRelease.lean:223:0: 'Full.Proofs.TrialSimulationRelease.binding_release_of_success' depends on axioms: [propext,
 Classical.choice,
 Quot.sound]
ℹ [133/155] Replayed Full.Proofs.TrialExpression
info: Full/Proofs/TrialExpression.lean:51:0: 'Full.Proofs.TrialExecution.evaluation_num' depends on axioms: [propext, Quot.sound]
info: Full/Proofs/TrialExpression.lean:52:0: 'Full.Proofs.TrialExecution.evaluation_nil' depends on axioms: [propext, Quot.sound]
ℹ [134/155] Replayed Full.Proofs.TrialExpressionBinary
info: Full/Proofs/TrialExpressionBinary.lean:91:0: 'Full.Proofs.TrialExecution.trial_bind_success' does not depend on any axioms
info: Full/Proofs/TrialExpressionBinary.lean:92:0: 'Full.Proofs.TrialExecution.binary_operands' depends on axioms: [propext, Quot.sound]
ℹ [135/155] Replayed Full.Proofs.TrialExpressionArithmetic
info: Full/Proofs/TrialExpressionArithmetic.lean:98:0: 'Full.Proofs.TrialExecution.numeric_primitive' depends on axioms: [propext, Classical.choice, Quot.sound]
info: Full/Proofs/TrialExpressionArithmetic.lean:99:0: 'Full.Proofs.TrialExecution.numeric_contracts' depends on axioms: [propext, Classical.choice, Quot.sound]
info: Full/Proofs/TrialExpressionArithmetic.lean:100:0: 'Full.Proofs.TrialExecution.evaluation_add' depends on axioms: [propext, Classical.choice, Quot.sound]
info: Full/Proofs/TrialExpressionArithmetic.lean:101:0: 'Full.Proofs.TrialExecution.evaluation_sub' depends on axioms: [propext, Classical.choice, Quot.sound]
info: Full/Proofs/TrialExpressionArithmetic.lean:102:0: 'Full.Proofs.TrialExecution.evaluation_eq' depends on axioms: [propext, Classical.choice, Quot.sound]
info: Full/Proofs/TrialExpressionArithmetic.lean:103:0: 'Full.Proofs.TrialExecution.evaluation_lt' depends on axioms: [propext, Classical.choice, Quot.sound]
info: Full/Proofs/TrialExpressionArithmetic.lean:104:0: 'Full.Proofs.TrialExecution.evaluation_le' depends on axioms: [propext, Classical.choice, Quot.sound]
ℹ [136/155] Replayed Full.Proofs.TrialExpressionValuesCons
info: Full/Proofs/TrialExpressionValuesCons.lean:131:0: 'Full.Proofs.TrialExecution.values_cons_primitive' depends on axioms: [propext, Classical.choice, Quot.sound]
ℹ [137/155] Replayed Full.Proofs.TrialExpressionValues
info: Full/Proofs/TrialExpressionValues.lean:154:0: 'Full.Proofs.TrialExecution.evaluation_var' depends on axioms: [propext, Classical.choice, Quot.sound]
info: Full/Proofs/TrialExpressionValues.lean:155:0: 'Full.Proofs.TrialExecution.evaluation_cons' depends on axioms: [propext, Classical.choice, Quot.sound]
⚠ [138/155] Replayed Full.Proofs.TrialExpressionControl
warning: Full/Proofs/TrialExpressionControl.lean:27:34: Variable name `ht` is not explicitly referenced.

Hint: The binding can be removed (if unused) or named `_` (if used implicitly). Alternatively, prefix the name with `_` to silence this warning:
  [apply] _ht

Note: This linter can be disabled with `set_option linter.unusedVariables false`
info: Full/Proofs/TrialExpressionControl.lean:140:0: 'Full.Proofs.TrialExecution.control_operand' depends on axioms: [propext, Quot.sound]
info: Full/Proofs/TrialExpressionControl.lean:141:0: 'Full.Proofs.TrialExecution.let_operand' depends on axioms: [propext, Quot.sound]
info: Full/Proofs/TrialExpressionControl.lean:142:0: 'Full.Proofs.TrialExecution.if_operand' depends on axioms: [propext, Quot.sound]
info: Full/Proofs/TrialExpressionControl.lean:143:0: 'Full.Proofs.TrialExecution.match_operand' depends on axioms: [propext, Quot.sound]
info: Full/Proofs/TrialExpressionControl.lean:144:0: 'Full.Proofs.TrialExecution.control_handoff' depends on axioms: [propext, Quot.sound]
info: Full/Proofs/TrialExpressionControl.lean:145:0: 'Full.Proofs.TrialExecution.control_branch_start' depends on axioms: [propext, Quot.sound]
⚠ [139/155] Replayed Full.Proofs.TrialCleanup
warning: Full/Proofs/TrialCleanup.lean:21:35: This simp argument is unused:
  hm

Hint: Omit it from the simp argument list.
  [apply] simp [Trial.giveUp, Trial.getCell, Trial.memOp, Trial.snapshot, Trial.logEvent, Trial.pushPending,
    Trial.popPending, Trial.Variant.approved, Trial.Memory.setCount, hf]

Note: This linter can be disabled with `set_option linter.unusedSimpArgs false`
info: Full/Proofs/TrialCleanup.lean:199:0: 'Full.Proofs.TrialCleanup.cleanup' depends on axioms: [propext, Classical.choice, Quot.sound]
info: Full/Proofs/TrialCleanup.lean:200:0: 'Full.Proofs.TrialCleanup.cleanup_bridge' depends on axioms: [propext, Classical.choice, Quot.sound]
ℹ [140/155] Replayed Full.Proofs.TrialExpressionIf
info: Full/Proofs/TrialExpressionIf.lean:108:0: 'Full.Proofs.TrialExecution.evaluation_if' depends on axioms: [propext, Classical.choice, Quot.sound]
ℹ [141/155] Replayed Full.Proofs.TrialExpressionLet
info: Full/Proofs/TrialExpressionLet.lean:177:0: 'Full.Proofs.TrialExecution.let_rest_unused' depends on axioms: [propext, Classical.choice, Quot.sound]
info: Full/Proofs/TrialExpressionLet.lean:178:0: 'Full.Proofs.TrialExecution.let_bind_step' depends on axioms: [propext, Quot.sound]
info: Full/Proofs/TrialExpressionLet.lean:179:0: 'Full.Proofs.TrialExecution.let_bind_exact' depends on axioms: [propext, Quot.sound]
info: Full/Proofs/TrialExpressionLet.lean:180:0: 'Full.Proofs.TrialExecution.evaluation_let' depends on axioms: [propext, Classical.choice, Quot.sound]
⚠ [142/155] Replayed Full.Proofs.TrialExpressionMatch
warning: Full/Proofs/TrialExpressionMatch.lean:77:4: try 'simp' instead of 'simpa'

Note: This linter can be disabled with `set_option linter.unnecessarySimpa false`
info: Full/Proofs/TrialExpressionMatch.lean:119:0: 'Full.Proofs.TrialExecution.match_choose' depends on axioms: [propext, Quot.sound]
info: Full/Proofs/TrialExpressionMatch.lean:120:0: 'Full.Proofs.TrialExecution.match_reservation_filter' depends on axioms: [propext, Classical.choice, Quot.sound]
info: Full/Proofs/TrialExpressionMatch.lean:121:0: 'Full.Proofs.TrialExecution.match_branch_result' depends on axioms: [propext, Classical.choice, Quot.sound]
info: Full/Proofs/TrialExpressionMatch.lean:122:0: 'Full.Proofs.TrialExecution.match_handoff' depends on axioms: [propext, Quot.sound]
info: Full/Proofs/TrialExpressionMatch.lean:123:0: 'Full.Proofs.TrialExecution.match_complete' depends on axioms: [propext, Quot.sound]
ℹ [143/155] Replayed Full.Proofs.TrialExpressionMatchDecompose
info: Full/Proofs/TrialExpressionMatchDecompose.lean:317:0: 'Full.Proofs.TrialExecution.eval_match_decompose' depends on axioms: [propext, Quot.sound]
info: Full/Proofs/TrialExpressionMatchDecompose.lean:318:0: 'Full.Proofs.TrialExecution.match_decompose_progress' depends on axioms: [propext, Classical.choice, Quot.sound]
info: Full/Proofs/TrialExpressionMatchDecompose.lean:319:0: 'Full.Proofs.TrialExecution.match_decompose_snapshot' depends on axioms: [propext, Quot.sound]
info: Full/Proofs/TrialExpressionMatchDecompose.lean:320:0: 'Full.Proofs.TrialExecution.match_decompose_unique_nil' depends on axioms: [propext, Classical.choice, Quot.sound]
ℹ [144/155] Replayed Full.Proofs.TrialExpressionMatchUnique
info: Full/Proofs/TrialExpressionMatchUnique.lean:139:0: 'Full.Proofs.TrialExecution.match_decompose_unique' depends on axioms: [propext, Classical.choice, Quot.sound]
ℹ [145/155] Replayed Full.Proofs.TrialExpressionMatchShared
info: Full/Proofs/TrialExpressionMatchShared.lean:247:0: 'Full.Proofs.TrialExecution.match_decompose_shared' depends on axioms: [propext, Classical.choice, Quot.sound]
ℹ [146/155] Replayed Full.Proofs.TrialExpressionMatchFinish
info: Full/Proofs/TrialExpressionMatchFinish.lean:181:0: 'Full.Proofs.TrialExecution.match_finish_filter_tail' depends on axioms: [propext, Classical.choice, Quot.sound]
info: Full/Proofs/TrialExpressionMatchFinish.lean:182:0: 'Full.Proofs.TrialExecution.match_finish_dispose' depends on axioms: [propext, Classical.choice, Quot.sound]
info: Full/Proofs/TrialExpressionMatchFinish.lean:183:0: 'Full.Proofs.TrialExecution.match_finishBranch' depends on axioms: [propext, Classical.choice, Quot.sound]
ℹ [147/155] Replayed Full.Proofs.TrialExpressionMatchEvaluation
info: Full/Proofs/TrialExpressionMatchEvaluation.lean:232:0: 'Full.Proofs.TrialExecution.evaluation_match' depends on axioms: [propext, Classical.choice, Quot.sound]
ℹ [148/155] Replayed Full.Proofs.TrialInitialization
info: Full/Proofs/TrialInitialization.lean:309:0: 'Full.Proofs.TrialInitialization.f6_of_evaluation' depends on axioms: [propext, Classical.choice, Quot.sound]
info: Full/Proofs/TrialInitialization.lean:310:0: 'Full.Proofs.TrialInitialization.check_embed' depends on axioms: [propext, Quot.sound]
info: Full/Proofs/TrialInitialization.lean:311:0: 'Full.Proofs.TrialInitialization.validate_embed' depends on axioms: [propext, Quot.sound]
info: Full/Proofs/TrialInitialization.lean:312:0: 'Full.Proofs.TrialInitialization.valid_start_num' depends on axioms: [propext, Quot.sound]
info: Full/Proofs/TrialInitialization.lean:313:0: 'Full.Proofs.TrialInitialization.begin_success' depends on axioms: [propext, Classical.choice, Quot.sound]
info: Full/Proofs/TrialInitialization.lean:314:0: 'Full.Proofs.TrialInitialization.input_records' depends on axioms: [propext, Quot.sound]
info: Full/Proofs/TrialInitialization.lean:315:0: 'Full.Proofs.TrialInitialization.begin_observe' depends on axioms: [propext, Quot.sound]
info: Full/Proofs/TrialInitialization.lean:316:0: 'Full.Proofs.TrialInitialization.start_step' depends on axioms: [propext, Quot.sound]
info: Full/Proofs/TrialInitialization.lean:317:0: 'Full.Proofs.TrialInitialization.finish_step' depends on axioms: [propext, Quot.sound]
info: Full/Proofs/TrialInitialization.lean:318:0: 'Full.Proofs.TrialInitialization.runner_of_cleanup' depends on axioms: [propext, Quot.sound]
ℹ [149/155] Replayed Full.Proofs.TrialInitialCleanup
info: Full/Proofs/TrialInitialCleanup.lean:52:0: 'Full.Proofs.TrialInitialization.initial_cleanup_bridge' depends on axioms: [propext, Classical.choice, Quot.sound]
ℹ [152/155] Built Full.Proofs.PartialGate (455ms)
info: Full/Proofs/PartialGate.lean:20:0: Full.Proofs.f5 : Full.Statements.F5
info: Full/Proofs/PartialGate.lean:21:0: Full.Proofs.l1 : Full.Statements.L1
info: Full/Proofs/PartialGate.lean:22:0: Full.Proofs.Initial.initialized_invariant (p : Full.Program) (initial : Trial.Start) (first : Full.Counted.State)
  (h : Full.Counted.begin p initial = Except.ok first) : Full.Inspect.invariant initial first = true
info: Full/Proofs/PartialGate.lean:23:0: Full.Proofs.transition_scope (p : Full.Program) (s : Full.Counted.State) (change : Full.Counted.Change)
  (h : Full.Counted.transition p s = Except.ok change) : Full.Inspect.nextScope p s = Except.ok change.state.entered
info: Full/Proofs/PartialGate.lean:24:0: Full.Proofs.lifecycleReachable_outside (p : Full.Program) (initial : Trial.Start) (s : Full.Lifecycle.State)
  (h : Full.Statements.lifecycleReachable p initial s) : s.execution.outside = initial.outside
info: Full/Proofs/PartialGate.lean:25:0: Full.Proofs.destroy_idempotent (s : Full.Lifecycle.State) :
  Full.Lifecycle.destroy (Full.Lifecycle.destroy s) = Full.Lifecycle.destroy s
info: Full/Proofs/PartialGate.lean:26:0: Full.Proofs.destroy_preserves_observations (s : Full.Lifecycle.State) :
  (Full.Lifecycle.destroy s).execution.events = s.execution.events ∧
    (Full.Lifecycle.destroy s).execution.history = s.execution.history ∧
      (Full.Lifecycle.destroy s).execution.mem.record = s.execution.mem.record ∧
        (Full.Lifecycle.destroy s).execution.outside = s.execution.outside
info: Full/Proofs/PartialGate.lean:27:0: Full.Proofs.lifecycleReachable_clears_control (p : Full.Program) (initial : Trial.Start) (s : Full.Lifecycle.State)
  (h : Full.Statements.lifecycleReachable p initial s) :
  (Full.Lifecycle.destroy s).execution.bindings = [] ∧
    (Full.Lifecycle.destroy s).execution.entered = [] ∧
      (Full.Lifecycle.destroy s).execution.slots = [] ∧
        (Full.Lifecycle.destroy s).execution.reservations = [] ∧
          (Full.Lifecycle.destroy s).execution.frames = [] ∧
            (Full.Lifecycle.destroy s).execution.tasks = [] ∧
              (Full.Lifecycle.destroy s).execution.releaseChain = [] ∧
                (Full.Lifecycle.destroy s).execution.answer = none
info: Full/Proofs/PartialGate.lean:28:0: Full.Proofs.lifecycleReachable_cleanup_membership (p : Full.Program) (initial : Trial.Start) (s : Full.Lifecycle.State)
  (h : Full.Statements.lifecycleReachable p initial s) (addr : Nat) :
  addr ∈ (Full.Lifecycle.destroy s).cleanup ↔
    (∃ c, c ∈ s.execution.mem.cells ∧ c.addr = addr) ∧
      ¬∃ c, c ∈ (Full.Lifecycle.destroy s).execution.mem.cells ∧ c.addr = addr
info: Full/Proofs/PartialGate.lean:29:0: 'Full.Proofs.f5' depends on axioms: [propext, Classical.choice, Quot.sound]
info: Full/Proofs/PartialGate.lean:30:0: 'Full.Proofs.l1' depends on axioms: [propext, Quot.sound]
info: Full/Proofs/PartialGate.lean:31:0: 'Full.Proofs.Initial.initialized_invariant' depends on axioms: [propext, Classical.choice, Quot.sound]
info: Full/Proofs/PartialGate.lean:32:0: 'Full.Proofs.transition_scope' depends on axioms: [propext, Classical.choice, Quot.sound]
info: Full/Proofs/PartialGate.lean:33:0: 'Full.Proofs.lifecycleReachable_outside' depends on axioms: [propext, Quot.sound]
info: Full/Proofs/PartialGate.lean:34:0: 'Full.Proofs.destroy_idempotent' depends on axioms: [propext, Quot.sound]
info: Full/Proofs/PartialGate.lean:35:0: 'Full.Proofs.destroy_preserves_observations' depends on axioms: [propext, Quot.sound]
info: Full/Proofs/PartialGate.lean:36:0: 'Full.Proofs.lifecycleReachable_clears_control' depends on axioms: [propext, Quot.sound]
info: Full/Proofs/PartialGate.lean:37:0: 'Full.Proofs.lifecycleReachable_cleanup_membership' depends on axioms: [propext, Quot.sound]
ℹ [153/155] Built Full.Proofs.ProgressGate (305ms)
info: Full/Proofs/ProgressGate.lean:15:0: Full.Proofs.invariant_heap (initial : Trial.Start) (s : Full.Counted.State)
  (h : Full.Inspect.invariant initial s = true) :
  Trial.Proofs.HeapSafe s.mem (Full.Proofs.executionRoots s) ∧
    Trial.Proofs.LivePaths s.mem ∧ Trial.Proofs.FreshBound s.mem
info: Full/Proofs/ProgressGate.lean:16:0: Full.Proofs.free_from_invariant (p : Full.Program) (initial : Trial.Start) (s : Full.Counted.State) (a : Trial.Addr)
  (c : Trial.Cell) (rest : List Full.Counted.Task) (hi : Full.Inspect.invariant initial s = true)
  (ht : s.tasks = Full.Counted.Task.free a :: rest) (hf : s.mem.find? a = some c) (hl : c.status = Trial.Status.live)
  (hz : c.count = 0) :
  ∃ change,
    Full.Counted.transition p s = Except.ok change ∧
      ∀ (t : Full.Counted.State),
        t = change.state ∨ t = Full.Counted.commit change →
          Trial.Proofs.HeapSafe t.mem (Full.Proofs.executionRoots t) ∧
            Trial.Proofs.LivePaths t.mem ∧
              Trial.Proofs.FreshBound t.mem ∧
                (∀ (r : Option Trial.Addr),
                    r ∈ Full.Proofs.executionRoots s →
                      Trial.readBack t.mem (Trial.RawValue.list r) = Trial.readBack s.mem (Trial.RawValue.list r)) ∧
                  Full.Control.decode t = Full.Control.decode s ∧ Full.Control.rank t < Full.Control.rank s
info: Full/Proofs/ProgressGate.lean:17:0: Full.Proofs.transition_effects (p : Full.Program) (s : Full.Counted.State) (change : Full.Counted.Change)
  (ha : s.answer = none) (h : Full.Counted.transition p s = Except.ok change) :
  ∃ effects,
    Full.Inspect.effects s = Except.ok effects ∧
      change.state.events = s.events ++ effects ∧
        change.state.mem.record = s.mem.record ++ Full.Inspect.cellEffects effects
info: Full/Proofs/ProgressGate.lean:18:0: Full.Proofs.SimulationInitial.initial_simulation (p : Full.Program) (initial : Trial.Start) (first : Full.Counted.State)
  (h : Full.Counted.begin p initial = Except.ok first) :
  ∃ plain, Full.Statements.plainBegin p initial = Except.ok plain ∧ Full.Control.decode first = Except.ok plain
info: Full/Proofs/ProgressGate.lean:20:0: 'Full.Proofs.control_env_bindings' depends on axioms: [propext, Quot.sound]
info: Full/Proofs/ProgressGate.lean:21:0: 'Full.Proofs.continuations_bindings' depends on axioms: [propext, Quot.sound]
info: Full/Proofs/ProgressGate.lean:22:0: 'Full.Proofs.focus_bindings' depends on axioms: [propext, Quot.sound]
info: Full/Proofs/ProgressGate.lean:23:0: 'Full.Proofs.callTail_rest_length' depends on axioms: [propext, Quot.sound]
info: Full/Proofs/ProgressGate.lean:24:0: 'Full.Proofs.continuations_fuel' depends on axioms: [propext, Classical.choice, Quot.sound]
info: Full/Proofs/ProgressGate.lean:25:0: 'Full.Proofs.focus_fuel' depends on axioms: [propext, Classical.choice, Quot.sound]
info: Full/Proofs/ProgressGate.lean:26:0: 'Full.Proofs.decode_commit' depends on axioms: [propext, Quot.sound]
info: Full/Proofs/ProgressGate.lean:27:0: 'Full.Proofs.executionRoots_holders' depends on axioms: [propext, Quot.sound]
info: Full/Proofs/ProgressGate.lean:28:0: 'Full.Proofs.invariant_heap' depends on axioms: [propext, Quot.sound]
info: Full/Proofs/ProgressGate.lean:29:0: 'Full.Proofs.invariant_live_edge' depends on axioms: [propext, Quot.sound]
info: Full/Proofs/ProgressGate.lean:30:0: 'Full.Proofs.release_zero' depends on axioms: [propext, Classical.choice, Quot.sound]
info: Full/Proofs/ProgressGate.lean:31:0: 'Full.Proofs.free_transition' depends on axioms: [propext, Quot.sound]
info: Full/Proofs/ProgressGate.lean:32:0: 'Full.Proofs.free_preserves_heap' depends on axioms: [propext, Classical.choice, Quot.sound]
info: Full/Proofs/ProgressGate.lean:33:0: 'Full.Proofs.free_decode' depends on axioms: [propext, Quot.sound]
info: Full/Proofs/ProgressGate.lean:34:0: 'Full.Proofs.free_rank' depends on axioms: [propext, Quot.sound]
info: Full/Proofs/ProgressGate.lean:35:0: 'Full.Proofs.free_from_invariant' depends on axioms: [propext, Classical.choice, Quot.sound]
info: Full/Proofs/ProgressGate.lean:36:0: 'Full.Proofs.SimulationInitial.input_lookup' depends on axioms: [propext, Classical.choice, Quot.sound]
info: Full/Proofs/ProgressGate.lean:37:0: 'Full.Proofs.SimulationInitial.mapM_map_ok' depends on axioms: [propext, Quot.sound]
info: Full/Proofs/ProgressGate.lean:38:0: 'Full.Proofs.SimulationInitial.input_environment' depends on axioms: [propext, Classical.choice, Quot.sound]
info: Full/Proofs/ProgressGate.lean:39:0: 'Full.Proofs.SimulationInitial.focus_giveBinding_prefix' depends on axioms: [propext]
info: Full/Proofs/ProgressGate.lean:40:0: 'Full.Proofs.SimulationInitial.mapM_transfer' depends on axioms: [propext, Quot.sound]
info: Full/Proofs/ProgressGate.lean:41:0: 'Full.Proofs.SimulationInitial.input_values' depends on axioms: [propext, Quot.sound]
info: Full/Proofs/ProgressGate.lean:42:0: 'Full.Proofs.SimulationInitial.dead_is_prefix' depends on axioms: [propext, Quot.sound]
info: Full/Proofs/ProgressGate.lean:43:0: 'Full.Proofs.SimulationInitial.initial_simulation' depends on axioms: [propext, Classical.choice, Quot.sound]
info: Full/Proofs/ProgressGate.lean:44:0: 'Full.Proofs.transition_effects' depends on axioms: [propext, Classical.choice, Quot.sound]
info: Full/Proofs/ProgressGate.lean:45:0: 'Full.Proofs.commit_effects' depends on axioms: [propext, Classical.choice, Quot.sound]
ℹ [154/155] Built Full.Proofs.RankRegression (858ms)
info: Full/Proofs/RankRegression.lean:92:0: 'Full.Proofs.RankRegression.unique_decrease' depends on axioms: [propext, Quot.sound]
info: Full/Proofs/RankRegression.lean:93:0: 'Full.Proofs.RankRegression.shared_decrease' depends on axioms: [propext, Quot.sound]
⚠ [155/155] Built Full.Proofs.TrialExecutionDead (900ms)
warning: Full/Proofs/TrialExecutionDead.lean:114:4: try 'simp' instead of 'simpa'

Note: This linter can be disabled with `set_option linter.unnecessarySimpa false`
info: Full/Proofs/TrialExecutionDead.lean:139:0: 'Full.Proofs.TrialExecutionDead.execute_prefix' depends on axioms: [propext, Classical.choice, Quot.sound]
info: Full/Proofs/TrialExecutionDead.lean:140:0: 'Full.Proofs.TrialExecutionDead.execute_dead' depends on axioms: [propext, Classical.choice, Quot.sound]
info: Full/Proofs/TrialExecutionDead.lean:141:0: 'Full.Proofs.TrialExecutionDead.boundary_fields' depends on axioms: [propext]
info: Full/Proofs/TrialExecutionDead.lean:142:0: 'Full.Proofs.TrialExecutionDead.dead_selection' depends on axioms: [propext, Quot.sound]
info: Full/Proofs/TrialExecutionDead.lean:143:0: 'Full.Proofs.TrialExecutionDead.dead_binding_of_success' depends on axioms: [propext, Classical.choice, Quot.sound]
info: Full/Proofs/TrialExecutionDead.lean:144:0: 'Full.Proofs.TrialExecutionDead.dead_singleton_of_success' depends on axioms: [propext, Classical.choice, Quot.sound]
Build completed successfully (155 jobs).
