'Full.Proofs.l1' depends on axioms: [propext, Quot.sound]
'Full.Proofs.f5' depends on axioms: [propext, Classical.choice, Quot.sound]
'Full.Proofs.Initial.mapM_ok_mem' depends on axioms: [propext, Quot.sound]
'Full.Proofs.Initial.mapM_ok_map' depends on axioms: [propext, Quot.sound]
'Full.Proofs.Initial.begin_shape' depends on axioms: [propext, Quot.sound]
'Full.Proofs.Initial.begin_valid_start' depends on axioms: [propext, Quot.sound]
'Full.Proofs.Initial.begin_memory' depends on axioms: [propext, Quot.sound]
'Full.Proofs.Initial.input_binding_projection' depends on axioms: [propext, Quot.sound]
'Full.Proofs.Initial.begin_scope_ids' depends on axioms: [propext, Quot.sound]
'Full.Proofs.Initial.begin_binding_readable' depends on axioms: [propext, Classical.choice, Quot.sound]
'Full.Proofs.Initial.begin_heap' depends on axioms: [propext, Classical.choice, Quot.sound]
'Full.Proofs.Initial.filterMap_of_mem' depends on axioms: [propext]
'Full.Proofs.Initial.begin_observer' depends on axioms: [propext, Classical.choice, Quot.sound]
'Full.Proofs.Initial.eraseDups_of_nodup' depends on axioms: [propext, Quot.sound]
'Full.Proofs.Initial.begin_identity_checks' depends on axioms: [propext, Classical.choice, Quot.sound]
'Full.Proofs.Initial.begin_binding_protection' depends on axioms: [propext, Classical.choice, Quot.sound]
'Full.Proofs.Initial.begin_outside_protection' depends on axioms: [propext, Classical.choice, Quot.sound]
'Full.Proofs.Initial.find_key_self' depends on axioms: [propext, Classical.choice, Quot.sound]
'Full.Proofs.Initial.begin_edge_protection' depends on axioms: [propext, Classical.choice, Quot.sound]
'Full.Proofs.Initial.begin_protection' depends on axioms: [propext, Classical.choice, Quot.sound]
'Full.Proofs.Initial.input_records_zip' depends on axioms: [propext]
'Full.Proofs.Initial.begin_records' depends on axioms: [propext, Quot.sound]
'Full.Proofs.Initial.full_binding_roots' depends on axioms: [propext, Quot.sound]
'Full.Proofs.Initial.begin_owner_counts' depends on axioms: [propext, Classical.choice, Quot.sound]
'Full.Proofs.Initial.begin_cell_checks' depends on axioms: [propext, Classical.choice, Quot.sound]
'Full.Proofs.Initial.initialized_invariant' depends on axioms: [propext, Classical.choice, Quot.sound]
'Full.Proofs.parameter_scope' depends on axioms: [propext, Classical.choice, Quot.sound]
'Full.Proofs.transition_scope' depends on axioms: [propext, Classical.choice, Quot.sound]
'Full.Proofs.transition_outside' depends on axioms: [propext, Quot.sound]
'Full.Proofs.step_outside' depends on axioms: [propext, Quot.sound]
'Full.Proofs.lifecycle_step_outside' depends on axioms: [propext, Quot.sound]
'Full.Proofs.lifecycle_advance_outside' depends on axioms: [propext, Quot.sound]
'Full.Proofs.lifecycleReachable_outside' depends on axioms: [propext, Quot.sound]
'Full.Proofs.destroy_idempotent' depends on axioms: [propext, Quot.sound]
'Full.Proofs.destroy_destroyed' depends on axioms: [propext, Quot.sound]
'Full.Proofs.destroy_preserves_observations' depends on axioms: [propext, Quot.sound]
'Full.Proofs.destroy_clears_control' depends on axioms: [propext, Quot.sound]
'Full.Proofs.destroy_cleanup_membership' depends on axioms: [propext, Quot.sound]
'Full.Proofs.lifecycle_step_preserves_destruction_metadata' depends on axioms: [propext, Quot.sound]
'Full.Proofs.lifecycle_advance_preserves_destruction_metadata' depends on axioms: [propext, Quot.sound]
'Full.Proofs.lifecycleReachable_destruction_metadata' depends on axioms: [propext, Quot.sound]
'Full.Proofs.lifecycleReachable_cleanup_membership' depends on axioms: [propext, Quot.sound]
'Full.Proofs.lifecycleReachable_clears_control' depends on axioms: [propext, Quot.sound]
